Component: ARM Compiler 5.06 update 7 (build 960) Tool: armlink [4d3601]

==============================================================================

Section Cross References

    main.o(i.main) refers to system_stm32f10x.o(i.SystemInit) for SystemInit
    main.o(i.main) refers to rt_memclr_w.o(.text) for __aeabi_memclr4
    main.o(i.main) refers to delay.o(i.SysTick_Init) for SysTick_Init
    main.o(i.main) refers to usart.o(i.USART1_Config) for USART1_Config
    main.o(i.main) refers to motor.o(i.TIM2_PWM_Init) for TIM2_PWM_Init
    main.o(i.main) refers to motor.o(i.MOTOR_GPIO_Config) for MOTOR_GPIO_Config
    main.o(i.main) refers to adc.o(i.Adc_Init) for Adc_Init
    main.o(i.main) refers to i2c.o(i.i2cInit) for i2cInit
    main.o(i.main) refers to usart.o(i.USART1_Printf) for USART1_Printf
    main.o(i.main) refers to delay.o(i.delay_ms) for delay_ms
    main.o(i.main) refers to mpu6050.o(i.MPU6050_Init) for MPU6050_Init
    main.o(i.main) refers to encoder.o(i.Left_Encoder_Init) for Left_Encoder_Init
    main.o(i.main) refers to encoder.o(i.Right_Encoder_Init) for Right_Encoder_Init
    main.o(i.main) refers to timer.o(i.Timerx_Init) for Timerx_Init
    main.o(i.main) refers to mpu6050.o(i.MPU6050_Pose) for MPU6050_Pose
    main.o(i.main) refers to encoder.o(i.Robot_Encoder_Get_CNT) for Robot_Encoder_Get_CNT
    main.o(i.main) refers to pid.o(i.Pid_Control_speed) for Pid_Control_speed
    main.o(i.main) refers to pid.o(.bss) for Left_moto
    stm32f10x_it.o(i.SysTick_Handler) refers to encoder.o(i.Robot_Encoder_Get_CNT) for Robot_Encoder_Get_CNT
    startup_stm32f10x_md.o(STACK) refers (Special) to heapauxi.o(.text) for __use_two_region_memory
    startup_stm32f10x_md.o(HEAP) refers (Special) to heapauxi.o(.text) for __use_two_region_memory
    startup_stm32f10x_md.o(RESET) refers (Special) to heapauxi.o(.text) for __use_two_region_memory
    startup_stm32f10x_md.o(RESET) refers to startup_stm32f10x_md.o(STACK) for __initial_sp
    startup_stm32f10x_md.o(RESET) refers to startup_stm32f10x_md.o(.text) for Reset_Handler
    startup_stm32f10x_md.o(RESET) refers to stm32f10x_it.o(i.NMI_Handler) for NMI_Handler
    startup_stm32f10x_md.o(RESET) refers to stm32f10x_it.o(i.HardFault_Handler) for HardFault_Handler
    startup_stm32f10x_md.o(RESET) refers to stm32f10x_it.o(i.MemManage_Handler) for MemManage_Handler
    startup_stm32f10x_md.o(RESET) refers to stm32f10x_it.o(i.BusFault_Handler) for BusFault_Handler
    startup_stm32f10x_md.o(RESET) refers to stm32f10x_it.o(i.UsageFault_Handler) for UsageFault_Handler
    startup_stm32f10x_md.o(RESET) refers to stm32f10x_it.o(i.SVC_Handler) for SVC_Handler
    startup_stm32f10x_md.o(RESET) refers to stm32f10x_it.o(i.DebugMon_Handler) for DebugMon_Handler
    startup_stm32f10x_md.o(RESET) refers to stm32f10x_it.o(i.PendSV_Handler) for PendSV_Handler
    startup_stm32f10x_md.o(RESET) refers to stm32f10x_it.o(i.SysTick_Handler) for SysTick_Handler
    startup_stm32f10x_md.o(RESET) refers to timer.o(i.TIM1_UP_IRQHandler) for TIM1_UP_IRQHandler
    startup_stm32f10x_md.o(RESET) refers to encoder.o(i.TIM3_IRQHandler) for TIM3_IRQHandler
    startup_stm32f10x_md.o(RESET) refers to encoder.o(i.TIM4_IRQHandler) for TIM4_IRQHandler
    startup_stm32f10x_md.o(RESET) refers to usart.o(i.USART1_IRQHandler) for USART1_IRQHandler
    startup_stm32f10x_md.o(.text) refers (Special) to heapauxi.o(.text) for __use_two_region_memory
    startup_stm32f10x_md.o(.text) refers to system_stm32f10x.o(i.SystemInit) for SystemInit
    startup_stm32f10x_md.o(.text) refers to __main.o(!!!main) for __main
    startup_stm32f10x_md.o(.text) refers to startup_stm32f10x_md.o(HEAP) for Heap_Mem
    startup_stm32f10x_md.o(.text) refers to startup_stm32f10x_md.o(STACK) for Stack_Mem
    system_stm32f10x.o(i.SetSysClock) refers to system_stm32f10x.o(i.SetSysClockTo72) for SetSysClockTo72
    system_stm32f10x.o(i.SystemCoreClockUpdate) refers to system_stm32f10x.o(.data) for SystemCoreClock
    system_stm32f10x.o(i.SystemInit) refers to system_stm32f10x.o(i.SetSysClock) for SetSysClock
    stm32f10x_adc.o(i.ADC_DeInit) refers to stm32f10x_rcc.o(i.RCC_APB2PeriphResetCmd) for RCC_APB2PeriphResetCmd
    stm32f10x_bkp.o(i.BKP_DeInit) refers to stm32f10x_rcc.o(i.RCC_BackupResetCmd) for RCC_BackupResetCmd
    stm32f10x_can.o(i.CAN_DeInit) refers to stm32f10x_rcc.o(i.RCC_APB1PeriphResetCmd) for RCC_APB1PeriphResetCmd
    stm32f10x_can.o(i.CAN_GetITStatus) refers to stm32f10x_can.o(i.CheckITStatus) for CheckITStatus
    stm32f10x_cec.o(i.CEC_DeInit) refers to stm32f10x_rcc.o(i.RCC_APB1PeriphResetCmd) for RCC_APB1PeriphResetCmd
    stm32f10x_dac.o(i.DAC_DeInit) refers to stm32f10x_rcc.o(i.RCC_APB1PeriphResetCmd) for RCC_APB1PeriphResetCmd
    stm32f10x_flash.o(i.FLASH_EnableWriteProtection) refers to stm32f10x_flash.o(i.FLASH_WaitForLastOperation) for FLASH_WaitForLastOperation
[...]
    i.dmp_set_tap_time                       0x08003a0c   Section        0  inv_mpu_dmp_motion_driver.o(i.dmp_set_tap_time)
    i.dmp_set_tap_time_multi                 0x08003a32   Section        0  inv_mpu_dmp_motion_driver.o(i.dmp_set_tap_time_multi)
    i.get_accel_prod_shift                   0x08003a58   Section        0  inv_mpu.o(i.get_accel_prod_shift)
    get_accel_prod_shift                     0x08003a59   Thumb Code   168  inv_mpu.o(i.get_accel_prod_shift)
    i.get_ms                                 0x08003b0c   Section        0  delay.o(i.get_ms)
    i.get_st_biases                          0x08003b10   Section        0  inv_mpu.o(i.get_st_biases)
    get_st_biases                            0x08003b11   Thumb Code  1128  inv_mpu.o(i.get_st_biases)
    i.gyro_self_test                         0x08003f7c   Section        0  inv_mpu.o(i.gyro_self_test)
    gyro_self_test                           0x08003f7d   Thumb Code   256  inv_mpu.o(i.gyro_self_test)
    i.i2cInit                                0x0800408c   Section        0  i2c.o(i.i2cInit)
    i.i2cRead                                0x080040b8   Section        0  i2c.o(i.i2cRead)
    i.i2cWriteBuffer                         0x08004130   Section        0  i2c.o(i.i2cWriteBuffer)
    i.i2cread                                0x08004194   Section        0  i2c.o(i.i2cread)
    i.i2cwrite                               0x080041ba   Section        0  i2c.o(i.i2cwrite)
    i.inv_orientation_matrix_to_scalar       0x080041e0   Section        0  inv_mpu_dmp_motion_driver.o(i.inv_orientation_matrix_to_scalar)
    i.inv_row_2_scale                        0x08004208   Section        0  inv_mpu_dmp_motion_driver.o(i.inv_row_2_scale)
    inv_row_2_scale                          0x08004209   Thumb Code    78  inv_mpu_dmp_motion_driver.o(i.inv_row_2_scale)
    i.itoa                                   0x08004256   Section        0  usart.o(i.itoa)
    itoa                                     0x08004257   Thumb Code    98  usart.o(i.itoa)
    i.main                                   0x080042b8   Section        0  main.o(i.main)
    i.mpu_configure_fifo                     0x08004398   Section        0  inv_mpu.o(i.mpu_configure_fifo)
    i.mpu_get_accel_fsr                      0x08004408   Section        0  inv_mpu.o(i.mpu_get_accel_fsr)
    i.mpu_get_accel_sens                     0x08004454   Section        0  inv_mpu.o(i.mpu_get_accel_sens)
    i.mpu_get_fifo_config                    0x080044a8   Section        0  inv_mpu.o(i.mpu_get_fifo_config)
    i.mpu_get_gyro_fsr                       0x080044b8   Section        0  inv_mpu.o(i.mpu_get_gyro_fsr)
    i.mpu_get_gyro_sens                      0x080044fc   Section        0  inv_mpu.o(i.mpu_get_gyro_sens)
    i.mpu_get_lpf                            0x0800454c   Section        0  inv_mpu.o(i.mpu_get_lpf)
    i.mpu_get_sample_rate                    0x0800459c   Section        0  inv_mpu.o(i.mpu_get_sample_rate)
    i.mpu_init                               0x080045bc   Section        0  inv_mpu.o(i.mpu_init)
    i.mpu_load_firmware                      0x0800474c   Section        0  inv_mpu.o(i.mpu_load_firmware)
    i.mpu_lp_accel_mode                      0x08004804   Section        0  inv_mpu.o(i.mpu_lp_accel_mode)
    i.mpu_read_fifo_stream                   0x080048e4   Section        0  inv_mpu.o(i.mpu_read_fifo_stream)
    i.mpu_read_mem                           0x080049a4   Section        0  inv_mpu.o(i.mpu_read_mem)
    i.mpu_reset_fifo                         0x08004a24   Section        0  inv_mpu.o(i.mpu_reset_fifo)
    i.mpu_run_self_test                      0x08004bec   Section        0  inv_mpu.o(i.mpu_run_self_test)
    i.mpu_set_accel_fsr                      0x08004d08   Section        0  inv_mpu.o(i.mpu_set_accel_fsr)
    i.mpu_set_bypass                         0x08004d8c   Section        0  inv_mpu.o(i.mpu_set_bypass)
    i.mpu_set_dmp_state                      0x08004ed8   Section        0  inv_mpu.o(i.mpu_set_dmp_state)
    i.mpu_set_gyro_fsr                       0x08004f68   Section        0  inv_mpu.o(i.mpu_set_gyro_fsr)
    i.mpu_set_int_latched                    0x08004ff0   Section        0  inv_mpu.o(i.mpu_set_int_latched)
    i.mpu_set_lpf                            0x0800505c   Section        0  inv_mpu.o(i.mpu_set_lpf)
    i.mpu_set_sample_rate                    0x080050e0   Section        0  inv_mpu.o(i.mpu_set_sample_rate)
    i.mpu_set_sensors                        0x0800517c   Section        0  inv_mpu.o(i.mpu_set_sensors)
    i.mpu_write_mem                          0x0800524c   Section        0  inv_mpu.o(i.mpu_write_mem)
    i.run_self_test                          0x080052cc   Section        0  inv_mpu_dmp_motion_driver.o(i.run_self_test)
    i.set_int_enable                         0x08005388   Section        0  inv_mpu.o(i.set_int_enable)
    set_int_enable                           0x08005389   Thumb Code   138  inv_mpu.o(i.set_int_enable)
    i.sqrt                                   0x08005418   Section        0  sqrt.o(i.sqrt)
    x$fpl$d2f                                0x08005464   Section       98  d2f.o(x$fpl$d2f)
    x$fpl$dadd                               0x080054c8   Section      336  daddsub_clz.o(x$fpl$dadd)
    _dadd1                                   0x080054d9   Thumb Code     0  daddsub_clz.o(x$fpl$dadd)
    x$fpl$dcheck1                            0x08005618   Section       16  dcheck1.o(x$fpl$dcheck1)
    x$fpl$dcmpinf                            0x08005628   Section       24  dcmpi.o(x$fpl$dcmpinf)
    x$fpl$ddiv                               0x08005640   Section      688  ddiv.o(x$fpl$ddiv)
    ddiv_entry                               0x08005647   Thumb Code     0  ddiv.o(x$fpl$ddiv)
    x$fpl$deqf                               0x080058f0   Section      120  deqf.o(x$fpl$deqf)
    x$fpl$dmul                               0x08005968   Section      340  dmul.o(x$fpl$dmul)
    x$fpl$dnaninf                            0x08005abc   Section      156  dnaninf.o(x$fpl$dnaninf)
    x$fpl$dretinf                            0x08005b58   Section       12  dretinf.o(x$fpl$dretinf)
    x$fpl$drsb                               0x08005b64   Section       22  daddsub_clz.o(x$fpl$drsb)
    x$fpl$dsqrt                              0x08005b7c   Section      460  dsqrt_noumaal.o(x$fpl$dsqrt)
    x$fpl$dsub                               0x08005d48   Section      468  daddsub_clz.o(x$fpl$dsub)
    _dsub1                                   0x08005d59   Thumb Code     0  daddsub_clz.o(x$fpl$dsub)
    x$fpl$f2d                                0x08005f1c   Section       86  f2d.o(x$fpl$f2d)
    x$fpl$fadd                               0x08005f74   Section      196  faddsub_clz.o(x$fpl$fadd)
    _fadd1                                   0x08005f83   Thumb Code     0  faddsub_clz.o(x$fpl$fadd)
    x$fpl$fcmpinf                            0x08006038   Section       24  fcmpi.o(x$fpl$fcmpinf)
    x$fpl$fdiv                               0x08006050   Section      388  fdiv.o(x$fpl$fdiv)
    _fdiv1                                   0x08006051   Thumb Code     0  fdiv.o(x$fpl$fdiv)
    x$fpl$feqf                               0x080061d4   Section      104  feqf.o(x$fpl$feqf)
    x$fpl$ffix                               0x0800623c   Section       54  ffix.o(x$fpl$ffix)
    x$fpl$ffixu                              0x08006274   Section       62  ffixu.o(x$fpl$ffixu)
    x$fpl$fflt                               0x080062b4   Section       48  fflt_clz.o(x$fpl$fflt)
    x$fpl$ffltu                              0x080062e4   Section       38  fflt_clz.o(x$fpl$ffltu)
    x$fpl$fleqf                              0x0800630c   Section      104  fleqf.o(x$fpl$fleqf)
    x$fpl$fmul                               0x08006374   Section      258  fmul.o(x$fpl$fmul)
    x$fpl$fnaninf                            0x08006476   Section      140  fnaninf.o(x$fpl$fnaninf)
    x$fpl$fretinf                            0x08006502   Section       10  fretinf.o(x$fpl$fretinf)
    x$fpl$frleqf                             0x0800650c   Section       98  frleqf.o(x$fpl$frleqf)
    x$fpl$frsb                               0x0800656e   Section       20  faddsub_clz.o(x$fpl$frsb)
    x$fpl$fsub                               0x08006584   Section      234  faddsub_clz.o(x$fpl$fsub)
    _fsub1                                   0x08006593   Thumb Code     0  faddsub_clz.o(x$fpl$fsub)
    x$fpl$retnan                             0x0800666e   Section      100  retnan.o(x$fpl$retnan)
    x$fpl$scalbn                             0x080066d2   Section       92  scalbn.o(x$fpl$scalbn)
    x$fpl$trapveneer                         0x0800672e   Section       48  trapv.o(x$fpl$trapveneer)
    x$fpl$usenofp                            0x0800675e   Section        0  usenofp.o(x$fpl$usenofp)
    .constdata                               0x08006760   Section       80  inv_mpu.o(.constdata)
    .constdata                               0x080067b0   Section     3062  inv_mpu_dmp_motion_driver.o(.constdata)
    dmp_memory                               0x080067b0   Data        3062  inv_mpu_dmp_motion_driver.o(.constdata)
    .constdata                               0x080073a8   Section       80  asin.o(.constdata)
    pS                                       0x080073a8   Data          48  asin.o(.constdata)
    qS                                       0x080073d8   Data          32  asin.o(.constdata)
    .constdata                               0x080073f8   Section      152  atan.o(.constdata)
    atanhi                                   0x080073f8   Data          32  atan.o(.constdata)
    atanlo                                   0x08007418   Data          32  atan.o(.constdata)
    aTodd                                    0x08007438   Data          40  atan.o(.constdata)
    aTeven                                   0x08007460   Data          48  atan.o(.constdata)
    .constdata                               0x08007490   Section        8  qnan.o(.constdata)
    .data                                    0x20000000   Section       20  system_stm32f10x.o(.data)
    .data                                    0x20000014   Section       20  stm32f10x_rcc.o(.data)
    APBAHBPrescTable                         0x20000014   Data          16  stm32f10x_rcc.o(.data)
    ADCPrescTable                            0x20000024   Data           4  stm32f10x_rcc.o(.data)
    .data                                    0x20000028   Section        1  usart.o(.data)
    .data                                    0x2000002c   Section       12  delay.o(.data)
    fac_us                                   0x2000002c   Data           1  delay.o(.data)
    fac_ms                                   0x2000002e   Data           2  delay.o(.data)
    timestamp                                0x20000030   Data           4  delay.o(.data)
    TimingDelay                              0x20000034   Data           4  delay.o(.data)
    .data                                    0x20000038   Section       59  mpu6050.o(.data)
    gyro_orientation                         0x20000038   Data           9  mpu6050.o(.data)
    .data                                    0x20000074   Section        4  timer.o(.data)
    .data                                    0x20000078   Section       12  encoder.o(.data)
    .data                                    0x20000084   Section       44  inv_mpu.o(.data)
    st                                       0x20000084   Data          44  inv_mpu.o(.data)
    .bss                                     0x200000b0   Section       66  usart.o(.bss)
    .bss                                     0x200000f4   Section       16  mpu6050.o(.bss)
    .bss                                     0x20000104   Section       48  pid.o(.bss)
    .bss                                     0x20000134   Section       16  inv_mpu_dmp_motion_driver.o(.bss)
    dmp                                      0x20000134   Data          16  inv_mpu_dmp_motion_driver.o(.bss)
    .bss                                     0x20000144   Section       96  libspace.o(.bss)
    HEAP                                     0x200001a8   Section      512  startup_stm32f10x_md.o(HEAP)
    Heap_Mem                                 0x200001a8   Data         512  startup_stm32f10x_md.o(HEAP)
    STACK                                    0x200003a8   Section     1024  startup_stm32f10x_md.o(STACK)
    Stack_Mem                                0x200003a8   Data        1024  startup_stm32f10x_md.o(STACK)
    __initial_sp                             0x200007a8   Data           0  startup_stm32f10x_md.o(STACK)

    Global Symbols

    Symbol Name                              Value     Ov Type        Size  Object(Section)

    BuildAttributes$$THM_ISAv4$P$D$K$B$S$PE$A:L22UL41UL21$X:L11$S22US41US21$IEEE1$IW$USESV6$~STKCKD$USESV7$~SHL$OTIME$ROPI$IEEEX$EBA8$UX$STANDARDLIB$REQ8$PRES8$EABIv2 0x00000000   Number         0  anon$$obj.o ABSOLUTE
    __ARM_use_no_argv                        0x00000000   Number         0  main.o ABSOLUTE
    __ARM_exceptions_init                     - Undefined Weak Reference
    __alloca_initialize                       - Undefined Weak Reference
    __arm_fini_                               - Undefined Weak Reference
    __arm_preinit_                            - Undefined Weak Reference
    __cpp_initialize__aeabi_                  - Undefined Weak Reference
    __cxa_finalize                            - Undefined Weak Reference
    __rt_locale                               - Undefined Weak Reference
    __sigvec_lookup                           - Undefined Weak Reference
    _atexit_init                              - Undefined Weak Reference
    _call_atexit_fns                          - Undefined Weak Reference
    _clock_init                               - Undefined Weak Reference
    _fp_trap_init                             - Undefined Weak Reference
    _fp_trap_shutdown                         - Undefined Weak Reference
    _get_lc_collate                           - Undefined Weak Reference
    _get_lc_ctype                             - Undefined Weak Reference
    _get_lc_monetary                          - Undefined Weak Reference
    _get_lc_numeric                           - Undefined Weak Reference
    _get_lc_time                              - Undefined Weak Reference
    _getenv_init                              - Undefined Weak Reference
    _handle_redirection                       - Undefined Weak Reference
    _init_alloc                               - Undefined Weak Reference
    _init_user_alloc                          - Undefined Weak Reference
    _initio                                   - Undefined Weak Reference
    _rand_init                                - Undefined Weak Reference
    _signal_finish                            - Undefined Weak Reference
    _signal_init                              - Undefined Weak Reference
    _terminate_alloc                          - Undefined Weak Reference
    _terminate_user_alloc                     - Undefined Weak Reference
    _terminateio                              - Undefined Weak Reference
    __Vectors_Size                           0x000000ec   Number         0  startup_stm32f10x_md.o ABSOLUTE
    __Vectors                                0x08000000   Data           4  startup_stm32f10x_md.o(RESET)
    __Vectors_End                            0x080000ec   Data           0  startup_stm32f10x_md.o(RESET)
    __main                                   0x080000ed   Thumb Code     8  __main.o(!!!main)
    __scatterload                            0x080000f5   Thumb Code     0  __scatter.o(!!!scatter)
    __scatterload_rt2                        0x080000f5   Thumb Code    44  __scatter.o(!!!scatter)
    __scatterload_rt2_thumb_only             0x080000f5   Thumb Code     0  __scatter.o(!!!scatter)
    __scatterload_null                       0x08000103   Thumb Code     0  __scatter.o(!!!scatter)
    __scatterload_copy                       0x08000129   Thumb Code    26  __scatter_copy.o(!!handler_copy)
    __scatterload_zeroinit                   0x08000145   Thumb Code    28  __scatter_zi.o(!!handler_zi)
    __rt_lib_init                            0x08000161   Thumb Code     0  libinit.o(.ARM.Collect$$libinit$$00000000)
    __rt_lib_init_alloca_1                   0x08000163   Thumb Code     0  libinit2.o(.ARM.Collect$$libinit$$0000002E)
    __rt_lib_init_argv_1                     0x08000163   Thumb Code     0  libinit2.o(.ARM.Collect$$libinit$$0000002C)
    __rt_lib_init_atexit_1                   0x08000163   Thumb Code     0  libinit2.o(.ARM.Collect$$libinit$$0000001B)
    __rt_lib_init_clock_1                    0x08000163   Thumb Code     0  libinit2.o(.ARM.Collect$$libinit$$00000021)
    __rt_lib_init_cpp_1                      0x08000163   Thumb Code     0  libinit2.o(.ARM.Collect$$libinit$$00000032)
    __rt_lib_init_exceptions_1               0x08000163   Thumb Code     0  libinit2.o(.ARM.Collect$$libinit$$00000030)
    __rt_lib_init_fp_1                       0x08000163   Thumb Code     0  libinit2.o(.ARM.Collect$$libinit$$00000002)
    __rt_lib_init_fp_trap_1                  0x08000163   Thumb Code     0  libinit2.o(.ARM.Collect$$libinit$$0000001F)
    __rt_lib_init_getenv_1                   0x08000163   Thumb Code     0  libinit2.o(.ARM.Collect$$libinit$$00000023)
    __rt_lib_init_heap_1                     0x08000163   Thumb Code     0  libinit2.o(.ARM.Collect$$libinit$$0000000A)
    __rt_lib_init_lc_collate_1               0x08000163   Thumb Code     0  libinit2.o(.ARM.Collect$$libinit$$00000011)
    __rt_lib_init_lc_ctype_1                 0x08000163   Thumb Code     0  libinit2.o(.ARM.Collect$$libinit$$00000013)
    __rt_lib_init_lc_monetary_1              0x08000163   Thumb Code     0  libinit2.o(.ARM.Collect$$libinit$$00000015)
    __rt_lib_init_lc_numeric_1               0x08000163   Thumb Code     0  libinit2.o(.ARM.Collect$$libinit$$00000017)
    __rt_lib_init_lc_time_1                  0x08000163   Thumb Code     0  libinit2.o(.ARM.Collect$$libinit$$00000019)
    __rt_lib_init_preinit_1                  0x08000163   Thumb Code     0  libinit2.o(.ARM.Collect$$libinit$$00000004)
    __rt_lib_init_rand_1                     0x08000163   Thumb Code     0  libinit2.o(.ARM.Collect$$libinit$$0000000E)
    __rt_lib_init_return                     0x08000163   Thumb Code     0  libinit2.o(.ARM.Collect$$libinit$$00000033)
    __rt_lib_init_signal_1                   0x08000163   Thumb Code     0  libinit2.o(.ARM.Collect$$libinit$$0000001D)
    __rt_lib_init_stdio_1                    0x08000163   Thumb Code     0  libinit2.o(.ARM.Collect$$libinit$$00000025)
    __rt_lib_init_user_alloc_1               0x08000163   Thumb Code     0  libinit2.o(.ARM.Collect$$libinit$$0000000C)
    __rt_lib_shutdown                        0x08000165   Thumb Code     0  libshutdown.o(.ARM.Collect$$libshutdown$$00000000)
    __rt_lib_shutdown_cpp_1                  0x08000167   Thumb Code     0  libshutdown2.o(.ARM.Collect$$libshutdown$$00000004)
    __rt_lib_shutdown_fini_1                 0x08000167   Thumb Code     0  libshutdown2.o(.ARM.Collect$$libshutdown$$00000002)
    __rt_lib_shutdown_fp_trap_1              0x08000167   Thumb Code     0  libshutdown2.o(.ARM.Collect$$libshutdown$$00000009)
    __rt_lib_shutdown_heap_1                 0x08000167   Thumb Code     0  libshutdown2.o(.ARM.Collect$$libshutdown$$00000011)
    __rt_lib_shutdown_return                 0x08000167   Thumb Code     0  libshutdown2.o(.ARM.Collect$$libshutdown$$00000012)
    __rt_lib_shutdown_signal_1               0x08000167   Thumb Code     0  libshutdown2.o(.ARM.Collect$$libshutdown$$0000000C)
    __rt_lib_shutdown_stdio_1                0x08000167   Thumb Code     0  libshutdown2.o(.ARM.Collect$$libshutdown$$00000006)
    __rt_lib_shutdown_user_alloc_1           0x08000167   Thumb Code     0  libshutdown2.o(.ARM.Collect$$libshutdown$$0000000E)
    __rt_entry                               0x08000169   Thumb Code     0  __rtentry.o(.ARM.Collect$$rtentry$$00000000)
    __rt_entry_presh_1                       0x08000169   Thumb Code     0  __rtentry2.o(.ARM.Collect$$rtentry$$00000002)
    __rt_entry_sh                            0x08000169   Thumb Code     0  __rtentry4.o(.ARM.Collect$$rtentry$$00000004)
    __rt_entry_li                            0x0800016f   Thumb Code     0  __rtentry2.o(.ARM.Collect$$rtentry$$0000000A)
    __rt_entry_postsh_1                      0x0800016f   Thumb Code     0  __rtentry2.o(.ARM.Collect$$rtentry$$00000009)
    __rt_entry_main                          0x08000173   Thumb Code     0  __rtentry2.o(.ARM.Collect$$rtentry$$0000000D)
    __rt_entry_postli_1                      0x08000173   Thumb Code     0  __rtentry2.o(.ARM.Collect$$rtentry$$0000000C)
    __rt_exit                                0x0800017b   Thumb Code     0  rtexit.o(.ARM.Collect$$rtexit$$00000000)
    __rt_exit_ls                             0x0800017d   Thumb Code     0  rtexit2.o(.ARM.Collect$$rtexit$$00000003)
    __rt_exit_prels_1                        0x0800017d   Thumb Code     0  rtexit2.o(.ARM.Collect$$rtexit$$00000002)
    __rt_exit_exit                           0x08000181   Thumb Code     0  rtexit2.o(.ARM.Collect$$rtexit$$00000004)
    Reset_Handler                            0x08000189   Thumb Code     8  startup_stm32f10x_md.o(.text)
    ADC1_2_IRQHandler                        0x080001a3   Thumb Code     0  startup_stm32f10x_md.o(.text)
    CAN1_RX1_IRQHandler                      0x080001a3   Thumb Code     0  startup_stm32f10x_md.o(.text)
    CAN1_SCE_IRQHandler                      0x080001a3   Thumb Code     0  startup_stm32f10x_md.o(.text)
    DMA1_Channel1_IRQHandler                 0x080001a3   Thumb Code     0  startup_stm32f10x_md.o(.text)
    DMA1_Channel2_IRQHandler                 0x080001a3   Thumb Code     0  startup_stm32f10x_md.o(.text)
    DMA1_Channel3_IRQHandler                 0x080001a3   Thumb Code     0  startup_stm32f10x_md.o(.text)
    DMA1_Channel4_IRQHandler                 0x080001a3   Thumb Code     0  startup_stm32f10x_md.o(.text)
    DMA1_Channel5_IRQHandler                 0x080001a3   Thumb Code     0  startup_stm32f10x_md.o(.text)
    DMA1_Channel6_IRQHandler                 0x080001a3   Thumb Code     0  startup_stm32f10x_md.o(.text)
    DMA1_Channel7_IRQHandler                 0x080001a3   Thumb Code     0  startup_stm32f10x_md.o(.text)
    EXTI0_IRQHandler                         0x080001a3   Thumb Code     0  startup_stm32f10x_md.o(.text)
    EXTI15_10_IRQHandler                     0x080001a3   Thumb Code     0  startup_stm32f10x_md.o(.text)
    EXTI1_IRQHandler                         0x080001a3   Thumb Code     0  startup_stm32f10x_md.o(.text)
    EXTI2_IRQHandler                         0x080001a3   Thumb Code     0  startup_stm32f10x_md.o(.text)
    EXTI3_IRQHandler                         0x080001a3   Thumb Code     0  startup_stm32f10x_md.o(.text)
    EXTI4_IRQHandler                         0x080001a3   Thumb Code     0  startup_stm32f10x_md.o(.text)
    EXTI9_5_IRQHandler                       0x080001a3   Thumb Code     0  startup_stm32f10x_md.o(.text)
    FLASH_IRQHandler                         0x080001a3   Thumb Code     0  startup_stm32f10x_md.o(.text)
    I2C1_ER_IRQHandler                       0x080001a3   Thumb Code     0  startup_stm32f10x_md.o(.text)
    I2C1_EV_IRQHandler                       0x080001a3   Thumb Code     0  startup_stm32f10x_md.o(.text)
    I2C2_ER_IRQHandler                       0x080001a3   Thumb Code     0  startup_stm32f10x_md.o(.text)
    I2C2_EV_IRQHandler                       0x080001a3   Thumb Code     0  startup_stm32f10x_md.o(.text)
    PVD_IRQHandler                           0x080001a3   Thumb Code     0  startup_stm32f10x_md.o(.text)
    RCC_IRQHandler                           0x080001a3   Thumb Code     0  startup_stm32f10x_md.o(.text)
    RTCAlarm_IRQHandler                      0x080001a3   Thumb Code     0  startup_stm32f10x_md.o(.text)
    RTC_IRQHandler                           0x080001a3   Thumb Code     0  startup_stm32f10x_md.o(.text)
    SPI1_IRQHandler                          0x080001a3   Thumb Code     0  startup_stm32f10x_md.o(.text)
    SPI2_IRQHandler                          0x080001a3   Thumb Code     0  startup_stm32f10x_md.o(.text)
    TAMPER_IRQHandler                        0x080001a3   Thumb Code     0  startup_stm32f10x_md.o(.text)
    TIM1_BRK_IRQHandler                      0x080001a3   Thumb Code     0  startup_stm32f10x_md.o(.text)
    TIM1_CC_IRQHandler                       0x080001a3   Thumb Code     0  startup_stm32f10x_md.o(.text)
    TIM1_TRG_COM_IRQHandler                  0x080001a3   Thumb Code     0  startup_stm32f10x_md.o(.text)
    TIM2_IRQHandler                          0x080001a3   Thumb Code     0  startup_stm32f10x_md.o(.text)
    USART2_IRQHandler                        0x080001a3   Thumb Code     0  startup_stm32f10x_md.o(.text)
    USART3_IRQHandler                        0x080001a3   Thumb Code     0  startup_stm32f10x_md.o(.text)
    USBWakeUp_IRQHandler                     0x080001a3   Thumb Code     0  startup_stm32f10x_md.o(.text)
    USB_HP_CAN1_TX_IRQHandler                0x080001a3   Thumb Code     0  startup_stm32f10x_md.o(.text)
    USB_LP_CAN1_RX0_IRQHandler               0x080001a3   Thumb Code     0  startup_stm32f10x_md.o(.text)
    WWDG_IRQHandler                          0x080001a3   Thumb Code     0  startup_stm32f10x_md.o(.text)
    __user_initial_stackheap                 0x080001a5   Thumb Code     0  startup_stm32f10x_md.o(.text)
    __aeabi_ldivmod                          0x080001c9   Thumb Code     0  llsdiv.o(.text)
    _ll_sdiv                                 0x080001c9   Thumb Code    72  llsdiv.o(.text)
    memcmp                                   0x08000211   Thumb Code    88  memcmp.o(.text)
    __aeabi_memset                           0x08000269   Thumb Code    16  aeabi_memset.o(.text)
    __aeabi_memclr4                          0x08000279   Thumb Code     0  rt_memclr_w.o(.text)
    __aeabi_memclr8                          0x08000279   Thumb Code     0  rt_memclr_w.o(.text)
    __rt_memclr_w                            0x08000279   Thumb Code    78  rt_memclr_w.o(.text)
    _memset_w                                0x0800027d   Thumb Code     0  rt_memclr_w.o(.text)
    __use_two_region_memory                  0x080002c7   Thumb Code     2  heapauxi.o(.text)
    __rt_heap_escrow$2region                 0x080002c9   Thumb Code     2  heapauxi.o(.text)
    __rt_heap_expand$2region                 0x080002cb   Thumb Code     2  heapauxi.o(.text)
    __aeabi_uldivmod                         0x080002cd   Thumb Code     0  lludivv7m.o(.text)
    _ll_udiv                                 0x080002cd   Thumb Code   238  lludivv7m.o(.text)
    __read_errno                             0x080003bb   Thumb Code    10  _rserrno.o(.text)
    __set_errno                              0x080003c5   Thumb Code    12  _rserrno.o(.text)
    __aeabi_memclr                           0x080003d1   Thumb Code     0  rt_memclr.o(.text)
    __rt_memclr                              0x080003d1   Thumb Code    68  rt_memclr.o(.text)
    _memset                                  0x080003d5   Thumb Code     0  rt_memclr.o(.text)
    __aeabi_errno_addr                       0x08000415   Thumb Code     8  rt_errno_addr_intlibspace.o(.text)
    __errno$intlibspace                      0x08000415   Thumb Code     0  rt_errno_addr_intlibspace.o(.text)
    __rt_errno_addr$intlibspace              0x08000415   Thumb Code     0  rt_errno_addr_intlibspace.o(.text)
    __user_libspace                          0x0800041d   Thumb Code     8  libspace.o(.text)
    __user_perproc_libspace                  0x0800041d   Thumb Code     0  libspace.o(.text)
    __user_perthread_libspace                0x0800041d   Thumb Code     0  libspace.o(.text)
    __user_setup_stackheap                   0x08000425   Thumb Code    74  sys_stackheap_outer.o(.text)
    exit                                     0x0800046f   Thumb Code    18  exit.o(.text)
    _sys_exit                                0x08000481   Thumb Code     8  sys_exit.o(.text)
    __I$use$semihosting                      0x0800048d   Thumb Code     0  use_no_semi.o(.text)
    __use_no_semihosting_swi                 0x0800048d   Thumb Code     2  use_no_semi.o(.text)
    ADC_Cmd                                  0x0800048f   Thumb Code    22  stm32f10x_adc.o(i.ADC_Cmd)
    __semihosting_library_function           0x0800048f   Thumb Code     0  indicate_semi.o(.text)
    ADC_DeInit                               0x080004a5   Thumb Code    78  stm32f10x_adc.o(i.ADC_DeInit)
    ADC_GetCalibrationStatus                 0x08000501   Thumb Code    20  stm32f10x_adc.o(i.ADC_GetCalibrationStatus)
    ADC_GetResetCalibrationStatus            0x08000515   Thumb Code    20  stm32f10x_adc.o(i.ADC_GetResetCalibrationStatus)
    ADC_Init                                 0x08000529   Thumb Code    70  stm32f10x_adc.o(i.ADC_Init)
    ADC_ResetCalibration                     0x08000579   Thumb Code    10  stm32f10x_adc.o(i.ADC_ResetCalibration)
    ADC_StartCalibration                     0x08000583   Thumb Code    10  stm32f10x_adc.o(i.ADC_StartCalibration)
    Adc_Init                                 0x0800058d   Thumb Code   132  adc.o(i.Adc_Init)
    BusFault_Handler                         0x08000619   Thumb Code     4  stm32f10x_it.o(i.BusFault_Handler)
    DebugMon_Handler                         0x0800061d   Thumb Code     2  stm32f10x_it.o(i.DebugMon_Handler)
    GPIO_Init                                0x0800061f   Thumb Code   278  stm32f10x_gpio.o(i.GPIO_Init)
    GPIO_ResetBits                           0x08000735   Thumb Code     4  stm32f10x_gpio.o(i.GPIO_ResetBits)
    GPIO_SetBits                             0x08000739   Thumb Code     4  stm32f10x_gpio.o(i.GPIO_SetBits)
    GPIO_StructInit                          0x0800073d   Thumb Code    16  stm32f10x_gpio.o(i.GPIO_StructInit)
    HardFault_Handler                        0x0800074d   Thumb Code     4  stm32f10x_it.o(i.HardFault_Handler)
    Kinematics_Positive                      0x08000985   Thumb Code   140  usart.o(i.Kinematics_Positive)
    Left_Encoder_Init                        0x08000a21   Thumb Code   150  encoder.o(i.Left_Encoder_Init)
    MOTOR_GPIO_Config                        0x08000ac1   Thumb Code    50  motor.o(i.MOTOR_GPIO_Config)
    MPU6050_Init                             0x08000af9   Thumb Code   208  mpu6050.o(i.MPU6050_Init)
    MPU6050_Pose                             0x08000e99   Thumb Code   568  mpu6050.o(i.MPU6050_Pose)
    MemManage_Handler                        0x08001109   Thumb Code     4  stm32f10x_it.o(i.MemManage_Handler)
    NMI_Handler                              0x0800110d   Thumb Code     2  stm32f10x_it.o(i.NMI_Handler)
    NVIC_Init                                0x08001111   Thumb Code   100  misc.o(i.NVIC_Init)
    NVIC_PriorityGroupConfig                 0x08001181   Thumb Code    10  misc.o(i.NVIC_PriorityGroupConfig)
    PWM_OUTPUT                               0x08001195   Thumb Code   126  motor.o(i.PWM_OUTPUT)
    PendSV_Handler                           0x08001219   Thumb Code     2  stm32f10x_it.o(i.PendSV_Handler)
    Pid_Control_speed                        0x0800121d   Thumb Code   408  pid.o(i.Pid_Control_speed)
    PrintChar                                0x080013c9   Thumb Code    24  usart.o(i.PrintChar)
    RCC_ADCCLKConfig                         0x080013e1   Thumb Code    18  stm32f10x_rcc.o(i.RCC_ADCCLKConfig)
    RCC_APB1PeriphClockCmd                   0x080013f9   Thumb Code    26  stm32f10x_rcc.o(i.RCC_APB1PeriphClockCmd)
    RCC_APB1PeriphResetCmd                   0x08001419   Thumb Code    26  stm32f10x_rcc.o(i.RCC_APB1PeriphResetCmd)
    RCC_APB2PeriphClockCmd                   0x08001439   Thumb Code    26  stm32f10x_rcc.o(i.RCC_APB2PeriphClockCmd)
    RCC_APB2PeriphResetCmd                   0x08001459   Thumb Code    26  stm32f10x_rcc.o(i.RCC_APB2PeriphResetCmd)
    RCC_GetClocksFreq                        0x08001479   Thumb Code   192  stm32f10x_rcc.o(i.RCC_GetClocksFreq)
    Right_Encoder_Init                       0x0800154d   Thumb Code   206  encoder.o(i.Right_Encoder_Init)
    Robot_Encoder_Get_CNT                    0x08001625   Thumb Code   148  encoder.o(i.Robot_Encoder_Get_CNT)
    SVC_Handler                              0x080016dd   Thumb Code     2  stm32f10x_it.o(i.SVC_Handler)
    SysTick_CLKSourceConfig                  0x080017c9   Thumb Code    40  misc.o(i.SysTick_CLKSourceConfig)
    SysTick_Handler                          0x080017f1   Thumb Code     8  stm32f10x_it.o(i.SysTick_Handler)
    SysTick_Init                             0x080017f9   Thumb Code    50  delay.o(i.SysTick_Init)
    SystemInit                               0x0800183d   Thumb Code    78  system_stm32f10x.o(i.SystemInit)
    TIM1_UP_IRQHandler                       0x08001add   Thumb Code    50  timer.o(i.TIM1_UP_IRQHandler)
    TIM2_PWM_Init                            0x08001bcf   Thumb Code    12  motor.o(i.TIM2_PWM_Init)
    TIM3_IRQHandler                          0x08001bdd   Thumb Code    16  encoder.o(i.TIM3_IRQHandler)
    TIM4_IRQHandler                          0x08001bf1   Thumb Code    16  encoder.o(i.TIM4_IRQHandler)
    TIM_ARRPreloadConfig                     0x08001c05   Thumb Code    24  stm32f10x_tim.o(i.TIM_ARRPreloadConfig)
    TIM_ClearFlag                            0x08001c1d   Thumb Code     6  stm32f10x_tim.o(i.TIM_ClearFlag)
    TIM_ClearITPendingBit                    0x08001c23   Thumb Code     6  stm32f10x_tim.o(i.TIM_ClearITPendingBit)
    TIM_Cmd                                  0x08001c29   Thumb Code    24  stm32f10x_tim.o(i.TIM_Cmd)
    TIM_DeInit                               0x08001c41   Thumb Code   424  stm32f10x_tim.o(i.TIM_DeInit)
    TIM_EncoderInterfaceConfig               0x08001e29   Thumb Code    66  stm32f10x_tim.o(i.TIM_EncoderInterfaceConfig)
    TIM_GetITStatus                          0x08001e6b   Thumb Code    34  stm32f10x_tim.o(i.TIM_GetITStatus)
    TIM_ICInit                               0x08001e8d   Thumb Code   150  stm32f10x_tim.o(i.TIM_ICInit)
    TIM_ICStructInit                         0x08001f39   Thumb Code    18  stm32f10x_tim.o(i.TIM_ICStructInit)
    TIM_ITConfig                             0x08001f4b   Thumb Code    18  stm32f10x_tim.o(i.TIM_ITConfig)
    TIM_OC3Init                              0x08001f5d   Thumb Code   150  stm32f10x_tim.o(i.TIM_OC3Init)
    TIM_OC3PreloadConfig                     0x08001ffd   Thumb Code    18  stm32f10x_tim.o(i.TIM_OC3PreloadConfig)
    TIM_OC4Init                              0x08002011   Thumb Code   114  stm32f10x_tim.o(i.TIM_OC4Init)
    TIM_OC4PreloadConfig                     0x0800208d   Thumb Code    26  stm32f10x_tim.o(i.TIM_OC4PreloadConfig)
    TIM_SetCompare3                          0x080020a7   Thumb Code     4  stm32f10x_tim.o(i.TIM_SetCompare3)
    TIM_SetCompare4                          0x080020ab   Thumb Code     6  stm32f10x_tim.o(i.TIM_SetCompare4)
    TIM_SetCounter                           0x080020b1   Thumb Code     4  stm32f10x_tim.o(i.TIM_SetCounter)
    TIM_SetIC1Prescaler                      0x080020b5   Thumb Code    18  stm32f10x_tim.o(i.TIM_SetIC1Prescaler)
    TIM_SetIC2Prescaler                      0x080020c7   Thumb Code    26  stm32f10x_tim.o(i.TIM_SetIC2Prescaler)
    TIM_SetIC3Prescaler                      0x080020e1   Thumb Code    18  stm32f10x_tim.o(i.TIM_SetIC3Prescaler)
    TIM_SetIC4Prescaler                      0x080020f3   Thumb Code    26  stm32f10x_tim.o(i.TIM_SetIC4Prescaler)
    TIM_TimeBaseInit                         0x0800210d   Thumb Code   122  stm32f10x_tim.o(i.TIM_TimeBaseInit)
    TIM_TimeBaseStructInit                   0x080021b1   Thumb Code    18  stm32f10x_tim.o(i.TIM_TimeBaseStructInit)
    Timerx_Init                              0x080021c5   Thumb Code    84  timer.o(i.Timerx_Init)
    USART1_Config                            0x0800221d   Thumb Code   162  usart.o(i.USART1_Config)
    USART1_IRQHandler                        0x080022c9   Thumb Code   108  usart.o(i.USART1_IRQHandler)
    USART1_Printf                            0x08002341   Thumb Code   262  usart.o(i.USART1_Printf)
    USART1_Send_Byte                         0x08002449   Thumb Code    28  usart.o(i.USART1_Send_Byte)
    USART_Cmd                                0x08002469   Thumb Code    24  stm32f10x_usart.o(i.USART_Cmd)
    USART_GetFlagStatus                      0x08002481   Thumb Code    26  stm32f10x_usart.o(i.USART_GetFlagStatus)
    USART_GetITStatus                        0x0800249b   Thumb Code    84  stm32f10x_usart.o(i.USART_GetITStatus)
    USART_ITConfig                           0x080024ef   Thumb Code    74  stm32f10x_usart.o(i.USART_ITConfig)
    USART_Init                               0x08002539   Thumb Code   210  stm32f10x_usart.o(i.USART_Init)
    USART_ReceiveData                        0x08002611   Thumb Code    10  stm32f10x_usart.o(i.USART_ReceiveData)
    USART_SendData                           0x0800261b   Thumb Code     8  stm32f10x_usart.o(i.USART_SendData)
    UsageFault_Handler                       0x08002623   Thumb Code     4  stm32f10x_it.o(i.UsageFault_Handler)
    __ARM_fpclassify                         0x08002627   Thumb Code    40  fpclassify.o(i.__ARM_fpclassify)
    __kernel_poly                            0x0800264f   Thumb Code   170  poly.o(i.__kernel_poly)
    __mathlib_dbl_infnan                     0x080026f9   Thumb Code     6  dunder.o(i.__mathlib_dbl_infnan)
    __mathlib_dbl_infnan2                    0x080026ff   Thumb Code     4  dunder.o(i.__mathlib_dbl_infnan2)
    __mathlib_dbl_invalid                    0x08002703   Thumb Code    12  dunder.o(i.__mathlib_dbl_invalid)
    __mathlib_dbl_underflow                  0x08002711   Thumb Code    10  dunder.o(i.__mathlib_dbl_underflow)
    asin                                     0x080027c9   Thumb Code   572  asin.o(i.asin)
    atan                                     0x08002a39   Thumb Code   474  atan.o(i.atan)
    atan2                                    0x08002c59   Thumb Code   374  atan2.o(i.atan2)
    delay_ms                                 0x08002e59   Thumb Code    72  delay.o(i.delay_ms)
    dmp_enable_6x_lp_quat                    0x08002ea5   Thumb Code    60  inv_mpu_dmp_motion_driver.o(i.dmp_enable_6x_lp_quat)
    dmp_enable_feature                       0x08002ee1   Thumb Code   530  inv_mpu_dmp_motion_driver.o(i.dmp_enable_feature)
    dmp_enable_gyro_cal                      0x080030fd   Thumb Code    62  inv_mpu_dmp_motion_driver.o(i.dmp_enable_gyro_cal)
    dmp_enable_lp_quat                       0x08003155   Thumb Code    60  inv_mpu_dmp_motion_driver.o(i.dmp_enable_lp_quat)
    dmp_load_motion_driver_firmware          0x08003191   Thumb Code    20  inv_mpu_dmp_motion_driver.o(i.dmp_load_motion_driver_firmware)
    dmp_read_fifo                            0x080031a9   Thumb Code   456  inv_mpu_dmp_motion_driver.o(i.dmp_read_fifo)
    dmp_set_accel_bias                       0x08003375   Thumb Code   300  inv_mpu_dmp_motion_driver.o(i.dmp_set_accel_bias)
    dmp_set_fifo_rate                        0x080034a5   Thumb Code    96  inv_mpu_dmp_motion_driver.o(i.dmp_set_fifo_rate)
    dmp_set_gyro_bias                        0x08003515   Thumb Code   294  inv_mpu_dmp_motion_driver.o(i.dmp_set_gyro_bias)
    dmp_set_orientation                      0x08003645   Thumb Code   290  inv_mpu_dmp_motion_driver.o(i.dmp_set_orientation)
    dmp_set_shake_reject_thresh              0x0800377d   Thumb Code    56  inv_mpu_dmp_motion_driver.o(i.dmp_set_shake_reject_thresh)
    dmp_set_shake_reject_time                0x080037b5   Thumb Code    38  inv_mpu_dmp_motion_driver.o(i.dmp_set_shake_reject_time)
    dmp_set_shake_reject_timeout             0x080037db   Thumb Code    38  inv_mpu_dmp_motion_driver.o(i.dmp_set_shake_reject_timeout)
    dmp_set_tap_axes                         0x08003801   Thumb Code    70  inv_mpu_dmp_motion_driver.o(i.dmp_set_tap_axes)
    dmp_set_tap_count                        0x08003847   Thumb Code    38  inv_mpu_dmp_motion_driver.o(i.dmp_set_tap_count)
    dmp_set_tap_thresh                       0x0800386d   Thumb Code   396  inv_mpu_dmp_motion_driver.o(i.dmp_set_tap_thresh)
    dmp_set_tap_time                         0x08003a0d   Thumb Code    38  inv_mpu_dmp_motion_driver.o(i.dmp_set_tap_time)
    dmp_set_tap_time_multi                   0x08003a33   Thumb Code    38  inv_mpu_dmp_motion_driver.o(i.dmp_set_tap_time_multi)
    get_ms                                   0x08003b0d   Thumb Code     2  delay.o(i.get_ms)
    i2cInit                                  0x0800408d   Thumb Code    40  i2c.o(i.i2cInit)
    i2cRead                                  0x080040b9   Thumb Code   120  i2c.o(i.i2cRead)
    i2cWriteBuffer                           0x08004131   Thumb Code   100  i2c.o(i.i2cWriteBuffer)
    i2cread                                  0x08004195   Thumb Code    38  i2c.o(i.i2cread)
    i2cwrite                                 0x080041bb   Thumb Code    38  i2c.o(i.i2cwrite)
    inv_orientation_matrix_to_scalar         0x080041e1   Thumb Code    40  inv_mpu_dmp_motion_driver.o(i.inv_orientation_matrix_to_scalar)
    main                                     0x080042b9   Thumb Code   158  main.o(i.main)
    mpu_configure_fifo                       0x08004399   Thumb Code   106  inv_mpu.o(i.mpu_configure_fifo)
    mpu_get_accel_fsr                        0x08004409   Thumb Code    72  inv_mpu.o(i.mpu_get_accel_fsr)
    mpu_get_accel_sens                       0x08004455   Thumb Code    78  inv_mpu.o(i.mpu_get_accel_sens)
    mpu_get_fifo_config                      0x080044a9   Thumb Code    12  inv_mpu.o(i.mpu_get_fifo_config)
    mpu_get_gyro_fsr                         0x080044b9   Thumb Code    64  inv_mpu.o(i.mpu_get_gyro_fsr)
    mpu_get_gyro_sens                        0x080044fd   Thumb Code    58  inv_mpu.o(i.mpu_get_gyro_sens)
    mpu_get_lpf                              0x0800454d   Thumb Code    74  inv_mpu.o(i.mpu_get_lpf)
    mpu_get_sample_rate                      0x0800459d   Thumb Code    26  inv_mpu.o(i.mpu_get_sample_rate)
    mpu_init                                 0x080045bd   Thumb Code   396  inv_mpu.o(i.mpu_init)
    mpu_load_firmware                        0x0800474d   Thumb Code   180  inv_mpu.o(i.mpu_load_firmware)
    mpu_lp_accel_mode                        0x08004805   Thumb Code   218  inv_mpu.o(i.mpu_lp_accel_mode)
    mpu_read_fifo_stream                     0x080048e5   Thumb Code   186  inv_mpu.o(i.mpu_read_fifo_stream)
    mpu_read_mem                             0x080049a5   Thumb Code   122  inv_mpu.o(i.mpu_read_mem)
    mpu_reset_fifo                           0x08004a25   Thumb Code   450  inv_mpu.o(i.mpu_reset_fifo)
    mpu_run_self_test                        0x08004bed   Thumb Code   278  inv_mpu.o(i.mpu_run_self_test)
    mpu_set_accel_fsr                        0x08004d09   Thumb Code   126  inv_mpu.o(i.mpu_set_accel_fsr)
    mpu_set_bypass                           0x08004d8d   Thumb Code   328  inv_mpu.o(i.mpu_set_bypass)
    mpu_set_dmp_state                        0x08004ed9   Thumb Code   138  inv_mpu.o(i.mpu_set_dmp_state)
    mpu_set_gyro_fsr                         0x08004f69   Thumb Code   132  inv_mpu.o(i.mpu_set_gyro_fsr)
    mpu_set_int_latched                      0x08004ff1   Thumb Code   102  inv_mpu.o(i.mpu_set_int_latched)
    mpu_set_lpf                              0x0800505d   Thumb Code   126  inv_mpu.o(i.mpu_set_lpf)
    mpu_set_sample_rate                      0x080050e1   Thumb Code   152  inv_mpu.o(i.mpu_set_sample_rate)
    mpu_set_sensors                          0x0800517d   Thumb Code   202  inv_mpu.o(i.mpu_set_sensors)
    mpu_write_mem                            0x0800524d   Thumb Code   122  inv_mpu.o(i.mpu_write_mem)
    run_self_test                            0x080052cd   Thumb Code   150  inv_mpu_dmp_motion_driver.o(i.run_self_test)
    sqrt                                     0x08005419   Thumb Code    76  sqrt.o(i.sqrt)
    __aeabi_d2f                              0x08005465   Thumb Code     0  d2f.o(x$fpl$d2f)
    _d2f                                     0x08005465   Thumb Code    98  d2f.o(x$fpl$d2f)
    __aeabi_dadd                             0x080054c9   Thumb Code     0  daddsub_clz.o(x$fpl$dadd)
    _dadd                                    0x080054c9   Thumb Code   332  daddsub_clz.o(x$fpl$dadd)
    __fpl_dcheck_NaN1                        0x08005619   Thumb Code    10  dcheck1.o(x$fpl$dcheck1)
    __fpl_dcmp_Inf                           0x08005629   Thumb Code    24  dcmpi.o(x$fpl$dcmpinf)
    __aeabi_ddiv                             0x08005641   Thumb Code     0  ddiv.o(x$fpl$ddiv)
    _ddiv                                    0x08005641   Thumb Code   552  ddiv.o(x$fpl$ddiv)
    __aeabi_cdcmpeq                          0x080058f1   Thumb Code     0  deqf.o(x$fpl$deqf)
    _dcmpeq                                  0x080058f1   Thumb Code   120  deqf.o(x$fpl$deqf)
    __aeabi_dmul                             0x08005969   Thumb Code     0  dmul.o(x$fpl$dmul)
    _dmul                                    0x08005969   Thumb Code   332  dmul.o(x$fpl$dmul)
    __fpl_dnaninf                            0x08005abd   Thumb Code   156  dnaninf.o(x$fpl$dnaninf)
    __fpl_dretinf                            0x08005b59   Thumb Code    12  dretinf.o(x$fpl$dretinf)
    __aeabi_drsub                            0x08005b65   Thumb Code     0  daddsub_clz.o(x$fpl$drsb)
    _drsb                                    0x08005b65   Thumb Code    22  daddsub_clz.o(x$fpl$drsb)
    _dsqrt                                   0x08005b7d   Thumb Code   456  dsqrt_noumaal.o(x$fpl$dsqrt)
    __aeabi_dsub                             0x08005d49   Thumb Code     0  daddsub_clz.o(x$fpl$dsub)
    _dsub                                    0x08005d49   Thumb Code   464  daddsub_clz.o(x$fpl$dsub)
    __aeabi_f2d                              0x08005f1d   Thumb Code     0  f2d.o(x$fpl$f2d)
    _f2d                                     0x08005f1d   Thumb Code    86  f2d.o(x$fpl$f2d)
    __aeabi_fadd                             0x08005f75   Thumb Code     0  faddsub_clz.o(x$fpl$fadd)
    _fadd                                    0x08005f75   Thumb Code   196  faddsub_clz.o(x$fpl$fadd)
    __fpl_fcmp_Inf                           0x08006039   Thumb Code    24  fcmpi.o(x$fpl$fcmpinf)
    __aeabi_fdiv                             0x08006051   Thumb Code     0  fdiv.o(x$fpl$fdiv)
    _fdiv                                    0x08006051   Thumb Code   384  fdiv.o(x$fpl$fdiv)
    __aeabi_cfcmpeq                          0x080061d5   Thumb Code     0  feqf.o(x$fpl$feqf)
    _fcmpeq                                  0x080061d5   Thumb Code   104  feqf.o(x$fpl$feqf)
    __aeabi_f2iz                             0x0800623d   Thumb Code     0  ffix.o(x$fpl$ffix)
    _ffix                                    0x0800623d   Thumb Code    54  ffix.o(x$fpl$ffix)
    __aeabi_f2uiz                            0x08006275   Thumb Code     0  ffixu.o(x$fpl$ffixu)
    _ffixu                                   0x08006275   Thumb Code    62  ffixu.o(x$fpl$ffixu)
    __aeabi_i2f                              0x080062b5   Thumb Code     0  fflt_clz.o(x$fpl$fflt)
    _fflt                                    0x080062b5   Thumb Code    48  fflt_clz.o(x$fpl$fflt)
    __aeabi_ui2f                             0x080062e5   Thumb Code     0  fflt_clz.o(x$fpl$ffltu)
    _ffltu                                   0x080062e5   Thumb Code    38  fflt_clz.o(x$fpl$ffltu)
    __aeabi_cfcmple                          0x0800630d   Thumb Code     0  fleqf.o(x$fpl$fleqf)
    _fcmple                                  0x0800630d   Thumb Code   104  fleqf.o(x$fpl$fleqf)
    __fpl_fcmple_InfNaN                      0x0800635f   Thumb Code     0  fleqf.o(x$fpl$fleqf)
    __aeabi_fmul                             0x08006375   Thumb Code     0  fmul.o(x$fpl$fmul)
    _fmul                                    0x08006375   Thumb Code   258  fmul.o(x$fpl$fmul)
    __fpl_fnaninf                            0x08006477   Thumb Code   140  fnaninf.o(x$fpl$fnaninf)
    __fpl_fretinf                            0x08006503   Thumb Code    10  fretinf.o(x$fpl$fretinf)
    __aeabi_cfrcmple                         0x0800650d   Thumb Code     0  frleqf.o(x$fpl$frleqf)
    _frcmple                                 0x0800650d   Thumb Code    98  frleqf.o(x$fpl$frleqf)
    __aeabi_frsub                            0x0800656f   Thumb Code     0  faddsub_clz.o(x$fpl$frsb)
    _frsb                                    0x0800656f   Thumb Code    20  faddsub_clz.o(x$fpl$frsb)
    __aeabi_fsub                             0x08006585   Thumb Code     0  faddsub_clz.o(x$fpl$fsub)
    _fsub                                    0x08006585   Thumb Code   234  faddsub_clz.o(x$fpl$fsub)
    __fpl_return_NaN                         0x0800666f   Thumb Code   100  retnan.o(x$fpl$retnan)
    __ARM_scalbn                             0x080066d3   Thumb Code    92  scalbn.o(x$fpl$scalbn)
    __fpl_cmpreturn                          0x0800672f   Thumb Code    48  trapv.o(x$fpl$trapveneer)
    __I$use$fp                               0x0800675e   Number         0  usenofp.o(x$fpl$usenofp)
    hw                                       0x08006760   Data          12  inv_mpu.o(.constdata)
    reg                                      0x0800676c   Data          27  inv_mpu.o(.constdata)
    test                                     0x08006788   Data          40  inv_mpu.o(.constdata)
    __mathlib_zero                           0x08007490   Data           8  qnan.o(.constdata)
    Region$$Table$$Base                      0x08007498   Number         0  anon$$obj.o(Region$$Table)
    Region$$Table$$Limit                     0x080074b8   Number         0  anon$$obj.o(Region$$Table)
    SystemCoreClock                          0x20000000   Data           4  system_stm32f10x.o(.data)
    AHBPrescTable                            0x20000004   Data          16  system_stm32f10x.o(.data)
    Rcount                                   0x20000028   Data           1  usart.o(.data)
    q0                                       0x20000044   Data           4  mpu6050.o(.data)
    q1                                       0x20000048   Data           4  mpu6050.o(.data)
    q2                                       0x2000004c   Data           4  mpu6050.o(.data)
    q3                                       0x20000050   Data           4  mpu6050.o(.data)
    Pitch                                    0x20000054   Data           4  mpu6050.o(.data)
    Roll                                     0x20000058   Data           4  mpu6050.o(.data)
    Yaw                                      0x2000005c   Data           4  mpu6050.o(.data)
    sensor_timestamp                         0x20000060   Data           4  mpu6050.o(.data)
    gyro                                     0x20000064   Data           6  mpu6050.o(.data)
    accel                                    0x2000006a   Data           6  mpu6050.o(.data)
    sensors                                  0x20000070   Data           2  mpu6050.o(.data)
    more                                     0x20000072   Data           1  mpu6050.o(.data)
    Safeware_Count                           0x20000074   Data           4  timer.o(.data)
    t                                        0x20000078   Data           4  encoder.o(.data)
    t1                                       0x2000007c   Data           4  encoder.o(.data)
    lefts                                    0x20000080   Data           4  encoder.o(.data)
    Send_Data                                0x200000b0   Data          33  usart.o(.bss)
    Recive_Data                              0x200000d1   Data          33  usart.o(.bss)
    quat                                     0x200000f4   Data          16  mpu6050.o(.bss)
    Left_moto                                0x20000104   Data          24  pid.o(.bss)
    Right_moto                               0x2000011c   Data          24  pid.o(.bss)
    __libspace_start                         0x20000144   Data          96  libspace.o(.bss)
    __temporary_stack_top$libspace           0x200001a4   Data           0  libspace.o(.bss)



==============================================================================

Memory Map of the image

  Image Entry point : 0x080000ed

  Load Region LR_IROM1 (Base: 0x08000000, Size: 0x00007568, Max: 0x00010000, ABSOLUTE)

    Execution Region ER_IROM1 (Exec base: 0x08000000, Load base: 0x08000000, Size: 0x000074b8, Max: 0x00010000, ABSOLUTE)

    Exec Addr    Load Addr    Size         Type   Attr      Idx    E Section Name        Object

    0x08000000   0x08000000   0x000000ec   Data   RO          210    RESET               startup_stm32f10x_md.o
    0x080000ec   0x080000ec   0x00000008   Code   RO         4133  * !!!main             c_w.l(__main.o)
    0x080000f4   0x080000f4   0x00000034   Code   RO         4443    !!!scatter          c_w.l(__scatter.o)
    0x08000128   0x08000128   0x0000001a   Code   RO         4445    !!handler_copy      c_w.l(__scatter_copy.o)
    0x08000142   0x08000142   0x00000002   PAD
    0x08000144   0x08000144   0x0000001c   Code   RO         4447    !!handler_zi        c_w.l(__scatter_zi.o)
    0x08000160   0x08000160   0x00000002   Code   RO         4306    .ARM.Collect$$libinit$$00000000  c_w.l(libinit.o)
    0x08000162   0x08000162   0x00000000   Code   RO         4316    .ARM.Collect$$libinit$$00000002  c_w.l(libinit2.o)
    0x08000162   0x08000162   0x00000000   Code   RO         4318    .ARM.Collect$$libinit$$00000004  c_w.l(libinit2.o)
    0x08000162   0x08000162   0x00000000   Code   RO         4321    .ARM.Collect$$libinit$$0000000A  c_w.l(libinit2.o)
    0x08000162   0x08000162   0x00000000   Code   RO         4323    .ARM.Collect$$libinit$$0000000C  c_w.l(libinit2.o)
    0x08000162   0x08000162   0x00000000   Code   RO         4325    .ARM.Collect$$libinit$$0000000E  c_w.l(libinit2.o)
    0x08000162   0x08000162   0x00000000   Code   RO         4328    .ARM.Collect$$libinit$$00000011  c_w.l(libinit2.o)
    0x08000162   0x08000162   0x00000000   Code   RO         4330    .ARM.Collect$$libinit$$00000013  c_w.l(libinit2.o)
    0x08000162   0x08000162   0x00000000   Code   RO         4332    .ARM.Collect$$libinit$$00000015  c_w.l(libinit2.o)
    0x08000162   0x08000162   0x00000000   Code   RO         4334    .ARM.Collect$$libinit$$00000017  c_w.l(libinit2.o)
    0x08000162   0x08000162   0x00000000   Code   RO         4336    .ARM.Collect$$libinit$$00000019  c_w.l(libinit2.o)
    0x08000162   0x08000162   0x00000000   Code   RO         4338    .ARM.Collect$$libinit$$0000001B  c_w.l(libinit2.o)
    0x08000162   0x08000162   0x00000000   Code   RO         4340    .ARM.Collect$$libinit$$0000001D  c_w.l(libinit2.o)
    0x08000162   0x08000162   0x00000000   Code   RO         4342    .ARM.Collect$$libinit$$0000001F  c_w.l(libinit2.o)
    0x08000162   0x08000162   0x00000000   Code   RO         4344    .ARM.Collect$$libinit$$00000021  c_w.l(libinit2.o)
    0x08000162   0x08000162   0x00000000   Code   RO         4346    .ARM.Collect$$libinit$$00000023  c_w.l(libinit2.o)
    0x08000162   0x08000162   0x00000000   Code   RO         4348    .ARM.Collect$$libinit$$00000025  c_w.l(libinit2.o)
    0x08000162   0x08000162   0x00000000   Code   RO         4352    .ARM.Collect$$libinit$$0000002C  c_w.l(libinit2.o)
    0x08000162   0x08000162   0x00000000   Code   RO         4354    .ARM.Collect$$libinit$$0000002E  c_w.l(libinit2.o)
    0x08000162   0x08000162   0x00000000   Code   RO         4356    .ARM.Collect$$libinit$$00000030  c_w.l(libinit2.o)
    0x08000162   0x08000162   0x00000000   Code   RO         4358    .ARM.Collect$$libinit$$00000032  c_w.l(libinit2.o)
    0x08000162   0x08000162   0x00000002   Code   RO         4359    .ARM.Collect$$libinit$$00000033  c_w.l(libinit2.o)
    0x08000164   0x08000164   0x00000002   Code   RO         4391    .ARM.Collect$$libshutdown$$00000000  c_w.l(libshutdown.o)
    0x08000166   0x08000166   0x00000000   Code   RO         4408    .ARM.Collect$$libshutdown$$00000002  c_w.l(libshutdown2.o)
    0x08000166   0x08000166   0x00000000   Code   RO         4410    .ARM.Collect$$libshutdown$$00000004  c_w.l(libshutdown2.o)
    0x08000166   0x08000166   0x00000000   Code   RO         4412    .ARM.Collect$$libshutdown$$00000006  c_w.l(libshutdown2.o)
    0x08000166   0x08000166   0x00000000   Code   RO         4415    .ARM.Collect$$libshutdown$$00000009  c_w.l(libshutdown2.o)
    0x08000166   0x08000166   0x00000000   Code   RO         4418    .ARM.Collect$$libshutdown$$0000000C  c_w.l(libshutdown2.o)
    0x08000166   0x08000166   0x00000000   Code   RO         4420    .ARM.Collect$$libshutdown$$0000000E  c_w.l(libshutdown2.o)
    0x08000166   0x08000166   0x00000000   Code   RO         4423    .ARM.Collect$$libshutdown$$00000011  c_w.l(libshutdown2.o)
    0x08000166   0x08000166   0x00000002   Code   RO         4424    .ARM.Collect$$libshutdown$$00000012  c_w.l(libshutdown2.o)
    0x08000168   0x08000168   0x00000000   Code   RO         4191    .ARM.Collect$$rtentry$$00000000  c_w.l(__rtentry.o)
    0x08000168   0x08000168   0x00000000   Code   RO         4261    .ARM.Collect$$rtentry$$00000002  c_w.l(__rtentry2.o)
    0x08000168   0x08000168   0x00000006   Code   RO         4273    .ARM.Collect$$rtentry$$00000004  c_w.l(__rtentry4.o)
    0x0800016e   0x0800016e   0x00000000   Code   RO         4263    .ARM.Collect$$rtentry$$00000009  c_w.l(__rtentry2.o)
    0x0800016e   0x0800016e   0x00000004   Code   RO         4264    .ARM.Collect$$rtentry$$0000000A  c_w.l(__rtentry2.o)
    0x08000172   0x08000172   0x00000000   Code   RO         4266    .ARM.Collect$$rtentry$$0000000C  c_w.l(__rtentry2.o)
    0x08000172   0x08000172   0x00000008   Code   RO         4267    .ARM.Collect$$rtentry$$0000000D  c_w.l(__rtentry2.o)
    0x0800017a   0x0800017a   0x00000002   Code   RO         4309    .ARM.Collect$$rtexit$$00000000  c_w.l(rtexit.o)
    0x0800017c   0x0800017c   0x00000000   Code   RO         4363    .ARM.Collect$$rtexit$$00000002  c_w.l(rtexit2.o)
    0x0800017c   0x0800017c   0x00000004   Code   RO         4364    .ARM.Collect$$rtexit$$00000003  c_w.l(rtexit2.o)
    0x08000180   0x08000180   0x00000006   Code   RO         4365    .ARM.Collect$$rtexit$$00000004  c_w.l(rtexit2.o)
    0x08000186   0x08000186   0x00000002   PAD
    0x08000188   0x08000188   0x00000040   Code   RO          211    .text               startup_stm32f10x_md.o
    0x080001c8   0x080001c8   0x00000048   Code   RO         4123    .text               c_w.l(llsdiv.o)
    0x08000210   0x08000210   0x00000058   Code   RO         4125    .text               c_w.l(memcmp.o)
    0x08000268   0x08000268   0x00000010   Code   RO         4127    .text               c_w.l(aeabi_memset.o)
    0x08000278   0x08000278   0x0000004e   Code   RO         4129    .text               c_w.l(rt_memclr_w.o)
    0x080002c6   0x080002c6   0x00000006   Code   RO         4131    .text               c_w.l(heapauxi.o)
    0x080002cc   0x080002cc   0x000000ee   Code   RO         4192    .text               c_w.l(lludivv7m.o)
    0x080003ba   0x080003ba   0x00000016   Code   RO         4194    .text               c_w.l(_rserrno.o)
    0x080003d0   0x080003d0   0x00000044   Code   RO         4196    .text               c_w.l(rt_memclr.o)
    0x08000414   0x08000414   0x00000008   Code   RO         4282    .text               c_w.l(rt_errno_addr_intlibspace.o)
    0x0800041c   0x0800041c   0x00000008   Code   RO         4292    .text               c_w.l(libspace.o)
    0x08000424   0x08000424   0x0000004a   Code   RO         4295    .text               c_w.l(sys_stackheap_outer.o)
    0x0800046e   0x0800046e   0x00000012   Code   RO         4299    .text               c_w.l(exit.o)
    0x08000480   0x08000480   0x0000000c   Code   RO         4379    .text               c_w.l(sys_exit.o)
    0x0800048c   0x0800048c   0x00000002   Code   RO         4396    .text               c_w.l(use_no_semi.o)
    0x0800048e   0x0800048e   0x00000000   Code   RO         4398    .text               c_w.l(indicate_semi.o)
    0x0800048e   0x0800048e   0x00000016   Code   RO          302    i.ADC_Cmd           stm32f10x_adc.o
    0x080004a4   0x080004a4   0x0000005c   Code   RO          304    i.ADC_DeInit        stm32f10x_adc.o
    0x08000500   0x08000500   0x00000014   Code   RO          310    i.ADC_GetCalibrationStatus  stm32f10x_adc.o
    0x08000514   0x08000514   0x00000014   Code   RO          316    i.ADC_GetResetCalibrationStatus  stm32f10x_adc.o
    0x08000528   0x08000528   0x00000050   Code   RO          320    i.ADC_Init          stm32f10x_adc.o
    0x08000578   0x08000578   0x0000000a   Code   RO          325    i.ADC_ResetCalibration  stm32f10x_adc.o
    0x08000582   0x08000582   0x0000000a   Code   RO          329    i.ADC_StartCalibration  stm32f10x_adc.o
    0x0800058c   0x0800058c   0x0000008c   Code   RO         3509    i.Adc_Init          adc.o
    0x08000618   0x08000618   0x00000004   Code   RO          145    i.BusFault_Handler  stm32f10x_it.o
    0x0800061c   0x0800061c   0x00000002   Code   RO          146    i.DebugMon_Handler  stm32f10x_it.o
    0x0800061e   0x0800061e   0x00000116   Code   RO         1411    i.GPIO_Init         stm32f10x_gpio.o
    0x08000734   0x08000734   0x00000004   Code   RO         1418    i.GPIO_ResetBits    stm32f10x_gpio.o
    0x08000738   0x08000738   0x00000004   Code   RO         1419    i.GPIO_SetBits      stm32f10x_gpio.o
    0x0800073c   0x0800073c   0x00000010   Code   RO         1420    i.GPIO_StructInit   stm32f10x_gpio.o
    0x0800074c   0x0800074c   0x00000004   Code   RO          147    i.HardFault_Handler  stm32f10x_it.o
    0x08000750   0x08000750   0x0000003c   Code   RO         3356    i.I2C_Ack           i2c.o
    0x0800078c   0x0800078c   0x0000003c   Code   RO         3357    i.I2C_NoAck         i2c.o
    0x080007c8   0x080007c8   0x00000058   Code   RO         3358    i.I2C_ReceiveByte   i2c.o
    0x08000820   0x08000820   0x0000005c   Code   RO         3359    i.I2C_SendByte      i2c.o
    0x0800087c   0x0800087c   0x00000060   Code   RO         3360    i.I2C_Start         i2c.o
    0x080008dc   0x080008dc   0x0000003c   Code   RO         3361    i.I2C_Stop          i2c.o
    0x08000918   0x08000918   0x00000054   Code   RO         3362    i.I2C_WaitAck       i2c.o
    0x0800096c   0x0800096c   0x00000016   Code   RO         3363    i.I2C_delay         i2c.o
    0x08000982   0x08000982   0x00000002   PAD
    0x08000984   0x08000984   0x0000009c   Code   RO         3227    i.Kinematics_Positive  usart.o
    0x08000a20   0x08000a20   0x000000a0   Code   RO         3533    i.Left_Encoder_Init  encoder.o
    0x08000ac0   0x08000ac0   0x00000038   Code   RO         3578    i.MOTOR_GPIO_Config  motor.o
    0x08000af8   0x08000af8   0x000003a0   Code   RO         3447    i.MPU6050_Init      mpu6050.o
    0x08000e98   0x08000e98   0x00000270   Code   RO         3448    i.MPU6050_Pose      mpu6050.o
    0x08001108   0x08001108   0x00000004   Code   RO          148    i.MemManage_Handler  stm32f10x_it.o
    0x0800110c   0x0800110c   0x00000002   Code   RO          149    i.NMI_Handler       stm32f10x_it.o
    0x0800110e   0x0800110e   0x00000002   PAD
    0x08001110   0x08001110   0x00000070   Code   RO          260    i.NVIC_Init         misc.o
    0x08001180   0x08001180   0x00000014   Code   RO          261    i.NVIC_PriorityGroupConfig  misc.o
    0x08001194   0x08001194   0x00000084   Code   RO         3579    i.PWM_OUTPUT        motor.o
    0x08001218   0x08001218   0x00000002   Code   RO          150    i.PendSV_Handler    stm32f10x_it.o
    0x0800121a   0x0800121a   0x00000002   PAD
    0x0800121c   0x0800121c   0x000001ac   Code   RO         3615    i.Pid_Control_speed  pid.o
    0x080013c8   0x080013c8   0x00000018   Code   RO         3228    i.PrintChar         usart.o
    0x080013e0   0x080013e0   0x00000018   Code   RO         1825    i.RCC_ADCCLKConfig  stm32f10x_rcc.o
    0x080013f8   0x080013f8   0x00000020   Code   RO         1827    i.RCC_APB1PeriphClockCmd  stm32f10x_rcc.o
    0x08001418   0x08001418   0x00000020   Code   RO         1828    i.RCC_APB1PeriphResetCmd  stm32f10x_rcc.o
    0x08001438   0x08001438   0x00000020   Code   RO         1829    i.RCC_APB2PeriphClockCmd  stm32f10x_rcc.o
    0x08001458   0x08001458   0x00000020   Code   RO         1830    i.RCC_APB2PeriphResetCmd  stm32f10x_rcc.o
    0x08001478   0x08001478   0x000000d4   Code   RO         1837    i.RCC_GetClocksFreq  stm32f10x_rcc.o
    0x0800154c   0x0800154c   0x000000d8   Code   RO         3535    i.Right_Encoder_Init  encoder.o
    0x08001624   0x08001624   0x000000b8   Code   RO         3536    i.Robot_Encoder_Get_CNT  encoder.o
    0x080016dc   0x080016dc   0x00000002   Code   RO          151    i.SVC_Handler       stm32f10x_it.o
    0x080016de   0x080016de   0x00000008   Code   RO          226    i.SetSysClock       system_stm32f10x.o
    0x080016e6   0x080016e6   0x00000002   PAD
    0x080016e8   0x080016e8   0x000000e0   Code   RO          227    i.SetSysClockTo72   system_stm32f10x.o
    0x080017c8   0x080017c8   0x00000028   Code   RO          264    i.SysTick_CLKSourceConfig  misc.o
    0x080017f0   0x080017f0   0x00000008   Code   RO          152    i.SysTick_Handler   stm32f10x_it.o
    0x080017f8   0x080017f8   0x00000044   Code   RO         3312    i.SysTick_Init      delay.o
    0x0800183c   0x0800183c   0x00000060   Code   RO          229    i.SystemInit        system_stm32f10x.o
    0x0800189c   0x0800189c   0x00000080   Code   RO         2445    i.TI1_Config        stm32f10x_tim.o
    0x0800191c   0x0800191c   0x00000098   Code   RO         2446    i.TI2_Config        stm32f10x_tim.o
    0x080019b4   0x080019b4   0x00000090   Code   RO         2447    i.TI3_Config        stm32f10x_tim.o
    0x08001a44   0x08001a44   0x00000098   Code   RO         2448    i.TI4_Config        stm32f10x_tim.o
    0x08001adc   0x08001adc   0x00000040   Code   RO         3482    i.TIM1_UP_IRQHandler  timer.o
    0x08001b1c   0x08001b1c   0x00000034   Code   RO         3580    i.TIM2_GPIO_Config  motor.o
    0x08001b50   0x08001b50   0x0000007e   Code   RO         3581    i.TIM2_Mode_Config  motor.o
    0x08001bce   0x08001bce   0x0000000c   Code   RO         3582    i.TIM2_PWM_Init     motor.o
    0x08001bda   0x08001bda   0x00000002   PAD
    0x08001bdc   0x08001bdc   0x00000014   Code   RO         3537    i.TIM3_IRQHandler   encoder.o
    0x08001bf0   0x08001bf0   0x00000014   Code   RO         3538    i.TIM4_IRQHandler   encoder.o
    0x08001c04   0x08001c04   0x00000018   Code   RO         2449    i.TIM_ARRPreloadConfig  stm32f10x_tim.o
    0x08001c1c   0x08001c1c   0x00000006   Code   RO         2455    i.TIM_ClearFlag     stm32f10x_tim.o
    0x08001c22   0x08001c22   0x00000006   Code   RO         2456    i.TIM_ClearITPendingBit  stm32f10x_tim.o
    0x08001c28   0x08001c28   0x00000018   Code   RO         2461    i.TIM_Cmd           stm32f10x_tim.o
    0x08001c40   0x08001c40   0x000001e8   Code   RO         2466    i.TIM_DeInit        stm32f10x_tim.o
    0x08001e28   0x08001e28   0x00000042   Code   RO         2470    i.TIM_EncoderInterfaceConfig  stm32f10x_tim.o
    0x08001e6a   0x08001e6a   0x00000022   Code   RO         2482    i.TIM_GetITStatus   stm32f10x_tim.o
    0x08001e8c   0x08001e8c   0x000000ac   Code   RO         2484    i.TIM_ICInit        stm32f10x_tim.o
    0x08001f38   0x08001f38   0x00000012   Code   RO         2485    i.TIM_ICStructInit  stm32f10x_tim.o
    0x08001f4a   0x08001f4a   0x00000012   Code   RO         2486    i.TIM_ITConfig      stm32f10x_tim.o
    0x08001f5c   0x08001f5c   0x000000a0   Code   RO         2500    i.TIM_OC3Init       stm32f10x_tim.o
    0x08001ffc   0x08001ffc   0x00000012   Code   RO         2503    i.TIM_OC3PreloadConfig  stm32f10x_tim.o
    0x0800200e   0x0800200e   0x00000002   PAD
    0x08002010   0x08002010   0x0000007c   Code   RO         2505    i.TIM_OC4Init       stm32f10x_tim.o
    0x0800208c   0x0800208c   0x0000001a   Code   RO         2507    i.TIM_OC4PreloadConfig  stm32f10x_tim.o
    0x080020a6   0x080020a6   0x00000004   Code   RO         2524    i.TIM_SetCompare3   stm32f10x_tim.o
    0x080020aa   0x080020aa   0x00000006   Code   RO         2525    i.TIM_SetCompare4   stm32f10x_tim.o
    0x080020b0   0x080020b0   0x00000004   Code   RO         2526    i.TIM_SetCounter    stm32f10x_tim.o
    0x080020b4   0x080020b4   0x00000012   Code   RO         2527    i.TIM_SetIC1Prescaler  stm32f10x_tim.o
    0x080020c6   0x080020c6   0x0000001a   Code   RO         2528    i.TIM_SetIC2Prescaler  stm32f10x_tim.o
    0x080020e0   0x080020e0   0x00000012   Code   RO         2529    i.TIM_SetIC3Prescaler  stm32f10x_tim.o
    0x080020f2   0x080020f2   0x0000001a   Code   RO         2530    i.TIM_SetIC4Prescaler  stm32f10x_tim.o
    0x0800210c   0x0800210c   0x000000a4   Code   RO         2532    i.TIM_TimeBaseInit  stm32f10x_tim.o
    0x080021b0   0x080021b0   0x00000012   Code   RO         2533    i.TIM_TimeBaseStructInit  stm32f10x_tim.o
    0x080021c2   0x080021c2   0x00000002   PAD
    0x080021c4   0x080021c4   0x00000058   Code   RO         3483    i.Timerx_Init       timer.o
    0x0800221c   0x0800221c   0x000000ac   Code   RO         3229    i.USART1_Config     usart.o
    0x080022c8   0x080022c8   0x00000078   Code   RO         3230    i.USART1_IRQHandler  usart.o
    0x08002340   0x08002340   0x00000106   Code   RO         3231    i.USART1_Printf     usart.o
    0x08002446   0x08002446   0x00000002   PAD
    0x08002448   0x08002448   0x00000020   Code   RO         3233    i.USART1_Send_Byte  usart.o
    0x08002468   0x08002468   0x00000018   Code   RO         2997    i.USART_Cmd         stm32f10x_usart.o
    0x08002480   0x08002480   0x0000001a   Code   RO         3000    i.USART_GetFlagStatus  stm32f10x_usart.o
    0x0800249a   0x0800249a   0x00000054   Code   RO         3001    i.USART_GetITStatus  stm32f10x_usart.o
    0x080024ee   0x080024ee   0x0000004a   Code   RO         3003    i.USART_ITConfig    stm32f10x_usart.o
    0x08002538   0x08002538   0x000000d8   Code   RO         3004    i.USART_Init        stm32f10x_usart.o
    0x08002610   0x08002610   0x0000000a   Code   RO         3011    i.USART_ReceiveData  stm32f10x_usart.o
    0x0800261a   0x0800261a   0x00000008   Code   RO         3014    i.USART_SendData    stm32f10x_usart.o
    0x08002622   0x08002622   0x00000004   Code   RO          153    i.UsageFault_Handler  stm32f10x_it.o
    0x08002626   0x08002626   0x00000028   Code   RO         4247    i.__ARM_fpclassify  m_ws.l(fpclassify.o)
    0x0800264e   0x0800264e   0x000000aa   Code   RO         4249    i.__kernel_poly     m_ws.l(poly.o)
    0x080026f8   0x080026f8   0x00000006   Code   RO         4234    i.__mathlib_dbl_infnan  m_ws.l(dunder.o)
    0x080026fe   0x080026fe   0x00000004   Code   RO         4235    i.__mathlib_dbl_infnan2  m_ws.l(dunder.o)
    0x08002702   0x08002702   0x0000000c   Code   RO         4236    i.__mathlib_dbl_invalid  m_ws.l(dunder.o)
    0x0800270e   0x0800270e   0x00000002   PAD
    0x08002710   0x08002710   0x00000010   Code   RO         4239    i.__mathlib_dbl_underflow  m_ws.l(dunder.o)
    0x08002720   0x08002720   0x000000a8   Code   RO         3634    i.accel_self_test   inv_mpu.o
    0x080027c8   0x080027c8   0x00000270   Code   RO         4174    i.asin              m_ws.l(asin.o)
    0x08002a38   0x08002a38   0x00000220   Code   RO         4224    i.atan              m_ws.l(atan.o)
    0x08002c58   0x08002c58   0x0000019c   Code   RO         4184    i.atan2             m_ws.l(atan2.o)
    0x08002df4   0x08002df4   0x00000064   Code   RO         3922    i.decode_gesture    inv_mpu_dmp_motion_driver.o
    0x08002e58   0x08002e58   0x0000004c   Code   RO         3315    i.delay_ms          delay.o
    0x08002ea4   0x08002ea4   0x0000003c   Code   RO         3923    i.dmp_enable_6x_lp_quat  inv_mpu_dmp_motion_driver.o
    0x08002ee0   0x08002ee0   0x0000021c   Code   RO         3924    i.dmp_enable_feature  inv_mpu_dmp_motion_driver.o
    0x080030fc   0x080030fc   0x00000058   Code   RO         3925    i.dmp_enable_gyro_cal  inv_mpu_dmp_motion_driver.o
    0x08003154   0x08003154   0x0000003c   Code   RO         3926    i.dmp_enable_lp_quat  inv_mpu_dmp_motion_driver.o
    0x08003190   0x08003190   0x00000018   Code   RO         3931    i.dmp_load_motion_driver_firmware  inv_mpu_dmp_motion_driver.o
    0x080031a8   0x080031a8   0x000001cc   Code   RO         3932    i.dmp_read_fifo     inv_mpu_dmp_motion_driver.o
    0x08003374   0x08003374   0x00000130   Code   RO         3935    i.dmp_set_accel_bias  inv_mpu_dmp_motion_driver.o
    0x080034a4   0x080034a4   0x00000070   Code   RO         3936    i.dmp_set_fifo_rate  inv_mpu_dmp_motion_driver.o
    0x08003514   0x08003514   0x00000130   Code   RO         3937    i.dmp_set_gyro_bias  inv_mpu_dmp_motion_driver.o
    0x08003644   0x08003644   0x00000138   Code   RO         3939    i.dmp_set_orientation  inv_mpu_dmp_motion_driver.o
    0x0800377c   0x0800377c   0x00000038   Code   RO         3942    i.dmp_set_shake_reject_thresh  inv_mpu_dmp_motion_driver.o
    0x080037b4   0x080037b4   0x00000026   Code   RO         3943    i.dmp_set_shake_reject_time  inv_mpu_dmp_motion_driver.o
    0x080037da   0x080037da   0x00000026   Code   RO         3944    i.dmp_set_shake_reject_timeout  inv_mpu_dmp_motion_driver.o
    0x08003800   0x08003800   0x00000046   Code   RO         3945    i.dmp_set_tap_axes  inv_mpu_dmp_motion_driver.o
    0x08003846   0x08003846   0x00000026   Code   RO         3946    i.dmp_set_tap_count  inv_mpu_dmp_motion_driver.o
    0x0800386c   0x0800386c   0x000001a0   Code   RO         3947    i.dmp_set_tap_thresh  inv_mpu_dmp_motion_driver.o
    0x08003a0c   0x08003a0c   0x00000026   Code   RO         3948    i.dmp_set_tap_time  inv_mpu_dmp_motion_driver.o
    0x08003a32   0x08003a32   0x00000026   Code   RO         3949    i.dmp_set_tap_time_multi  inv_mpu_dmp_motion_driver.o
    0x08003a58   0x08003a58   0x000000b4   Code   RO         3635    i.get_accel_prod_shift  inv_mpu.o
    0x08003b0c   0x08003b0c   0x00000002   Code   RO         3317    i.get_ms            delay.o
    0x08003b0e   0x08003b0e   0x00000002   PAD
    0x08003b10   0x08003b10   0x0000046c   Code   RO         3636    i.get_st_biases     inv_mpu.o
    0x08003f7c   0x08003f7c   0x00000110   Code   RO         3637    i.gyro_self_test    inv_mpu.o
    0x0800408c   0x0800408c   0x0000002c   Code   RO         3365    i.i2cInit           i2c.o
    0x080040b8   0x080040b8   0x00000078   Code   RO         3366    i.i2cRead           i2c.o
    0x08004130   0x08004130   0x00000064   Code   RO         3368    i.i2cWriteBuffer    i2c.o
    0x08004194   0x08004194   0x00000026   Code   RO         3369    i.i2cread           i2c.o
    0x080041ba   0x080041ba   0x00000026   Code   RO         3370    i.i2cwrite          i2c.o
    0x080041e0   0x080041e0   0x00000028   Code   RO         3950    i.inv_orientation_matrix_to_scalar  inv_mpu_dmp_motion_driver.o
    0x08004208   0x08004208   0x0000004e   Code   RO         3951    i.inv_row_2_scale   inv_mpu_dmp_motion_driver.o
    0x08004256   0x08004256   0x00000062   Code   RO         3237    i.itoa              usart.o
    0x080042b8   0x080042b8   0x000000e0   Code   RO            1    i.main              main.o
    0x08004398   0x08004398   0x00000070   Code   RO         3638    i.mpu_configure_fifo  inv_mpu.o
    0x08004408   0x08004408   0x0000004c   Code   RO         3639    i.mpu_get_accel_fsr  inv_mpu.o
    0x08004454   0x08004454   0x00000054   Code   RO         3641    i.mpu_get_accel_sens  inv_mpu.o
    0x080044a8   0x080044a8   0x00000010   Code   RO         3646    i.mpu_get_fifo_config  inv_mpu.o
    0x080044b8   0x080044b8   0x00000044   Code   RO         3647    i.mpu_get_gyro_fsr  inv_mpu.o
    0x080044fc   0x080044fc   0x00000050   Code   RO         3649    i.mpu_get_gyro_sens  inv_mpu.o
    0x0800454c   0x0800454c   0x00000050   Code   RO         3651    i.mpu_get_lpf       inv_mpu.o
    0x0800459c   0x0800459c   0x00000020   Code   RO         3653    i.mpu_get_sample_rate  inv_mpu.o
    0x080045bc   0x080045bc   0x00000190   Code   RO         3655    i.mpu_init          inv_mpu.o
    0x0800474c   0x0800474c   0x000000b8   Code   RO         3656    i.mpu_load_firmware  inv_mpu.o
    0x08004804   0x08004804   0x000000e0   Code   RO         3657    i.mpu_lp_accel_mode  inv_mpu.o
    0x080048e4   0x080048e4   0x000000c0   Code   RO         3660    i.mpu_read_fifo_stream  inv_mpu.o
    0x080049a4   0x080049a4   0x00000080   Code   RO         3661    i.mpu_read_mem      inv_mpu.o
    0x08004a24   0x08004a24   0x000001c8   Code   RO         3664    i.mpu_reset_fifo    inv_mpu.o
    0x08004bec   0x08004bec   0x0000011c   Code   RO         3665    i.mpu_run_self_test  inv_mpu.o
    0x08004d08   0x08004d08   0x00000084   Code   RO         3667    i.mpu_set_accel_fsr  inv_mpu.o
    0x08004d8c   0x08004d8c   0x0000014c   Code   RO         3668    i.mpu_set_bypass    inv_mpu.o
    0x08004ed8   0x08004ed8   0x00000090   Code   RO         3670    i.mpu_set_dmp_state  inv_mpu.o
    0x08004f68   0x08004f68   0x00000088   Code   RO         3671    i.mpu_set_gyro_fsr  inv_mpu.o
    0x08004ff0   0x08004ff0   0x0000006c   Code   RO         3672    i.mpu_set_int_latched  inv_mpu.o
    0x0800505c   0x0800505c   0x00000084   Code   RO         3674    i.mpu_set_lpf       inv_mpu.o
    0x080050e0   0x080050e0   0x0000009c   Code   RO         3675    i.mpu_set_sample_rate  inv_mpu.o
    0x0800517c   0x0800517c   0x000000d0   Code   RO         3676    i.mpu_set_sensors   inv_mpu.o
    0x0800524c   0x0800524c   0x00000080   Code   RO         3677    i.mpu_write_mem     inv_mpu.o
    0x080052cc   0x080052cc   0x000000bc   Code   RO         3952    i.run_self_test     inv_mpu_dmp_motion_driver.o
    0x08005388   0x08005388   0x00000090   Code   RO         3678    i.set_int_enable    inv_mpu.o
    0x08005418   0x08005418   0x0000004c   Code   RO         4253    i.sqrt              m_ws.l(sqrt.o)
    0x08005464   0x08005464   0x00000062   Code   RO         4135    x$fpl$d2f           fz_ws.l(d2f.o)
    0x080054c6   0x080054c6   0x00000002   PAD
    0x080054c8   0x080054c8   0x00000150   Code   RO         4198    x$fpl$dadd          fz_ws.l(daddsub_clz.o)
    0x08005618   0x08005618   0x00000010   Code   RO         4284    x$fpl$dcheck1       fz_ws.l(dcheck1.o)
    0x08005628   0x08005628   0x00000018   Code   RO         4286    x$fpl$dcmpinf       fz_ws.l(dcmpi.o)
    0x08005640   0x08005640   0x000002b0   Code   RO         4205    x$fpl$ddiv          fz_ws.l(ddiv.o)
    0x080058f0   0x080058f0   0x00000078   Code   RO         4208    x$fpl$deqf          fz_ws.l(deqf.o)
    0x08005968   0x08005968   0x00000154   Code   RO         4137    x$fpl$dmul          fz_ws.l(dmul.o)
    0x08005abc   0x08005abc   0x0000009c   Code   RO         4210    x$fpl$dnaninf       fz_ws.l(dnaninf.o)
    0x08005b58   0x08005b58   0x0000000c   Code   RO         4212    x$fpl$dretinf       fz_ws.l(dretinf.o)
    0x08005b64   0x08005b64   0x00000016   Code   RO         4199    x$fpl$drsb          fz_ws.l(daddsub_clz.o)
    0x08005b7a   0x08005b7a   0x00000002   PAD
    0x08005b7c   0x08005b7c   0x000001cc   Code   RO         4290    x$fpl$dsqrt         fz_ws.l(dsqrt_noumaal.o)
    0x08005d48   0x08005d48   0x000001d4   Code   RO         4200    x$fpl$dsub          fz_ws.l(daddsub_clz.o)
    0x08005f1c   0x08005f1c   0x00000056   Code   RO         4139    x$fpl$f2d           fz_ws.l(f2d.o)
    0x08005f72   0x08005f72   0x00000002   PAD
    0x08005f74   0x08005f74   0x000000c4   Code   RO         4141    x$fpl$fadd          fz_ws.l(faddsub_clz.o)
    0x08006038   0x08006038   0x00000018   Code   RO         4214    x$fpl$fcmpinf       fz_ws.l(fcmpi.o)
    0x08006050   0x08006050   0x00000184   Code   RO         4148    x$fpl$fdiv          fz_ws.l(fdiv.o)
    0x080061d4   0x080061d4   0x00000068   Code   RO         4151    x$fpl$feqf          fz_ws.l(feqf.o)
    0x0800623c   0x0800623c   0x00000036   Code   RO         4153    x$fpl$ffix          fz_ws.l(ffix.o)
    0x08006272   0x08006272   0x00000002   PAD
    0x08006274   0x08006274   0x0000003e   Code   RO         4157    x$fpl$ffixu         fz_ws.l(ffixu.o)
    0x080062b2   0x080062b2   0x00000002   PAD
    0x080062b4   0x080062b4   0x00000030   Code   RO         4162    x$fpl$fflt          fz_ws.l(fflt_clz.o)
    0x080062e4   0x080062e4   0x00000026   Code   RO         4161    x$fpl$ffltu         fz_ws.l(fflt_clz.o)
    0x0800630a   0x0800630a   0x00000002   PAD
    0x0800630c   0x0800630c   0x00000068   Code   RO         4167    x$fpl$fleqf         fz_ws.l(fleqf.o)
    0x08006374   0x08006374   0x00000102   Code   RO         4169    x$fpl$fmul          fz_ws.l(fmul.o)
    0x08006476   0x08006476   0x0000008c   Code   RO         4216    x$fpl$fnaninf       fz_ws.l(fnaninf.o)
    0x08006502   0x08006502   0x0000000a   Code   RO         4218    x$fpl$fretinf       fz_ws.l(fretinf.o)
    0x0800650c   0x0800650c   0x00000062   Code   RO         4171    x$fpl$frleqf        fz_ws.l(frleqf.o)
    0x0800656e   0x0800656e   0x00000014   Code   RO         4142    x$fpl$frsb          fz_ws.l(faddsub_clz.o)
    0x08006582   0x08006582   0x00000002   PAD
    0x08006584   0x08006584   0x000000ea   Code   RO         4143    x$fpl$fsub          fz_ws.l(faddsub_clz.o)
    0x0800666e   0x0800666e   0x00000064   Code   RO         4307    x$fpl$retnan        fz_ws.l(retnan.o)
    0x080066d2   0x080066d2   0x0000005c   Code   RO         4220    x$fpl$scalbn        fz_ws.l(scalbn.o)
    0x0800672e   0x0800672e   0x00000030   Code   RO         4360    x$fpl$trapveneer    fz_ws.l(trapv.o)
    0x0800675e   0x0800675e   0x00000000   Code   RO         4222    x$fpl$usenofp       fz_ws.l(usenofp.o)
    0x0800675e   0x0800675e   0x00000002   PAD
    0x08006760   0x08006760   0x00000050   Data   RO         3679    .constdata          inv_mpu.o
    0x080067b0   0x080067b0   0x00000bf6   Data   RO         3954    .constdata          inv_mpu_dmp_motion_driver.o
    0x080073a6   0x080073a6   0x00000002   PAD
    0x080073a8   0x080073a8   0x00000050   Data   RO         4175    .constdata          m_ws.l(asin.o)
    0x080073f8   0x080073f8   0x00000098   Data   RO         4225    .constdata          m_ws.l(atan.o)
    0x08007490   0x08007490   0x00000008   Data   RO         4251    .constdata          m_ws.l(qnan.o)
    0x08007498   0x08007498   0x00000020   Data   RO         4441    Region$$Table       anon$$obj.o


    Execution Region RW_IRAM1 (Exec base: 0x20000000, Load base: 0x080074b8, Size: 0x000007a8, Max: 0x00005000, ABSOLUTE)

    Exec Addr    Load Addr    Size         Type   Attr      Idx    E Section Name        Object

    0x20000000   0x080074b8   0x00000014   Data   RW          230    .data               system_stm32f10x.o
    0x20000014   0x080074cc   0x00000014   Data   RW         1857    .data               stm32f10x_rcc.o
    0x20000028   0x080074e0   0x00000001   Data   RW         3239    .data               usart.o
    0x20000029   0x080074e1   0x00000003   PAD
    0x2000002c   0x080074e4   0x0000000c   Data   RW         3318    .data               delay.o
    0x20000038   0x080074f0   0x0000003b   Data   RW         3450    .data               mpu6050.o
    0x20000073   0x0800752b   0x00000001   PAD
    0x20000074   0x0800752c   0x00000004   Data   RW         3484    .data               timer.o
    0x20000078   0x08007530   0x0000000c   Data   RW         3539    .data               encoder.o
    0x20000084   0x0800753c   0x0000002c   Data   RW         3680    .data               inv_mpu.o
    0x200000b0        -       0x00000042   Zero   RW         3238    .bss                usart.o
    0x200000f2   0x08007568   0x00000002   PAD
    0x200000f4        -       0x00000010   Zero   RW         3449    .bss                mpu6050.o
    0x20000104        -       0x00000030   Zero   RW         3616    .bss                pid.o
    0x20000134        -       0x00000010   Zero   RW         3953    .bss                inv_mpu_dmp_motion_driver.o
    0x20000144        -       0x00000060   Zero   RW         4293    .bss                c_w.l(libspace.o)
    0x200001a4   0x08007568   0x00000004   PAD
    0x200001a8        -       0x00000200   Zero   RW          209    HEAP                startup_stm32f10x_md.o
    0x200003a8        -       0x00000400   Zero   RW          208    STACK               startup_stm32f10x_md.o


==============================================================================

Image component sizes


      Code (inc. data)   RO Data    RW Data    ZI Data      Debug   Object Name

       140          8          0          0          0        555   adc.o
       146         22          0         12          0       1827   delay.o
       600         64          0         12          0       2658   encoder.o
       902         38          0          0          0       7066   i2c.o
      5788        202         80         44          0      24539   inv_mpu.o
      3402        160       3062          0         16      21281   inv_mpu_dmp_motion_driver.o
       224         66          0          0          0     260523   main.o
       172         22          0          0          0       1805   misc.o
       378         18          0          0          0       2453   motor.o
      1552        776          0         59         16       2185   mpu6050.o
       428         20          0          0         48       1985   pid.o
        64         26        236          0       1536        776   startup_stm32f10x_md.o
       254         24          0          0          0       5507   stm32f10x_adc.o
       302          0          0          0          0       3238   stm32f10x_gpio.o
        32          0          0          0          0       3370   stm32f10x_it.o
       364         50          0         20          0       5655   stm32f10x_rcc.o
      2044        234          0          0          0      15775   stm32f10x_tim.o
       442          6          0          0          0       5669   stm32f10x_usart.o
       328         28          0         20          0       1957   system_stm32f10x.o
       152         18          0          4          0       1256   timer.o
       864         42          0          1         66       6184   usart.o

    ----------------------------------------------------------------------
     18596       1824       3412        176       1684     376264   Object Totals
         0          0         32          0          0          0   (incl. Generated)
        18          0          2          4          2          0   (incl. Padding)

    ----------------------------------------------------------------------

      Code (inc. data)   RO Data    RW Data    ZI Data      Debug   Library Member Name

         8          0          0          0          0         68   __main.o
         0          0          0          0          0          0   __rtentry.o
        12          0          0          0          0          0   __rtentry2.o
         6          0          0          0          0          0   __rtentry4.o
        52          8          0          0          0          0   __scatter.o
        26          0          0          0          0          0   __scatter_copy.o
        28          0          0          0          0          0   __scatter_zi.o
        22          0          0          0          0        100   _rserrno.o
        16          0          0          0          0         68   aeabi_memset.o
        18          0          0          0          0         80   exit.o
         6          0          0          0          0        152   heapauxi.o
         0          0          0          0          0          0   indicate_semi.o
         2          0          0          0          0          0   libinit.o
         2          0          0          0          0          0   libinit2.o
         2          0          0          0          0          0   libshutdown.o
         2          0          0          0          0          0   libshutdown2.o
         8          4          0          0         96         68   libspace.o
        72          0          0          0          0         76   llsdiv.o
       238          0          0          0          0        100   lludivv7m.o
        88          0          0          0          0         76   memcmp.o
         8          4          0          0          0         68   rt_errno_addr_intlibspace.o
        68          0          0          0          0         68   rt_memclr.o
        78          0          0          0          0         80   rt_memclr_w.o
         2          0          0          0          0          0   rtexit.o
        10          0          0          0          0          0   rtexit2.o
        12          4          0          0          0         68   sys_exit.o
        74          0          0          0          0         80   sys_stackheap_outer.o
         2          0          0          0          0         68   use_no_semi.o
        98          4          0          0          0         92   d2f.o
       826         16          0          0          0        348   daddsub_clz.o
        16          4          0          0          0         68   dcheck1.o
        24          0          0          0          0         68   dcmpi.o
       688        140          0          0          0        208   ddiv.o
       120          4          0          0          0         92   deqf.o
       340         12          0          0          0        104   dmul.o
       156          4          0          0          0         92   dnaninf.o
        12          0          0          0          0         68   dretinf.o
       460         56          0          0          0        120   dsqrt_noumaal.o
        86          4          0          0          0         84   f2d.o
       450          8          0          0          0        236   faddsub_clz.o
        24          0          0          0          0         68   fcmpi.o
       388         76          0          0          0         96   fdiv.o
       104          4          0          0          0         84   feqf.o
        54          4          0          0          0         84   ffix.o
        62          4          0          0          0         84   ffixu.o
        86          0          0          0          0        136   fflt_clz.o
       104          4          0          0          0         84   fleqf.o
       258          4          0          0          0         84   fmul.o
       140          4          0          0          0         84   fnaninf.o
        10          0          0          0          0         68   fretinf.o
        98          0          0          0          0         68   frleqf.o
       100          0          0          0          0         68   retnan.o
        92          0          0          0          0         68   scalbn.o
        48          0          0          0          0         68   trapv.o
         0          0          0          0          0          0   usenofp.o
       624         52         80          0          0        168   asin.o
       544         70        152          0          0        124   atan.o
       412         38          0          0          0        144   atan2.o
        38          6          0          0          0        272   dunder.o
        40          0          0          0          0         68   fpclassify.o
       170          0          0          0          0         96   poly.o
         0          0          8          0          0          0   qnan.o
        76          0          0          0          0         84   sqrt.o

    ----------------------------------------------------------------------
      7632        538        240          0        100       4900   Library Totals
        22          0          0          0          4          0   (incl. Padding)

    ----------------------------------------------------------------------

      Code (inc. data)   RO Data    RW Data    ZI Data      Debug   Library Name

       862         20          0          0         96       1220   c_w.l
      4844        352          0          0          0       2724   fz_ws.l
      1904        166        240          0          0        956   m_ws.l

    ----------------------------------------------------------------------
      7632        538        240          0        100       4900   Library Totals

    ----------------------------------------------------------------------

==============================================================================


      Code (inc. data)   RO Data    RW Data    ZI Data      Debug   

     26228       2362       3652        176       1784     370552   Grand Totals
     26228       2362       3652        176       1784     370552   ELF Image Totals
     26228       2362       3652        176          0          0   ROM Totals

==============================================================================

    Total RO  Size (Code + RO Data)                29880 (  29.18kB)
    Total RW  Size (RW Data + ZI Data)              1960 (   1.91kB)
    Total ROM Size (Code + RO Data + RW Data)      30056 (  29.35kB)

==============================================================================

