Component: ARM Compiler 5.06 update 7 (build 960) Tool: armlink [4d3601]

==============================================================================

Section Cross References

    main.o(i.main) refers to rt_memclr_w.o(.text) for __aeabi_memclr4
    main.o(i.main) refers to system_stm32f10x.o(i.SystemInit) for SystemInit
    main.o(i.main) refers to delay.o(i.SysTick_Init) for SysTick_Init
    main.o(i.main) refers to usart.o(i.USART3_Config) for USART3_Config
    main.o(i.main) refers to delay.o(i.delay_ms) for delay_ms
    main.o(i.main) refers to motor.o(i.TIM1_PWM_Init) for TIM1_PWM_Init
    main.o(i.main) refers to motor.o(i.MOTOR_GPIO_Config) for MOTOR_GPIO_Config
    main.o(i.main) refers to adc.o(i.Adc_Init) for Adc_Init
    main.o(i.main) refers to i2c.o(i.i2cInit) for i2cInit
    main.o(i.main) refers to mpu6050.o(i.MPU6050_Init) for MPU6050_Init
    main.o(i.main) refers to encoder.o(i.Left_Encoder_Init) for Left_Encoder_Init
    main.o(i.main) refers to encoder.o(i.Right_Encoder_Init) for Right_Encoder_Init
    main.o(i.main) refers to timer.o(i.Timerx_Init) for Timerx_Init
    main.o(i.main) refers to pid.o(i.Pid_Control_speed) for Pid_Control_speed
    main.o(i.main) refers to mpu6050.o(i.MPU6050_Pose) for MPU6050_Pose
    main.o(i.main) refers to adc.o(i.Get_Valtage) for Get_Valtage
    main.o(i.main) refers to usart.o(i.Usart_SendTo_Ubuntu) for Usart_SendTo_Ubuntu
    main.o(i.main) refers to pid.o(.bss) for Left_moto
    main.o(i.main) refers to main.o(.data) for Time_Count
    main.o(i.main) refers to usart.o(.bss) for Send_Data
    startup_stm32f10x_md.o(STACK) refers (Special) to heapauxi.o(.text) for __use_two_region_memory
    startup_stm32f10x_md.o(HEAP) refers (Special) to heapauxi.o(.text) for __use_two_region_memory
    startup_stm32f10x_md.o(RESET) refers (Special) to heapauxi.o(.text) for __use_two_region_memory
    startup_stm32f10x_md.o(RESET) refers to startup_stm32f10x_md.o(STACK) for __initial_sp
    startup_stm32f10x_md.o(RESET) refers to startup_stm32f10x_md.o(.text) for Reset_Handler
    startup_stm32f10x_md.o(RESET) refers to stm32f10x_it.o(i.NMI_Handler) for NMI_Handler
    startup_stm32f10x_md.o(RESET) refers to stm32f10x_it.o(i.HardFault_Handler) for HardFault_Handler
    startup_stm32f10x_md.o(RESET) refers to stm32f10x_it.o(i.MemManage_Handler) for MemManage_Handler
    startup_stm32f10x_md.o(RESET) refers to stm32f10x_it.o(i.BusFault_Handler) for BusFault_Handler
    startup_stm32f10x_md.o(RESET) refers to stm32f10x_it.o(i.UsageFault_Handler) for UsageFault_Handler
    startup_stm32f10x_md.o(RESET) refers to stm32f10x_it.o(i.SVC_Handler) for SVC_Handler
    startup_stm32f10x_md.o(RESET) refers to stm32f10x_it.o(i.DebugMon_Handler) for DebugMon_Handler
    startup_stm32f10x_md.o(RESET) refers to stm32f10x_it.o(i.PendSV_Handler) for PendSV_Handler
    startup_stm32f10x_md.o(RESET) refers to stm32f10x_it.o(i.SysTick_Handler) for SysTick_Handler
    startup_stm32f10x_md.o(RESET) refers to timer.o(i.TIM1_UP_IRQHandler) for TIM1_UP_IRQHandler
    startup_stm32f10x_md.o(RESET) refers to encoder.o(i.TIM3_IRQHandler) for TIM3_IRQHandler
    startup_stm32f10x_md.o(RESET) refers to encoder.o(i.TIM4_IRQHandler) for TIM4_IRQHandler
    startup_stm32f10x_md.o(RESET) refers to usart.o(i.USART3_IRQHandler) for USART3_IRQHandler
    startup_stm32f10x_md.o(.text) refers (Special) to heapauxi.o(.text) for __use_two_region_memory
    startup_stm32f10x_md.o(.text) refers to system_stm32f10x.o(i.SystemInit) for SystemInit
    startup_stm32f10x_md.o(.text) refers to __main.o(!!!main) for __main
    startup_stm32f10x_md.o(.text) refers to startup_stm32f10x_md.o(HEAP) for Heap_Mem
    startup_stm32f10x_md.o(.text) refers to startup_stm32f10x_md.o(STACK) for Stack_Mem
    system_stm32f10x.o(i.SetSysClock) refers to system_stm32f10x.o(i.SetSysClockTo72) for SetSysClockTo72
    system_stm32f10x.o(i.SystemCoreClockUpdate) refers to system_stm32f10x.o(.data) for SystemCoreClock
    system_stm32f10x.o(i.SystemInit) refers to system_stm32f10x.o(i.SetSysClock) for SetSysClock
    stm32f10x_adc.o(i.ADC_DeInit) refers to stm32f10x_rcc.o(i.RCC_APB2PeriphResetCmd) for RCC_APB2PeriphResetCmd
    stm32f10x_bkp.o(i.BKP_DeInit) refers to stm32f10x_rcc.o(i.RCC_BackupResetCmd) for RCC_BackupResetCmd
    stm32f10x_can.o(i.CAN_DeInit) refers to stm32f10x_rcc.o(i.RCC_APB1PeriphResetCmd) for RCC_APB1PeriphResetCmd
    stm32f10x_can.o(i.CAN_GetITStatus) refers to stm32f10x_can.o(i.CheckITStatus) for CheckITStatus
    stm32f10x_cec.o(i.CEC_DeInit) refers to stm32f10x_rcc.o(i.RCC_APB1PeriphResetCmd) for RCC_APB1PeriphResetCmd
    stm32f10x_dac.o(i.DAC_DeInit) refers to stm32f10x_rcc.o(i.RCC_APB1PeriphResetCmd) for RCC_APB1PeriphResetCmd
    stm32f10x_flash.o(i.FLASH_EnableWriteProtection) refers to stm32f10x_flash.o(i.FLASH_WaitForLastOperation) for FLASH_WaitForLastOperation
[...]
    i.i2cWriteBuffer                         0x0800421c   Section        0  i2c.o(i.i2cWriteBuffer)
    i.i2cread                                0x08004280   Section        0  i2c.o(i.i2cread)
    i.i2cwrite                               0x080042a6   Section        0  i2c.o(i.i2cwrite)
    i.inv_orientation_matrix_to_scalar       0x080042cc   Section        0  inv_mpu_dmp_motion_driver.o(i.inv_orientation_matrix_to_scalar)
    i.inv_row_2_scale                        0x080042f4   Section        0  inv_mpu_dmp_motion_driver.o(i.inv_row_2_scale)
    inv_row_2_scale                          0x080042f5   Thumb Code    78  inv_mpu_dmp_motion_driver.o(i.inv_row_2_scale)
    i.main                                   0x08004344   Section        0  main.o(i.main)
    i.mpu_configure_fifo                     0x08004438   Section        0  inv_mpu.o(i.mpu_configure_fifo)
    i.mpu_get_accel_fsr                      0x080044a8   Section        0  inv_mpu.o(i.mpu_get_accel_fsr)
    i.mpu_get_accel_sens                     0x080044f4   Section        0  inv_mpu.o(i.mpu_get_accel_sens)
    i.mpu_get_fifo_config                    0x08004548   Section        0  inv_mpu.o(i.mpu_get_fifo_config)
    i.mpu_get_gyro_fsr                       0x08004558   Section        0  inv_mpu.o(i.mpu_get_gyro_fsr)
    i.mpu_get_gyro_sens                      0x0800459c   Section        0  inv_mpu.o(i.mpu_get_gyro_sens)
    i.mpu_get_lpf                            0x080045ec   Section        0  inv_mpu.o(i.mpu_get_lpf)
    i.mpu_get_sample_rate                    0x0800463c   Section        0  inv_mpu.o(i.mpu_get_sample_rate)
    i.mpu_init                               0x0800465c   Section        0  inv_mpu.o(i.mpu_init)
    i.mpu_load_firmware                      0x080047ec   Section        0  inv_mpu.o(i.mpu_load_firmware)
    i.mpu_lp_accel_mode                      0x080048a4   Section        0  inv_mpu.o(i.mpu_lp_accel_mode)
    i.mpu_read_fifo_stream                   0x08004984   Section        0  inv_mpu.o(i.mpu_read_fifo_stream)
    i.mpu_read_mem                           0x08004a44   Section        0  inv_mpu.o(i.mpu_read_mem)
    i.mpu_reset_fifo                         0x08004ac4   Section        0  inv_mpu.o(i.mpu_reset_fifo)
    i.mpu_run_self_test                      0x08004c8c   Section        0  inv_mpu.o(i.mpu_run_self_test)
    i.mpu_set_accel_fsr                      0x08004da8   Section        0  inv_mpu.o(i.mpu_set_accel_fsr)
    i.mpu_set_bypass                         0x08004e2c   Section        0  inv_mpu.o(i.mpu_set_bypass)
    i.mpu_set_dmp_state                      0x08004f78   Section        0  inv_mpu.o(i.mpu_set_dmp_state)
    i.mpu_set_gyro_fsr                       0x08005008   Section        0  inv_mpu.o(i.mpu_set_gyro_fsr)
    i.mpu_set_int_latched                    0x08005090   Section        0  inv_mpu.o(i.mpu_set_int_latched)
    i.mpu_set_lpf                            0x080050fc   Section        0  inv_mpu.o(i.mpu_set_lpf)
    i.mpu_set_sample_rate                    0x08005180   Section        0  inv_mpu.o(i.mpu_set_sample_rate)
    i.mpu_set_sensors                        0x0800521c   Section        0  inv_mpu.o(i.mpu_set_sensors)
    i.mpu_write_mem                          0x080052ec   Section        0  inv_mpu.o(i.mpu_write_mem)
    i.run_self_test                          0x0800536c   Section        0  inv_mpu_dmp_motion_driver.o(i.run_self_test)
    i.set_int_enable                         0x08005428   Section        0  inv_mpu.o(i.set_int_enable)
    set_int_enable                           0x08005429   Thumb Code   138  inv_mpu.o(i.set_int_enable)
    i.sqrt                                   0x080054b8   Section        0  sqrt.o(i.sqrt)
    x$fpl$d2f                                0x08005504   Section       98  d2f.o(x$fpl$d2f)
    x$fpl$dadd                               0x08005568   Section      336  daddsub_clz.o(x$fpl$dadd)
    _dadd1                                   0x08005579   Thumb Code     0  daddsub_clz.o(x$fpl$dadd)
    x$fpl$dcheck1                            0x080056b8   Section       16  dcheck1.o(x$fpl$dcheck1)
    x$fpl$dcmpinf                            0x080056c8   Section       24  dcmpi.o(x$fpl$dcmpinf)
    x$fpl$ddiv                               0x080056e0   Section      688  ddiv.o(x$fpl$ddiv)
    ddiv_entry                               0x080056e7   Thumb Code     0  ddiv.o(x$fpl$ddiv)
    x$fpl$deqf                               0x08005990   Section      120  deqf.o(x$fpl$deqf)
    x$fpl$dmul                               0x08005a08   Section      340  dmul.o(x$fpl$dmul)
    x$fpl$dnaninf                            0x08005b5c   Section      156  dnaninf.o(x$fpl$dnaninf)
    x$fpl$dretinf                            0x08005bf8   Section       12  dretinf.o(x$fpl$dretinf)
    x$fpl$drsb                               0x08005c04   Section       22  daddsub_clz.o(x$fpl$drsb)
    x$fpl$dsqrt                              0x08005c1c   Section      460  dsqrt_noumaal.o(x$fpl$dsqrt)
    x$fpl$dsub                               0x08005de8   Section      468  daddsub_clz.o(x$fpl$dsub)
    _dsub1                                   0x08005df9   Thumb Code     0  daddsub_clz.o(x$fpl$dsub)
    x$fpl$f2d                                0x08005fbc   Section       86  f2d.o(x$fpl$f2d)
    x$fpl$fadd                               0x08006014   Section      196  faddsub_clz.o(x$fpl$fadd)
    _fadd1                                   0x08006023   Thumb Code     0  faddsub_clz.o(x$fpl$fadd)
    x$fpl$fcmpinf                            0x080060d8   Section       24  fcmpi.o(x$fpl$fcmpinf)
    x$fpl$fdiv                               0x080060f0   Section      388  fdiv.o(x$fpl$fdiv)
    _fdiv1                                   0x080060f1   Thumb Code     0  fdiv.o(x$fpl$fdiv)
    x$fpl$feqf                               0x08006274   Section      104  feqf.o(x$fpl$feqf)
    x$fpl$ffix                               0x080062dc   Section       54  ffix.o(x$fpl$ffix)
    x$fpl$ffixu                              0x08006314   Section       62  ffixu.o(x$fpl$ffixu)
    x$fpl$fflt                               0x08006354   Section       48  fflt_clz.o(x$fpl$fflt)
    x$fpl$ffltu                              0x08006384   Section       38  fflt_clz.o(x$fpl$ffltu)
    x$fpl$fleqf                              0x080063ac   Section      104  fleqf.o(x$fpl$fleqf)
    x$fpl$fmul                               0x08006414   Section      258  fmul.o(x$fpl$fmul)
    x$fpl$fnaninf                            0x08006516   Section      140  fnaninf.o(x$fpl$fnaninf)
    x$fpl$fretinf                            0x080065a2   Section       10  fretinf.o(x$fpl$fretinf)
    x$fpl$frleqf                             0x080065ac   Section       98  frleqf.o(x$fpl$frleqf)
    x$fpl$frsb                               0x0800660e   Section       20  faddsub_clz.o(x$fpl$frsb)
    x$fpl$fsub                               0x08006624   Section      234  faddsub_clz.o(x$fpl$fsub)
    _fsub1                                   0x08006633   Thumb Code     0  faddsub_clz.o(x$fpl$fsub)
    x$fpl$retnan                             0x0800670e   Section      100  retnan.o(x$fpl$retnan)
    x$fpl$scalbn                             0x08006772   Section       92  scalbn.o(x$fpl$scalbn)
    x$fpl$trapveneer                         0x080067ce   Section       48  trapv.o(x$fpl$trapveneer)
    x$fpl$usenofp                            0x080067fe   Section        0  usenofp.o(x$fpl$usenofp)
    .constdata                               0x08006800   Section       80  inv_mpu.o(.constdata)
    .constdata                               0x08006850   Section     3062  inv_mpu_dmp_motion_driver.o(.constdata)
    dmp_memory                               0x08006850   Data        3062  inv_mpu_dmp_motion_driver.o(.constdata)
    .constdata                               0x08007448   Section       80  asin.o(.constdata)
    pS                                       0x08007448   Data          48  asin.o(.constdata)
    qS                                       0x08007478   Data          32  asin.o(.constdata)
    .constdata                               0x08007498   Section      152  atan.o(.constdata)
    atanhi                                   0x08007498   Data          32  atan.o(.constdata)
    atanlo                                   0x080074b8   Data          32  atan.o(.constdata)
    aTodd                                    0x080074d8   Data          40  atan.o(.constdata)
    aTeven                                   0x08007500   Data          48  atan.o(.constdata)
    .constdata                               0x08007530   Section        8  qnan.o(.constdata)
    .data                                    0x20000000   Section       28  main.o(.data)
    .data                                    0x2000001c   Section       20  system_stm32f10x.o(.data)
    .data                                    0x20000030   Section       20  stm32f10x_rcc.o(.data)
    APBAHBPrescTable                         0x20000030   Data          16  stm32f10x_rcc.o(.data)
    ADCPrescTable                            0x20000040   Data           4  stm32f10x_rcc.o(.data)
    .data                                    0x20000044   Section        1  usart.o(.data)
    .data                                    0x20000048   Section       12  delay.o(.data)
    fac_us                                   0x20000048   Data           1  delay.o(.data)
    fac_ms                                   0x2000004a   Data           2  delay.o(.data)
    timestamp                                0x2000004c   Data           4  delay.o(.data)
    TimingDelay                              0x20000050   Data           4  delay.o(.data)
    .data                                    0x20000054   Section       59  mpu6050.o(.data)
    gyro_orientation                         0x20000054   Data           9  mpu6050.o(.data)
    .data                                    0x20000090   Section       44  inv_mpu.o(.data)
    st                                       0x20000090   Data          44  inv_mpu.o(.data)
    .bss                                     0x200000bc   Section       66  usart.o(.bss)
    .bss                                     0x20000100   Section       16  mpu6050.o(.bss)
    .bss                                     0x20000110   Section       48  pid.o(.bss)
    .bss                                     0x20000140   Section       16  inv_mpu_dmp_motion_driver.o(.bss)
    dmp                                      0x20000140   Data          16  inv_mpu_dmp_motion_driver.o(.bss)
    .bss                                     0x20000150   Section       96  libspace.o(.bss)
    HEAP                                     0x200001b0   Section      512  startup_stm32f10x_md.o(HEAP)
    Heap_Mem                                 0x200001b0   Data         512  startup_stm32f10x_md.o(HEAP)
    STACK                                    0x200003b0   Section     1024  startup_stm32f10x_md.o(STACK)
    Stack_Mem                                0x200003b0   Data        1024  startup_stm32f10x_md.o(STACK)
    __initial_sp                             0x200007b0   Data           0  startup_stm32f10x_md.o(STACK)

    Global Symbols

    Symbol Name                              Value     Ov Type        Size  Object(Section)

    BuildAttributes$$THM_ISAv4$P$D$K$B$S$PE$A:L22UL41UL21$X:L11$S22US41US21$IEEE1$IW$USESV6$~STKCKD$USESV7$~SHL$OTIME$ROPI$IEEEX$EBA8$UX$STANDARDLIB$REQ8$PRES8$EABIv2 0x00000000   Number         0  anon$$obj.o ABSOLUTE
    __ARM_use_no_argv                        0x00000000   Number         0  main.o ABSOLUTE
    __ARM_exceptions_init                     - Undefined Weak Reference
    __alloca_initialize                       - Undefined Weak Reference
    __arm_fini_                               - Undefined Weak Reference
    __arm_preinit_                            - Undefined Weak Reference
    __cpp_initialize__aeabi_                  - Undefined Weak Reference
    __cxa_finalize                            - Undefined Weak Reference
    __rt_locale                               - Undefined Weak Reference
    __sigvec_lookup                           - Undefined Weak Reference
    _atexit_init                              - Undefined Weak Reference
    _call_atexit_fns                          - Undefined Weak Reference
    _clock_init                               - Undefined Weak Reference
    _fp_trap_init                             - Undefined Weak Reference
    _fp_trap_shutdown                         - Undefined Weak Reference
    _get_lc_collate                           - Undefined Weak Reference
    _get_lc_ctype                             - Undefined Weak Reference
    _get_lc_monetary                          - Undefined Weak Reference
    _get_lc_numeric                           - Undefined Weak Reference
    _get_lc_time                              - Undefined Weak Reference
    _getenv_init                              - Undefined Weak Reference
    _handle_redirection                       - Undefined Weak Reference
    _init_alloc                               - Undefined Weak Reference
    _init_user_alloc                          - Undefined Weak Reference
    _initio                                   - Undefined Weak Reference
    _rand_init                                - Undefined Weak Reference
    _signal_finish                            - Undefined Weak Reference
    _signal_init                              - Undefined Weak Reference
    _terminate_alloc                          - Undefined Weak Reference
    _terminate_user_alloc                     - Undefined Weak Reference
    _terminateio                              - Undefined Weak Reference
    __Vectors_Size                           0x000000ec   Number         0  startup_stm32f10x_md.o ABSOLUTE
    __Vectors                                0x08000000   Data           4  startup_stm32f10x_md.o(RESET)
    __Vectors_End                            0x080000ec   Data           0  startup_stm32f10x_md.o(RESET)
    __main                                   0x080000ed   Thumb Code     8  __main.o(!!!main)
    __scatterload                            0x080000f5   Thumb Code     0  __scatter.o(!!!scatter)
    __scatterload_rt2                        0x080000f5   Thumb Code    44  __scatter.o(!!!scatter)
    __scatterload_rt2_thumb_only             0x080000f5   Thumb Code     0  __scatter.o(!!!scatter)
    __scatterload_null                       0x08000103   Thumb Code     0  __scatter.o(!!!scatter)
    __scatterload_copy                       0x08000129   Thumb Code    26  __scatter_copy.o(!!handler_copy)
    __scatterload_zeroinit                   0x08000145   Thumb Code    28  __scatter_zi.o(!!handler_zi)
    __rt_lib_init                            0x08000161   Thumb Code     0  libinit.o(.ARM.Collect$$libinit$$00000000)
    __rt_lib_init_alloca_1                   0x08000163   Thumb Code     0  libinit2.o(.ARM.Collect$$libinit$$0000002E)
    __rt_lib_init_argv_1                     0x08000163   Thumb Code     0  libinit2.o(.ARM.Collect$$libinit$$0000002C)
    __rt_lib_init_atexit_1                   0x08000163   Thumb Code     0  libinit2.o(.ARM.Collect$$libinit$$0000001B)
    __rt_lib_init_clock_1                    0x08000163   Thumb Code     0  libinit2.o(.ARM.Collect$$libinit$$00000021)
    __rt_lib_init_cpp_1                      0x08000163   Thumb Code     0  libinit2.o(.ARM.Collect$$libinit$$00000032)
    __rt_lib_init_exceptions_1               0x08000163   Thumb Code     0  libinit2.o(.ARM.Collect$$libinit$$00000030)
    __rt_lib_init_fp_1                       0x08000163   Thumb Code     0  libinit2.o(.ARM.Collect$$libinit$$00000002)
    __rt_lib_init_fp_trap_1                  0x08000163   Thumb Code     0  libinit2.o(.ARM.Collect$$libinit$$0000001F)
    __rt_lib_init_getenv_1                   0x08000163   Thumb Code     0  libinit2.o(.ARM.Collect$$libinit$$00000023)
    __rt_lib_init_heap_1                     0x08000163   Thumb Code     0  libinit2.o(.ARM.Collect$$libinit$$0000000A)
    __rt_lib_init_lc_collate_1               0x08000163   Thumb Code     0  libinit2.o(.ARM.Collect$$libinit$$00000011)
    __rt_lib_init_lc_ctype_1                 0x08000163   Thumb Code     0  libinit2.o(.ARM.Collect$$libinit$$00000013)
    __rt_lib_init_lc_monetary_1              0x08000163   Thumb Code     0  libinit2.o(.ARM.Collect$$libinit$$00000015)
    __rt_lib_init_lc_numeric_1               0x08000163   Thumb Code     0  libinit2.o(.ARM.Collect$$libinit$$00000017)
    __rt_lib_init_lc_time_1                  0x08000163   Thumb Code     0  libinit2.o(.ARM.Collect$$libinit$$00000019)
    __rt_lib_init_preinit_1                  0x08000163   Thumb Code     0  libinit2.o(.ARM.Collect$$libinit$$00000004)
    __rt_lib_init_rand_1                     0x08000163   Thumb Code     0  libinit2.o(.ARM.Collect$$libinit$$0000000E)
    __rt_lib_init_return                     0x08000163   Thumb Code     0  libinit2.o(.ARM.Collect$$libinit$$00000033)
    __rt_lib_init_signal_1                   0x08000163   Thumb Code     0  libinit2.o(.ARM.Collect$$libinit$$0000001D)
    __rt_lib_init_stdio_1                    0x08000163   Thumb Code     0  libinit2.o(.ARM.Collect$$libinit$$00000025)
    __rt_lib_init_user_alloc_1               0x08000163   Thumb Code     0  libinit2.o(.ARM.Collect$$libinit$$0000000C)
    __rt_lib_shutdown                        0x08000165   Thumb Code     0  libshutdown.o(.ARM.Collect$$libshutdown$$00000000)
    __rt_lib_shutdown_cpp_1                  0x08000167   Thumb Code     0  libshutdown2.o(.ARM.Collect$$libshutdown$$00000004)
    __rt_lib_shutdown_fini_1                 0x08000167   Thumb Code     0  libshutdown2.o(.ARM.Collect$$libshutdown$$00000002)
    __rt_lib_shutdown_fp_trap_1              0x08000167   Thumb Code     0  libshutdown2.o(.ARM.Collect$$libshutdown$$00000009)
    __rt_lib_shutdown_heap_1                 0x08000167   Thumb Code     0  libshutdown2.o(.ARM.Collect$$libshutdown$$00000011)
    __rt_lib_shutdown_return                 0x08000167   Thumb Code     0  libshutdown2.o(.ARM.Collect$$libshutdown$$00000012)
    __rt_lib_shutdown_signal_1               0x08000167   Thumb Code     0  libshutdown2.o(.ARM.Collect$$libshutdown$$0000000C)
    __rt_lib_shutdown_stdio_1                0x08000167   Thumb Code     0  libshutdown2.o(.ARM.Collect$$libshutdown$$00000006)
    __rt_lib_shutdown_user_alloc_1           0x08000167   Thumb Code     0  libshutdown2.o(.ARM.Collect$$libshutdown$$0000000E)
    __rt_entry                               0x08000169   Thumb Code     0  __rtentry.o(.ARM.Collect$$rtentry$$00000000)
    __rt_entry_presh_1                       0x08000169   Thumb Code     0  __rtentry2.o(.ARM.Collect$$rtentry$$00000002)
    __rt_entry_sh                            0x08000169   Thumb Code     0  __rtentry4.o(.ARM.Collect$$rtentry$$00000004)
    __rt_entry_li                            0x0800016f   Thumb Code     0  __rtentry2.o(.ARM.Collect$$rtentry$$0000000A)
    __rt_entry_postsh_1                      0x0800016f   Thumb Code     0  __rtentry2.o(.ARM.Collect$$rtentry$$00000009)
    __rt_entry_main                          0x08000173   Thumb Code     0  __rtentry2.o(.ARM.Collect$$rtentry$$0000000D)
    __rt_entry_postli_1                      0x08000173   Thumb Code     0  __rtentry2.o(.ARM.Collect$$rtentry$$0000000C)
    __rt_exit                                0x0800017b   Thumb Code     0  rtexit.o(.ARM.Collect$$rtexit$$00000000)
    __rt_exit_ls                             0x0800017d   Thumb Code     0  rtexit2.o(.ARM.Collect$$rtexit$$00000003)
    __rt_exit_prels_1                        0x0800017d   Thumb Code     0  rtexit2.o(.ARM.Collect$$rtexit$$00000002)
    __rt_exit_exit                           0x08000181   Thumb Code     0  rtexit2.o(.ARM.Collect$$rtexit$$00000004)
    Reset_Handler                            0x08000189   Thumb Code     8  startup_stm32f10x_md.o(.text)
    ADC1_2_IRQHandler                        0x080001a3   Thumb Code     0  startup_stm32f10x_md.o(.text)
    CAN1_RX1_IRQHandler                      0x080001a3   Thumb Code     0  startup_stm32f10x_md.o(.text)
    CAN1_SCE_IRQHandler                      0x080001a3   Thumb Code     0  startup_stm32f10x_md.o(.text)
    DMA1_Channel1_IRQHandler                 0x080001a3   Thumb Code     0  startup_stm32f10x_md.o(.text)
    DMA1_Channel2_IRQHandler                 0x080001a3   Thumb Code     0  startup_stm32f10x_md.o(.text)
    DMA1_Channel3_IRQHandler                 0x080001a3   Thumb Code     0  startup_stm32f10x_md.o(.text)
    DMA1_Channel4_IRQHandler                 0x080001a3   Thumb Code     0  startup_stm32f10x_md.o(.text)
    DMA1_Channel5_IRQHandler                 0x080001a3   Thumb Code     0  startup_stm32f10x_md.o(.text)
    DMA1_Channel6_IRQHandler                 0x080001a3   Thumb Code     0  startup_stm32f10x_md.o(.text)
    DMA1_Channel7_IRQHandler                 0x080001a3   Thumb Code     0  startup_stm32f10x_md.o(.text)
    EXTI0_IRQHandler                         0x080001a3   Thumb Code     0  startup_stm32f10x_md.o(.text)
    EXTI15_10_IRQHandler                     0x080001a3   Thumb Code     0  startup_stm32f10x_md.o(.text)
    EXTI1_IRQHandler                         0x080001a3   Thumb Code     0  startup_stm32f10x_md.o(.text)
    EXTI2_IRQHandler                         0x080001a3   Thumb Code     0  startup_stm32f10x_md.o(.text)
    EXTI3_IRQHandler                         0x080001a3   Thumb Code     0  startup_stm32f10x_md.o(.text)
    EXTI4_IRQHandler                         0x080001a3   Thumb Code     0  startup_stm32f10x_md.o(.text)
    EXTI9_5_IRQHandler                       0x080001a3   Thumb Code     0  startup_stm32f10x_md.o(.text)
    FLASH_IRQHandler                         0x080001a3   Thumb Code     0  startup_stm32f10x_md.o(.text)
    I2C1_ER_IRQHandler                       0x080001a3   Thumb Code     0  startup_stm32f10x_md.o(.text)
    I2C1_EV_IRQHandler                       0x080001a3   Thumb Code     0  startup_stm32f10x_md.o(.text)
    I2C2_ER_IRQHandler                       0x080001a3   Thumb Code     0  startup_stm32f10x_md.o(.text)
    I2C2_EV_IRQHandler                       0x080001a3   Thumb Code     0  startup_stm32f10x_md.o(.text)
    PVD_IRQHandler                           0x080001a3   Thumb Code     0  startup_stm32f10x_md.o(.text)
    RCC_IRQHandler                           0x080001a3   Thumb Code     0  startup_stm32f10x_md.o(.text)
    RTCAlarm_IRQHandler                      0x080001a3   Thumb Code     0  startup_stm32f10x_md.o(.text)
    RTC_IRQHandler                           0x080001a3   Thumb Code     0  startup_stm32f10x_md.o(.text)
    SPI1_IRQHandler                          0x080001a3   Thumb Code     0  startup_stm32f10x_md.o(.text)
    SPI2_IRQHandler                          0x080001a3   Thumb Code     0  startup_stm32f10x_md.o(.text)
    TAMPER_IRQHandler                        0x080001a3   Thumb Code     0  startup_stm32f10x_md.o(.text)
    TIM1_BRK_IRQHandler                      0x080001a3   Thumb Code     0  startup_stm32f10x_md.o(.text)
    TIM1_CC_IRQHandler                       0x080001a3   Thumb Code     0  startup_stm32f10x_md.o(.text)
    TIM1_TRG_COM_IRQHandler                  0x080001a3   Thumb Code     0  startup_stm32f10x_md.o(.text)
    TIM2_IRQHandler                          0x080001a3   Thumb Code     0  startup_stm32f10x_md.o(.text)
    USART1_IRQHandler                        0x080001a3   Thumb Code     0  startup_stm32f10x_md.o(.text)
    USART2_IRQHandler                        0x080001a3   Thumb Code     0  startup_stm32f10x_md.o(.text)
    USBWakeUp_IRQHandler                     0x080001a3   Thumb Code     0  startup_stm32f10x_md.o(.text)
    USB_HP_CAN1_TX_IRQHandler                0x080001a3   Thumb Code     0  startup_stm32f10x_md.o(.text)
    USB_LP_CAN1_RX0_IRQHandler               0x080001a3   Thumb Code     0  startup_stm32f10x_md.o(.text)
    WWDG_IRQHandler                          0x080001a3   Thumb Code     0  startup_stm32f10x_md.o(.text)
    __user_initial_stackheap                 0x080001a5   Thumb Code     0  startup_stm32f10x_md.o(.text)
    __aeabi_ldivmod                          0x080001c9   Thumb Code     0  llsdiv.o(.text)
    _ll_sdiv                                 0x080001c9   Thumb Code    72  llsdiv.o(.text)
    memcmp                                   0x08000211   Thumb Code    88  memcmp.o(.text)
    __aeabi_memset                           0x08000269   Thumb Code    16  aeabi_memset.o(.text)
    __aeabi_memclr4                          0x08000279   Thumb Code     0  rt_memclr_w.o(.text)
    __aeabi_memclr8                          0x08000279   Thumb Code     0  rt_memclr_w.o(.text)
    __rt_memclr_w                            0x08000279   Thumb Code    78  rt_memclr_w.o(.text)
    _memset_w                                0x0800027d   Thumb Code     0  rt_memclr_w.o(.text)
    __use_two_region_memory                  0x080002c7   Thumb Code     2  heapauxi.o(.text)
    __rt_heap_escrow$2region                 0x080002c9   Thumb Code     2  heapauxi.o(.text)
    __rt_heap_expand$2region                 0x080002cb   Thumb Code     2  heapauxi.o(.text)
    __aeabi_uldivmod                         0x080002cd   Thumb Code     0  lludivv7m.o(.text)
    _ll_udiv                                 0x080002cd   Thumb Code   238  lludivv7m.o(.text)
    __read_errno                             0x080003bb   Thumb Code    10  _rserrno.o(.text)
    __set_errno                              0x080003c5   Thumb Code    12  _rserrno.o(.text)
    __aeabi_memclr                           0x080003d1   Thumb Code     0  rt_memclr.o(.text)
    __rt_memclr                              0x080003d1   Thumb Code    68  rt_memclr.o(.text)
    _memset                                  0x080003d5   Thumb Code     0  rt_memclr.o(.text)
    __aeabi_errno_addr                       0x08000415   Thumb Code     8  rt_errno_addr_intlibspace.o(.text)
    __errno$intlibspace                      0x08000415   Thumb Code     0  rt_errno_addr_intlibspace.o(.text)
    __rt_errno_addr$intlibspace              0x08000415   Thumb Code     0  rt_errno_addr_intlibspace.o(.text)
    __user_libspace                          0x0800041d   Thumb Code     8  libspace.o(.text)
    __user_perproc_libspace                  0x0800041d   Thumb Code     0  libspace.o(.text)
    __user_perthread_libspace                0x0800041d   Thumb Code     0  libspace.o(.text)
    __user_setup_stackheap                   0x08000425   Thumb Code    74  sys_stackheap_outer.o(.text)
    exit                                     0x0800046f   Thumb Code    18  exit.o(.text)
    _sys_exit                                0x08000481   Thumb Code     8  sys_exit.o(.text)
    __I$use$semihosting                      0x0800048d   Thumb Code     0  use_no_semi.o(.text)
    __use_no_semihosting_swi                 0x0800048d   Thumb Code     2  use_no_semi.o(.text)
    ADC_Cmd                                  0x0800048f   Thumb Code    22  stm32f10x_adc.o(i.ADC_Cmd)
    __semihosting_library_function           0x0800048f   Thumb Code     0  indicate_semi.o(.text)
    ADC_DeInit                               0x080004a5   Thumb Code    78  stm32f10x_adc.o(i.ADC_DeInit)
    ADC_GetCalibrationStatus                 0x08000501   Thumb Code    20  stm32f10x_adc.o(i.ADC_GetCalibrationStatus)
    ADC_GetConversionValue                   0x08000515   Thumb Code     8  stm32f10x_adc.o(i.ADC_GetConversionValue)
    ADC_GetFlagStatus                        0x0800051d   Thumb Code    18  stm32f10x_adc.o(i.ADC_GetFlagStatus)
    ADC_GetResetCalibrationStatus            0x0800052f   Thumb Code    20  stm32f10x_adc.o(i.ADC_GetResetCalibrationStatus)
    ADC_Init                                 0x08000545   Thumb Code    70  stm32f10x_adc.o(i.ADC_Init)
    ADC_RegularChannelConfig                 0x08000595   Thumb Code   184  stm32f10x_adc.o(i.ADC_RegularChannelConfig)
    ADC_ResetCalibration                     0x0800064d   Thumb Code    10  stm32f10x_adc.o(i.ADC_ResetCalibration)
    ADC_SoftwareStartConvCmd                 0x08000657   Thumb Code    22  stm32f10x_adc.o(i.ADC_SoftwareStartConvCmd)
    ADC_StartCalibration                     0x0800066d   Thumb Code    10  stm32f10x_adc.o(i.ADC_StartCalibration)
    Adc_Init                                 0x08000679   Thumb Code   132  adc.o(i.Adc_Init)
    BusFault_Handler                         0x08000705   Thumb Code     4  stm32f10x_it.o(i.BusFault_Handler)
    DebugMon_Handler                         0x08000709   Thumb Code     2  stm32f10x_it.o(i.DebugMon_Handler)
    GPIO_Init                                0x0800070b   Thumb Code   278  stm32f10x_gpio.o(i.GPIO_Init)
    GPIO_ResetBits                           0x08000821   Thumb Code     4  stm32f10x_gpio.o(i.GPIO_ResetBits)
    GPIO_SetBits                             0x08000825   Thumb Code     4  stm32f10x_gpio.o(i.GPIO_SetBits)
    GPIO_StructInit                          0x08000829   Thumb Code    16  stm32f10x_gpio.o(i.GPIO_StructInit)
    Get_Adc                                  0x08000839   Thumb Code    46  adc.o(i.Get_Adc)
    Get_Valtage                              0x0800086d   Thumb Code    46  adc.o(i.Get_Valtage)
    HardFault_Handler                        0x080008a5   Thumb Code     4  stm32f10x_it.o(i.HardFault_Handler)
    Kinematics_Positive                      0x08000add   Thumb Code   140  usart.o(i.Kinematics_Positive)
    Left_Encoder_Init                        0x08000b79   Thumb Code   200  encoder.o(i.Left_Encoder_Init)
    MOTOR_GPIO_Config                        0x08000c49   Thumb Code    50  motor.o(i.MOTOR_GPIO_Config)
    MPU6050_Init                             0x08000c81   Thumb Code   208  mpu6050.o(i.MPU6050_Init)
    MPU6050_Pose                             0x08001021   Thumb Code   612  mpu6050.o(i.MPU6050_Pose)
    MemManage_Handler                        0x080012c1   Thumb Code     4  stm32f10x_it.o(i.MemManage_Handler)
    NMI_Handler                              0x080012c5   Thumb Code     2  stm32f10x_it.o(i.NMI_Handler)
    NVIC_Init                                0x080012c9   Thumb Code   100  misc.o(i.NVIC_Init)
    NVIC_PriorityGroupConfig                 0x08001339   Thumb Code    10  misc.o(i.NVIC_PriorityGroupConfig)
    PWM_OUTPUT                               0x0800134d   Thumb Code   122  motor.o(i.PWM_OUTPUT)
    PendSV_Handler                           0x080013d1   Thumb Code     2  stm32f10x_it.o(i.PendSV_Handler)
    Pid_Control_speed                        0x080013d5   Thumb Code   420  pid.o(i.Pid_Control_speed)
    PrintChar                                0x08001589   Thumb Code    26  usart.o(i.PrintChar)
    RCC_ADCCLKConfig                         0x080015a9   Thumb Code    18  stm32f10x_rcc.o(i.RCC_ADCCLKConfig)
    RCC_APB1PeriphClockCmd                   0x080015c1   Thumb Code    26  stm32f10x_rcc.o(i.RCC_APB1PeriphClockCmd)
    RCC_APB1PeriphResetCmd                   0x080015e1   Thumb Code    26  stm32f10x_rcc.o(i.RCC_APB1PeriphResetCmd)
    RCC_APB2PeriphClockCmd                   0x08001601   Thumb Code    26  stm32f10x_rcc.o(i.RCC_APB2PeriphClockCmd)
    RCC_APB2PeriphResetCmd                   0x08001621   Thumb Code    26  stm32f10x_rcc.o(i.RCC_APB2PeriphResetCmd)
    RCC_GetClocksFreq                        0x08001641   Thumb Code   192  stm32f10x_rcc.o(i.RCC_GetClocksFreq)
    Right_Encoder_Init                       0x08001715   Thumb Code   206  encoder.o(i.Right_Encoder_Init)
    Robot_Encoder_Get_CNT                    0x080017ed   Thumb Code   128  encoder.o(i.Robot_Encoder_Get_CNT)
    SVC_Handler                              0x08001889   Thumb Code     2  stm32f10x_it.o(i.SVC_Handler)
    SysTick_CLKSourceConfig                  0x08001975   Thumb Code    40  misc.o(i.SysTick_CLKSourceConfig)
    SysTick_Handler                          0x0800199d   Thumb Code     2  stm32f10x_it.o(i.SysTick_Handler)
    SysTick_Init                             0x080019a1   Thumb Code    50  delay.o(i.SysTick_Init)
    SystemInit                               0x080019e5   Thumb Code    78  system_stm32f10x.o(i.SystemInit)
    TIM1_PWM_Init                            0x08001d39   Thumb Code    12  motor.o(i.TIM1_PWM_Init)
    TIM1_UP_IRQHandler                       0x08001d45   Thumb Code    26  timer.o(i.TIM1_UP_IRQHandler)
    TIM3_IRQHandler                          0x08001d65   Thumb Code    16  encoder.o(i.TIM3_IRQHandler)
    TIM4_IRQHandler                          0x08001d79   Thumb Code    16  encoder.o(i.TIM4_IRQHandler)
    TIM_ARRPreloadConfig                     0x08001d8d   Thumb Code    24  stm32f10x_tim.o(i.TIM_ARRPreloadConfig)
    TIM_ClearFlag                            0x08001da5   Thumb Code     6  stm32f10x_tim.o(i.TIM_ClearFlag)
    TIM_ClearITPendingBit                    0x08001dab   Thumb Code     6  stm32f10x_tim.o(i.TIM_ClearITPendingBit)
    TIM_Cmd                                  0x08001db1   Thumb Code    24  stm32f10x_tim.o(i.TIM_Cmd)
    TIM_CtrlPWMOutputs                       0x08001dc9   Thumb Code    30  stm32f10x_tim.o(i.TIM_CtrlPWMOutputs)
    TIM_DeInit                               0x08001de9   Thumb Code   424  stm32f10x_tim.o(i.TIM_DeInit)
    TIM_EncoderInterfaceConfig               0x08001fd1   Thumb Code    66  stm32f10x_tim.o(i.TIM_EncoderInterfaceConfig)
    TIM_GetITStatus                          0x08002013   Thumb Code    34  stm32f10x_tim.o(i.TIM_GetITStatus)
    TIM_ICInit                               0x08002035   Thumb Code   150  stm32f10x_tim.o(i.TIM_ICInit)
    TIM_ICStructInit                         0x080020e1   Thumb Code    18  stm32f10x_tim.o(i.TIM_ICStructInit)
    TIM_ITConfig                             0x080020f3   Thumb Code    18  stm32f10x_tim.o(i.TIM_ITConfig)
    TIM_OC1Init                              0x08002105   Thumb Code   132  stm32f10x_tim.o(i.TIM_OC1Init)
    TIM_OC1PreloadConfig                     0x0800219d   Thumb Code    18  stm32f10x_tim.o(i.TIM_OC1PreloadConfig)
    TIM_OC4Init                              0x080021b1   Thumb Code   114  stm32f10x_tim.o(i.TIM_OC4Init)
    TIM_SetCompare1                          0x0800222d   Thumb Code     4  stm32f10x_tim.o(i.TIM_SetCompare1)
    TIM_SetCompare4                          0x08002231   Thumb Code     6  stm32f10x_tim.o(i.TIM_SetCompare4)
    TIM_SetCounter                           0x08002237   Thumb Code     4  stm32f10x_tim.o(i.TIM_SetCounter)
    TIM_SetIC1Prescaler                      0x0800223b   Thumb Code    18  stm32f10x_tim.o(i.TIM_SetIC1Prescaler)
    TIM_SetIC2Prescaler                      0x0800224d   Thumb Code    26  stm32f10x_tim.o(i.TIM_SetIC2Prescaler)
    TIM_SetIC3Prescaler                      0x08002267   Thumb Code    18  stm32f10x_tim.o(i.TIM_SetIC3Prescaler)
    TIM_SetIC4Prescaler                      0x08002279   Thumb Code    26  stm32f10x_tim.o(i.TIM_SetIC4Prescaler)
    TIM_TimeBaseInit                         0x08002295   Thumb Code   122  stm32f10x_tim.o(i.TIM_TimeBaseInit)
    TIM_TimeBaseStructInit                   0x08002339   Thumb Code    18  stm32f10x_tim.o(i.TIM_TimeBaseStructInit)
    Timerx_Init                              0x0800234d   Thumb Code    84  timer.o(i.Timerx_Init)
    USART3_Config                            0x080023a5   Thumb Code   168  usart.o(i.USART3_Config)
    USART3_IRQHandler                        0x08002455   Thumb Code   100  usart.o(i.USART3_IRQHandler)
    USART_Cmd                                0x080024c5   Thumb Code    24  stm32f10x_usart.o(i.USART_Cmd)
    USART_GetFlagStatus                      0x080024dd   Thumb Code    26  stm32f10x_usart.o(i.USART_GetFlagStatus)
    USART_GetITStatus                        0x080024f7   Thumb Code    84  stm32f10x_usart.o(i.USART_GetITStatus)
    USART_ITConfig                           0x0800254b   Thumb Code    74  stm32f10x_usart.o(i.USART_ITConfig)
    USART_Init                               0x08002595   Thumb Code   210  stm32f10x_usart.o(i.USART_Init)
    USART_ReceiveData                        0x0800266d   Thumb Code    10  stm32f10x_usart.o(i.USART_ReceiveData)
    USART_SendData                           0x08002677   Thumb Code     8  stm32f10x_usart.o(i.USART_SendData)
    USART_Send_Byte                          0x0800267f   Thumb Code    30  usart.o(i.USART_Send_Byte)
    UsageFault_Handler                       0x0800269d   Thumb Code     4  stm32f10x_it.o(i.UsageFault_Handler)
    Usart_SendTo_Ubuntu                      0x080026a1   Thumb Code    96  usart.o(i.Usart_SendTo_Ubuntu)
    __ARM_fpclassify                         0x08002715   Thumb Code    40  fpclassify.o(i.__ARM_fpclassify)
    __kernel_poly                            0x0800273d   Thumb Code   170  poly.o(i.__kernel_poly)
    __mathlib_dbl_infnan                     0x080027e7   Thumb Code     6  dunder.o(i.__mathlib_dbl_infnan)
    __mathlib_dbl_infnan2                    0x080027ed   Thumb Code     4  dunder.o(i.__mathlib_dbl_infnan2)
    __mathlib_dbl_invalid                    0x080027f1   Thumb Code    12  dunder.o(i.__mathlib_dbl_invalid)
    __mathlib_dbl_underflow                  0x080027fd   Thumb Code    10  dunder.o(i.__mathlib_dbl_underflow)
    asin                                     0x080028b5   Thumb Code   572  asin.o(i.asin)
    atan                                     0x08002b25   Thumb Code   474  atan.o(i.atan)
    atan2                                    0x08002d45   Thumb Code   374  atan2.o(i.atan2)
    delay_ms                                 0x08002f45   Thumb Code    72  delay.o(i.delay_ms)
    dmp_enable_6x_lp_quat                    0x08002f91   Thumb Code    60  inv_mpu_dmp_motion_driver.o(i.dmp_enable_6x_lp_quat)
    dmp_enable_feature                       0x08002fcd   Thumb Code   530  inv_mpu_dmp_motion_driver.o(i.dmp_enable_feature)
    dmp_enable_gyro_cal                      0x080031e9   Thumb Code    62  inv_mpu_dmp_motion_driver.o(i.dmp_enable_gyro_cal)
    dmp_enable_lp_quat                       0x08003241   Thumb Code    60  inv_mpu_dmp_motion_driver.o(i.dmp_enable_lp_quat)
    dmp_load_motion_driver_firmware          0x0800327d   Thumb Code    20  inv_mpu_dmp_motion_driver.o(i.dmp_load_motion_driver_firmware)
    dmp_read_fifo                            0x08003295   Thumb Code   456  inv_mpu_dmp_motion_driver.o(i.dmp_read_fifo)
    dmp_set_accel_bias                       0x08003461   Thumb Code   300  inv_mpu_dmp_motion_driver.o(i.dmp_set_accel_bias)
    dmp_set_fifo_rate                        0x08003591   Thumb Code    96  inv_mpu_dmp_motion_driver.o(i.dmp_set_fifo_rate)
    dmp_set_gyro_bias                        0x08003601   Thumb Code   294  inv_mpu_dmp_motion_driver.o(i.dmp_set_gyro_bias)
    dmp_set_orientation                      0x08003731   Thumb Code   290  inv_mpu_dmp_motion_driver.o(i.dmp_set_orientation)
    dmp_set_shake_reject_thresh              0x08003869   Thumb Code    56  inv_mpu_dmp_motion_driver.o(i.dmp_set_shake_reject_thresh)
    dmp_set_shake_reject_time                0x080038a1   Thumb Code    38  inv_mpu_dmp_motion_driver.o(i.dmp_set_shake_reject_time)
    dmp_set_shake_reject_timeout             0x080038c7   Thumb Code    38  inv_mpu_dmp_motion_driver.o(i.dmp_set_shake_reject_timeout)
    dmp_set_tap_axes                         0x080038ed   Thumb Code    70  inv_mpu_dmp_motion_driver.o(i.dmp_set_tap_axes)
    dmp_set_tap_count                        0x08003933   Thumb Code    38  inv_mpu_dmp_motion_driver.o(i.dmp_set_tap_count)
    dmp_set_tap_thresh                       0x08003959   Thumb Code   396  inv_mpu_dmp_motion_driver.o(i.dmp_set_tap_thresh)
    dmp_set_tap_time                         0x08003af9   Thumb Code    38  inv_mpu_dmp_motion_driver.o(i.dmp_set_tap_time)
    dmp_set_tap_time_multi                   0x08003b1f   Thumb Code    38  inv_mpu_dmp_motion_driver.o(i.dmp_set_tap_time_multi)
    get_ms                                   0x08003bf9   Thumb Code     2  delay.o(i.get_ms)
    i2cInit                                  0x08004179   Thumb Code    40  i2c.o(i.i2cInit)
    i2cRead                                  0x080041a5   Thumb Code   120  i2c.o(i.i2cRead)
    i2cWriteBuffer                           0x0800421d   Thumb Code   100  i2c.o(i.i2cWriteBuffer)
    i2cread                                  0x08004281   Thumb Code    38  i2c.o(i.i2cread)
    i2cwrite                                 0x080042a7   Thumb Code    38  i2c.o(i.i2cwrite)
    inv_orientation_matrix_to_scalar         0x080042cd   Thumb Code    40  inv_mpu_dmp_motion_driver.o(i.inv_orientation_matrix_to_scalar)
    main                                     0x08004345   Thumb Code   224  main.o(i.main)
    mpu_configure_fifo                       0x08004439   Thumb Code   106  inv_mpu.o(i.mpu_configure_fifo)
    mpu_get_accel_fsr                        0x080044a9   Thumb Code    72  inv_mpu.o(i.mpu_get_accel_fsr)
    mpu_get_accel_sens                       0x080044f5   Thumb Code    78  inv_mpu.o(i.mpu_get_accel_sens)
    mpu_get_fifo_config                      0x08004549   Thumb Code    12  inv_mpu.o(i.mpu_get_fifo_config)
    mpu_get_gyro_fsr                         0x08004559   Thumb Code    64  inv_mpu.o(i.mpu_get_gyro_fsr)
    mpu_get_gyro_sens                        0x0800459d   Thumb Code    58  inv_mpu.o(i.mpu_get_gyro_sens)
    mpu_get_lpf                              0x080045ed   Thumb Code    74  inv_mpu.o(i.mpu_get_lpf)
    mpu_get_sample_rate                      0x0800463d   Thumb Code    26  inv_mpu.o(i.mpu_get_sample_rate)
    mpu_init                                 0x0800465d   Thumb Code   396  inv_mpu.o(i.mpu_init)
    mpu_load_firmware                        0x080047ed   Thumb Code   180  inv_mpu.o(i.mpu_load_firmware)
    mpu_lp_accel_mode                        0x080048a5   Thumb Code   218  inv_mpu.o(i.mpu_lp_accel_mode)
    mpu_read_fifo_stream                     0x08004985   Thumb Code   186  inv_mpu.o(i.mpu_read_fifo_stream)
    mpu_read_mem                             0x08004a45   Thumb Code   122  inv_mpu.o(i.mpu_read_mem)
    mpu_reset_fifo                           0x08004ac5   Thumb Code   450  inv_mpu.o(i.mpu_reset_fifo)
    mpu_run_self_test                        0x08004c8d   Thumb Code   278  inv_mpu.o(i.mpu_run_self_test)
    mpu_set_accel_fsr                        0x08004da9   Thumb Code   126  inv_mpu.o(i.mpu_set_accel_fsr)
    mpu_set_bypass                           0x08004e2d   Thumb Code   328  inv_mpu.o(i.mpu_set_bypass)
    mpu_set_dmp_state                        0x08004f79   Thumb Code   138  inv_mpu.o(i.mpu_set_dmp_state)
    mpu_set_gyro_fsr                         0x08005009   Thumb Code   132  inv_mpu.o(i.mpu_set_gyro_fsr)
    mpu_set_int_latched                      0x08005091   Thumb Code   102  inv_mpu.o(i.mpu_set_int_latched)
    mpu_set_lpf                              0x080050fd   Thumb Code   126  inv_mpu.o(i.mpu_set_lpf)
    mpu_set_sample_rate                      0x08005181   Thumb Code   152  inv_mpu.o(i.mpu_set_sample_rate)
    mpu_set_sensors                          0x0800521d   Thumb Code   202  inv_mpu.o(i.mpu_set_sensors)
    mpu_write_mem                            0x080052ed   Thumb Code   122  inv_mpu.o(i.mpu_write_mem)
    run_self_test                            0x0800536d   Thumb Code   150  inv_mpu_dmp_motion_driver.o(i.run_self_test)
    sqrt                                     0x080054b9   Thumb Code    76  sqrt.o(i.sqrt)
    __aeabi_d2f                              0x08005505   Thumb Code     0  d2f.o(x$fpl$d2f)
    _d2f                                     0x08005505   Thumb Code    98  d2f.o(x$fpl$d2f)
    __aeabi_dadd                             0x08005569   Thumb Code     0  daddsub_clz.o(x$fpl$dadd)
    _dadd                                    0x08005569   Thumb Code   332  daddsub_clz.o(x$fpl$dadd)
    __fpl_dcheck_NaN1                        0x080056b9   Thumb Code    10  dcheck1.o(x$fpl$dcheck1)
    __fpl_dcmp_Inf                           0x080056c9   Thumb Code    24  dcmpi.o(x$fpl$dcmpinf)
    __aeabi_ddiv                             0x080056e1   Thumb Code     0  ddiv.o(x$fpl$ddiv)
    _ddiv                                    0x080056e1   Thumb Code   552  ddiv.o(x$fpl$ddiv)
    __aeabi_cdcmpeq                          0x08005991   Thumb Code     0  deqf.o(x$fpl$deqf)
    _dcmpeq                                  0x08005991   Thumb Code   120  deqf.o(x$fpl$deqf)
    __aeabi_dmul                             0x08005a09   Thumb Code     0  dmul.o(x$fpl$dmul)
    _dmul                                    0x08005a09   Thumb Code   332  dmul.o(x$fpl$dmul)
    __fpl_dnaninf                            0x08005b5d   Thumb Code   156  dnaninf.o(x$fpl$dnaninf)
    __fpl_dretinf                            0x08005bf9   Thumb Code    12  dretinf.o(x$fpl$dretinf)
    __aeabi_drsub                            0x08005c05   Thumb Code     0  daddsub_clz.o(x$fpl$drsb)
    _drsb                                    0x08005c05   Thumb Code    22  daddsub_clz.o(x$fpl$drsb)
    _dsqrt                                   0x08005c1d   Thumb Code   456  dsqrt_noumaal.o(x$fpl$dsqrt)
    __aeabi_dsub                             0x08005de9   Thumb Code     0  daddsub_clz.o(x$fpl$dsub)
    _dsub                                    0x08005de9   Thumb Code   464  daddsub_clz.o(x$fpl$dsub)
    __aeabi_f2d                              0x08005fbd   Thumb Code     0  f2d.o(x$fpl$f2d)
    _f2d                                     0x08005fbd   Thumb Code    86  f2d.o(x$fpl$f2d)
    __aeabi_fadd                             0x08006015   Thumb Code     0  faddsub_clz.o(x$fpl$fadd)
    _fadd                                    0x08006015   Thumb Code   196  faddsub_clz.o(x$fpl$fadd)
    __fpl_fcmp_Inf                           0x080060d9   Thumb Code    24  fcmpi.o(x$fpl$fcmpinf)
    __aeabi_fdiv                             0x080060f1   Thumb Code     0  fdiv.o(x$fpl$fdiv)
    _fdiv                                    0x080060f1   Thumb Code   384  fdiv.o(x$fpl$fdiv)
    __aeabi_cfcmpeq                          0x08006275   Thumb Code     0  feqf.o(x$fpl$feqf)
    _fcmpeq                                  0x08006275   Thumb Code   104  feqf.o(x$fpl$feqf)
    __aeabi_f2iz                             0x080062dd   Thumb Code     0  ffix.o(x$fpl$ffix)
    _ffix                                    0x080062dd   Thumb Code    54  ffix.o(x$fpl$ffix)
    __aeabi_f2uiz                            0x08006315   Thumb Code     0  ffixu.o(x$fpl$ffixu)
    _ffixu                                   0x08006315   Thumb Code    62  ffixu.o(x$fpl$ffixu)
    __aeabi_i2f                              0x08006355   Thumb Code     0  fflt_clz.o(x$fpl$fflt)
    _fflt                                    0x08006355   Thumb Code    48  fflt_clz.o(x$fpl$fflt)
    __aeabi_ui2f                             0x08006385   Thumb Code     0  fflt_clz.o(x$fpl$ffltu)
    _ffltu                                   0x08006385   Thumb Code    38  fflt_clz.o(x$fpl$ffltu)
    __aeabi_cfcmple                          0x080063ad   Thumb Code     0  fleqf.o(x$fpl$fleqf)
    _fcmple                                  0x080063ad   Thumb Code   104  fleqf.o(x$fpl$fleqf)
    __fpl_fcmple_InfNaN                      0x080063ff   Thumb Code     0  fleqf.o(x$fpl$fleqf)
    __aeabi_fmul                             0x08006415   Thumb Code     0  fmul.o(x$fpl$fmul)
    _fmul                                    0x08006415   Thumb Code   258  fmul.o(x$fpl$fmul)
    __fpl_fnaninf                            0x08006517   Thumb Code   140  fnaninf.o(x$fpl$fnaninf)
    __fpl_fretinf                            0x080065a3   Thumb Code    10  fretinf.o(x$fpl$fretinf)
    __aeabi_cfrcmple                         0x080065ad   Thumb Code     0  frleqf.o(x$fpl$frleqf)
    _frcmple                                 0x080065ad   Thumb Code    98  frleqf.o(x$fpl$frleqf)
    __aeabi_frsub                            0x0800660f   Thumb Code     0  faddsub_clz.o(x$fpl$frsb)
    _frsb                                    0x0800660f   Thumb Code    20  faddsub_clz.o(x$fpl$frsb)
    __aeabi_fsub                             0x08006625   Thumb Code     0  faddsub_clz.o(x$fpl$fsub)
    _fsub                                    0x08006625   Thumb Code   234  faddsub_clz.o(x$fpl$fsub)
    __fpl_return_NaN                         0x0800670f   Thumb Code   100  retnan.o(x$fpl$retnan)
    __ARM_scalbn                             0x08006773   Thumb Code    92  scalbn.o(x$fpl$scalbn)
    __fpl_cmpreturn                          0x080067cf   Thumb Code    48  trapv.o(x$fpl$trapveneer)
    __I$use$fp                               0x080067fe   Number         0  usenofp.o(x$fpl$usenofp)
    hw                                       0x08006800   Data          12  inv_mpu.o(.constdata)
    reg                                      0x0800680c   Data          27  inv_mpu.o(.constdata)
    test                                     0x08006828   Data          40  inv_mpu.o(.constdata)
    __mathlib_zero                           0x08007530   Data           8  qnan.o(.constdata)
    Region$$Table$$Base                      0x08007538   Number         0  anon$$obj.o(Region$$Table)
    Region$$Table$$Limit                     0x08007558   Number         0  anon$$obj.o(Region$$Table)
    ax                                       0x20000000   Data           4  main.o(.data)
    ay                                       0x20000004   Data           4  main.o(.data)
    az                                       0x20000008   Data           4  main.o(.data)
    gx                                       0x2000000c   Data           4  main.o(.data)
    gy                                       0x20000010   Data           4  main.o(.data)
    gz                                       0x20000014   Data           4  main.o(.data)
    Time_Count                               0x20000018   Data           4  main.o(.data)
    SystemCoreClock                          0x2000001c   Data           4  system_stm32f10x.o(.data)
    AHBPrescTable                            0x20000020   Data          16  system_stm32f10x.o(.data)
    Rcount                                   0x20000044   Data           1  usart.o(.data)
    q0                                       0x20000060   Data           4  mpu6050.o(.data)
    q1                                       0x20000064   Data           4  mpu6050.o(.data)
    q2                                       0x20000068   Data           4  mpu6050.o(.data)
    q3                                       0x2000006c   Data           4  mpu6050.o(.data)
    Pitch                                    0x20000070   Data           4  mpu6050.o(.data)
    Roll                                     0x20000074   Data           4  mpu6050.o(.data)
    Yaw                                      0x20000078   Data           4  mpu6050.o(.data)
    sensor_timestamp                         0x2000007c   Data           4  mpu6050.o(.data)
    gyro                                     0x20000080   Data           6  mpu6050.o(.data)
    accel                                    0x20000086   Data           6  mpu6050.o(.data)
    sensors                                  0x2000008c   Data           2  mpu6050.o(.data)
    more                                     0x2000008e   Data           1  mpu6050.o(.data)
    Send_Data                                0x200000bc   Data          33  usart.o(.bss)
    Recive_Data                              0x200000dd   Data          33  usart.o(.bss)
    quat                                     0x20000100   Data          16  mpu6050.o(.bss)
    Left_moto                                0x20000110   Data          24  pid.o(.bss)
    Right_moto                               0x20000128   Data          24  pid.o(.bss)
    __libspace_start                         0x20000150   Data          96  libspace.o(.bss)
    __temporary_stack_top$libspace           0x200001b0   Data           0  libspace.o(.bss)



==============================================================================

Memory Map of the image

  Image Entry point : 0x080000ed

  Load Region LR_IROM1 (Base: 0x08000000, Size: 0x00007614, Max: 0x00010000, ABSOLUTE)

    Execution Region ER_IROM1 (Exec base: 0x08000000, Load base: 0x08000000, Size: 0x00007558, Max: 0x00010000, ABSOLUTE)

    Exec Addr    Load Addr    Size         Type   Attr      Idx    E Section Name        Object

    0x08000000   0x08000000   0x000000ec   Data   RO          238    RESET               startup_stm32f10x_md.o
    0x080000ec   0x080000ec   0x00000008   Code   RO         4142  * !!!main             c_w.l(__main.o)
    0x080000f4   0x080000f4   0x00000034   Code   RO         4452    !!!scatter          c_w.l(__scatter.o)
    0x08000128   0x08000128   0x0000001a   Code   RO         4454    !!handler_copy      c_w.l(__scatter_copy.o)
    0x08000142   0x08000142   0x00000002   PAD
    0x08000144   0x08000144   0x0000001c   Code   RO         4456    !!handler_zi        c_w.l(__scatter_zi.o)
    0x08000160   0x08000160   0x00000002   Code   RO         4315    .ARM.Collect$$libinit$$00000000  c_w.l(libinit.o)
    0x08000162   0x08000162   0x00000000   Code   RO         4325    .ARM.Collect$$libinit$$00000002  c_w.l(libinit2.o)
    0x08000162   0x08000162   0x00000000   Code   RO         4327    .ARM.Collect$$libinit$$00000004  c_w.l(libinit2.o)
    0x08000162   0x08000162   0x00000000   Code   RO         4330    .ARM.Collect$$libinit$$0000000A  c_w.l(libinit2.o)
    0x08000162   0x08000162   0x00000000   Code   RO         4332    .ARM.Collect$$libinit$$0000000C  c_w.l(libinit2.o)
    0x08000162   0x08000162   0x00000000   Code   RO         4334    .ARM.Collect$$libinit$$0000000E  c_w.l(libinit2.o)
    0x08000162   0x08000162   0x00000000   Code   RO         4337    .ARM.Collect$$libinit$$00000011  c_w.l(libinit2.o)
    0x08000162   0x08000162   0x00000000   Code   RO         4339    .ARM.Collect$$libinit$$00000013  c_w.l(libinit2.o)
    0x08000162   0x08000162   0x00000000   Code   RO         4341    .ARM.Collect$$libinit$$00000015  c_w.l(libinit2.o)
    0x08000162   0x08000162   0x00000000   Code   RO         4343    .ARM.Collect$$libinit$$00000017  c_w.l(libinit2.o)
    0x08000162   0x08000162   0x00000000   Code   RO         4345    .ARM.Collect$$libinit$$00000019  c_w.l(libinit2.o)
    0x08000162   0x08000162   0x00000000   Code   RO         4347    .ARM.Collect$$libinit$$0000001B  c_w.l(libinit2.o)
    0x08000162   0x08000162   0x00000000   Code   RO         4349    .ARM.Collect$$libinit$$0000001D  c_w.l(libinit2.o)
    0x08000162   0x08000162   0x00000000   Code   RO         4351    .ARM.Collect$$libinit$$0000001F  c_w.l(libinit2.o)
    0x08000162   0x08000162   0x00000000   Code   RO         4353    .ARM.Collect$$libinit$$00000021  c_w.l(libinit2.o)
    0x08000162   0x08000162   0x00000000   Code   RO         4355    .ARM.Collect$$libinit$$00000023  c_w.l(libinit2.o)
    0x08000162   0x08000162   0x00000000   Code   RO         4357    .ARM.Collect$$libinit$$00000025  c_w.l(libinit2.o)
    0x08000162   0x08000162   0x00000000   Code   RO         4361    .ARM.Collect$$libinit$$0000002C  c_w.l(libinit2.o)
    0x08000162   0x08000162   0x00000000   Code   RO         4363    .ARM.Collect$$libinit$$0000002E  c_w.l(libinit2.o)
    0x08000162   0x08000162   0x00000000   Code   RO         4365    .ARM.Collect$$libinit$$00000030  c_w.l(libinit2.o)
    0x08000162   0x08000162   0x00000000   Code   RO         4367    .ARM.Collect$$libinit$$00000032  c_w.l(libinit2.o)
    0x08000162   0x08000162   0x00000002   Code   RO         4368    .ARM.Collect$$libinit$$00000033  c_w.l(libinit2.o)
    0x08000164   0x08000164   0x00000002   Code   RO         4400    .ARM.Collect$$libshutdown$$00000000  c_w.l(libshutdown.o)
    0x08000166   0x08000166   0x00000000   Code   RO         4417    .ARM.Collect$$libshutdown$$00000002  c_w.l(libshutdown2.o)
    0x08000166   0x08000166   0x00000000   Code   RO         4419    .ARM.Collect$$libshutdown$$00000004  c_w.l(libshutdown2.o)
    0x08000166   0x08000166   0x00000000   Code   RO         4421    .ARM.Collect$$libshutdown$$00000006  c_w.l(libshutdown2.o)
    0x08000166   0x08000166   0x00000000   Code   RO         4424    .ARM.Collect$$libshutdown$$00000009  c_w.l(libshutdown2.o)
    0x08000166   0x08000166   0x00000000   Code   RO         4427    .ARM.Collect$$libshutdown$$0000000C  c_w.l(libshutdown2.o)
    0x08000166   0x08000166   0x00000000   Code   RO         4429    .ARM.Collect$$libshutdown$$0000000E  c_w.l(libshutdown2.o)
    0x08000166   0x08000166   0x00000000   Code   RO         4432    .ARM.Collect$$libshutdown$$00000011  c_w.l(libshutdown2.o)
    0x08000166   0x08000166   0x00000002   Code   RO         4433    .ARM.Collect$$libshutdown$$00000012  c_w.l(libshutdown2.o)
    0x08000168   0x08000168   0x00000000   Code   RO         4200    .ARM.Collect$$rtentry$$00000000  c_w.l(__rtentry.o)
    0x08000168   0x08000168   0x00000000   Code   RO         4270    .ARM.Collect$$rtentry$$00000002  c_w.l(__rtentry2.o)
    0x08000168   0x08000168   0x00000006   Code   RO         4282    .ARM.Collect$$rtentry$$00000004  c_w.l(__rtentry4.o)
    0x0800016e   0x0800016e   0x00000000   Code   RO         4272    .ARM.Collect$$rtentry$$00000009  c_w.l(__rtentry2.o)
    0x0800016e   0x0800016e   0x00000004   Code   RO         4273    .ARM.Collect$$rtentry$$0000000A  c_w.l(__rtentry2.o)
    0x08000172   0x08000172   0x00000000   Code   RO         4275    .ARM.Collect$$rtentry$$0000000C  c_w.l(__rtentry2.o)
    0x08000172   0x08000172   0x00000008   Code   RO         4276    .ARM.Collect$$rtentry$$0000000D  c_w.l(__rtentry2.o)
    0x0800017a   0x0800017a   0x00000002   Code   RO         4318    .ARM.Collect$$rtexit$$00000000  c_w.l(rtexit.o)
    0x0800017c   0x0800017c   0x00000000   Code   RO         4372    .ARM.Collect$$rtexit$$00000002  c_w.l(rtexit2.o)
    0x0800017c   0x0800017c   0x00000004   Code   RO         4373    .ARM.Collect$$rtexit$$00000003  c_w.l(rtexit2.o)
    0x08000180   0x08000180   0x00000006   Code   RO         4374    .ARM.Collect$$rtexit$$00000004  c_w.l(rtexit2.o)
    0x08000186   0x08000186   0x00000002   PAD
    0x08000188   0x08000188   0x00000040   Code   RO          239    .text               startup_stm32f10x_md.o
    0x080001c8   0x080001c8   0x00000048   Code   RO         4132    .text               c_w.l(llsdiv.o)
    0x08000210   0x08000210   0x00000058   Code   RO         4134    .text               c_w.l(memcmp.o)
    0x08000268   0x08000268   0x00000010   Code   RO         4136    .text               c_w.l(aeabi_memset.o)
    0x08000278   0x08000278   0x0000004e   Code   RO         4138    .text               c_w.l(rt_memclr_w.o)
    0x080002c6   0x080002c6   0x00000006   Code   RO         4140    .text               c_w.l(heapauxi.o)
    0x080002cc   0x080002cc   0x000000ee   Code   RO         4201    .text               c_w.l(lludivv7m.o)
    0x080003ba   0x080003ba   0x00000016   Code   RO         4203    .text               c_w.l(_rserrno.o)
    0x080003d0   0x080003d0   0x00000044   Code   RO         4205    .text               c_w.l(rt_memclr.o)
    0x08000414   0x08000414   0x00000008   Code   RO         4291    .text               c_w.l(rt_errno_addr_intlibspace.o)
    0x0800041c   0x0800041c   0x00000008   Code   RO         4301    .text               c_w.l(libspace.o)
    0x08000424   0x08000424   0x0000004a   Code   RO         4304    .text               c_w.l(sys_stackheap_outer.o)
    0x0800046e   0x0800046e   0x00000012   Code   RO         4308    .text               c_w.l(exit.o)
    0x08000480   0x08000480   0x0000000c   Code   RO         4388    .text               c_w.l(sys_exit.o)
    0x0800048c   0x0800048c   0x00000002   Code   RO         4405    .text               c_w.l(use_no_semi.o)
    0x0800048e   0x0800048e   0x00000000   Code   RO         4407    .text               c_w.l(indicate_semi.o)
    0x0800048e   0x0800048e   0x00000016   Code   RO          330    i.ADC_Cmd           stm32f10x_adc.o
    0x080004a4   0x080004a4   0x0000005c   Code   RO          332    i.ADC_DeInit        stm32f10x_adc.o
    0x08000500   0x08000500   0x00000014   Code   RO          338    i.ADC_GetCalibrationStatus  stm32f10x_adc.o
    0x08000514   0x08000514   0x00000008   Code   RO          339    i.ADC_GetConversionValue  stm32f10x_adc.o
    0x0800051c   0x0800051c   0x00000012   Code   RO          341    i.ADC_GetFlagStatus  stm32f10x_adc.o
    0x0800052e   0x0800052e   0x00000014   Code   RO          344    i.ADC_GetResetCalibrationStatus  stm32f10x_adc.o
    0x08000542   0x08000542   0x00000002   PAD
    0x08000544   0x08000544   0x00000050   Code   RO          348    i.ADC_Init          stm32f10x_adc.o
    0x08000594   0x08000594   0x000000b8   Code   RO          352    i.ADC_RegularChannelConfig  stm32f10x_adc.o
    0x0800064c   0x0800064c   0x0000000a   Code   RO          353    i.ADC_ResetCalibration  stm32f10x_adc.o
    0x08000656   0x08000656   0x00000016   Code   RO          355    i.ADC_SoftwareStartConvCmd  stm32f10x_adc.o
    0x0800066c   0x0800066c   0x0000000a   Code   RO          357    i.ADC_StartCalibration  stm32f10x_adc.o
    0x08000676   0x08000676   0x00000002   PAD
    0x08000678   0x08000678   0x0000008c   Code   RO         3522    i.Adc_Init          adc.o
    0x08000704   0x08000704   0x00000004   Code   RO          151    i.BusFault_Handler  stm32f10x_it.o
    0x08000708   0x08000708   0x00000002   Code   RO          152    i.DebugMon_Handler  stm32f10x_it.o
    0x0800070a   0x0800070a   0x00000116   Code   RO         1439    i.GPIO_Init         stm32f10x_gpio.o
    0x08000820   0x08000820   0x00000004   Code   RO         1446    i.GPIO_ResetBits    stm32f10x_gpio.o
    0x08000824   0x08000824   0x00000004   Code   RO         1447    i.GPIO_SetBits      stm32f10x_gpio.o
    0x08000828   0x08000828   0x00000010   Code   RO         1448    i.GPIO_StructInit   stm32f10x_gpio.o
    0x08000838   0x08000838   0x00000034   Code   RO         3523    i.Get_Adc           adc.o
    0x0800086c   0x0800086c   0x00000038   Code   RO         3524    i.Get_Valtage       adc.o
    0x080008a4   0x080008a4   0x00000004   Code   RO          153    i.HardFault_Handler  stm32f10x_it.o
    0x080008a8   0x080008a8   0x0000003c   Code   RO         3378    i.I2C_Ack           i2c.o
    0x080008e4   0x080008e4   0x0000003c   Code   RO         3379    i.I2C_NoAck         i2c.o
    0x08000920   0x08000920   0x00000058   Code   RO         3380    i.I2C_ReceiveByte   i2c.o
    0x08000978   0x08000978   0x0000005c   Code   RO         3381    i.I2C_SendByte      i2c.o
    0x080009d4   0x080009d4   0x00000060   Code   RO         3382    i.I2C_Start         i2c.o
    0x08000a34   0x08000a34   0x0000003c   Code   RO         3383    i.I2C_Stop          i2c.o
    0x08000a70   0x08000a70   0x00000054   Code   RO         3384    i.I2C_WaitAck       i2c.o
    0x08000ac4   0x08000ac4   0x00000016   Code   RO         3385    i.I2C_delay         i2c.o
    0x08000ada   0x08000ada   0x00000002   PAD
    0x08000adc   0x08000adc   0x0000009c   Code   RO         3255    i.Kinematics_Positive  usart.o
    0x08000b78   0x08000b78   0x000000d0   Code   RO         3601    i.Left_Encoder_Init  encoder.o
    0x08000c48   0x08000c48   0x00000038   Code   RO         3546    i.MOTOR_GPIO_Config  motor.o
    0x08000c80   0x08000c80   0x000003a0   Code   RO         3469    i.MPU6050_Init      mpu6050.o
    0x08001020   0x08001020   0x000002a0   Code   RO         3470    i.MPU6050_Pose      mpu6050.o
    0x080012c0   0x080012c0   0x00000004   Code   RO          154    i.MemManage_Handler  stm32f10x_it.o
    0x080012c4   0x080012c4   0x00000002   Code   RO          155    i.NMI_Handler       stm32f10x_it.o
    0x080012c6   0x080012c6   0x00000002   PAD
    0x080012c8   0x080012c8   0x00000070   Code   RO          288    i.NVIC_Init         misc.o
    0x08001338   0x08001338   0x00000014   Code   RO          289    i.NVIC_PriorityGroupConfig  misc.o
    0x0800134c   0x0800134c   0x00000084   Code   RO         3547    i.PWM_OUTPUT        motor.o
    0x080013d0   0x080013d0   0x00000002   Code   RO          156    i.PendSV_Handler    stm32f10x_it.o
    0x080013d2   0x080013d2   0x00000002   PAD
    0x080013d4   0x080013d4   0x000001b4   Code   RO         3583    i.Pid_Control_speed  pid.o
    0x08001588   0x08001588   0x00000020   Code   RO         3256    i.PrintChar         usart.o
    0x080015a8   0x080015a8   0x00000018   Code   RO         1853    i.RCC_ADCCLKConfig  stm32f10x_rcc.o
    0x080015c0   0x080015c0   0x00000020   Code   RO         1855    i.RCC_APB1PeriphClockCmd  stm32f10x_rcc.o
    0x080015e0   0x080015e0   0x00000020   Code   RO         1856    i.RCC_APB1PeriphResetCmd  stm32f10x_rcc.o
    0x08001600   0x08001600   0x00000020   Code   RO         1857    i.RCC_APB2PeriphClockCmd  stm32f10x_rcc.o
    0x08001620   0x08001620   0x00000020   Code   RO         1858    i.RCC_APB2PeriphResetCmd  stm32f10x_rcc.o
    0x08001640   0x08001640   0x000000d4   Code   RO         1865    i.RCC_GetClocksFreq  stm32f10x_rcc.o
    0x08001714   0x08001714   0x000000d8   Code   RO         3603    i.Right_Encoder_Init  encoder.o
    0x080017ec   0x080017ec   0x0000009c   Code   RO         3604    i.Robot_Encoder_Get_CNT  encoder.o
    0x08001888   0x08001888   0x00000002   Code   RO          157    i.SVC_Handler       stm32f10x_it.o
    0x0800188a   0x0800188a   0x00000008   Code   RO          244    i.SetSysClock       system_stm32f10x.o
    0x08001892   0x08001892   0x00000002   PAD
    0x08001894   0x08001894   0x000000e0   Code   RO          245    i.SetSysClockTo72   system_stm32f10x.o
    0x08001974   0x08001974   0x00000028   Code   RO          292    i.SysTick_CLKSourceConfig  misc.o
    0x0800199c   0x0800199c   0x00000002   Code   RO          158    i.SysTick_Handler   stm32f10x_it.o
    0x0800199e   0x0800199e   0x00000002   PAD
    0x080019a0   0x080019a0   0x00000044   Code   RO         3340    i.SysTick_Init      delay.o
    0x080019e4   0x080019e4   0x00000060   Code   RO          247    i.SystemInit        system_stm32f10x.o
    0x08001a44   0x08001a44   0x00000080   Code   RO         2473    i.TI1_Config        stm32f10x_tim.o
    0x08001ac4   0x08001ac4   0x00000098   Code   RO         2474    i.TI2_Config        stm32f10x_tim.o
    0x08001b5c   0x08001b5c   0x00000090   Code   RO         2475    i.TI3_Config        stm32f10x_tim.o
    0x08001bec   0x08001bec   0x00000098   Code   RO         2476    i.TI4_Config        stm32f10x_tim.o
    0x08001c84   0x08001c84   0x00000034   Code   RO         3548    i.TIM1_GPIO_Config  motor.o
    0x08001cb8   0x08001cb8   0x00000080   Code   RO         3549    i.TIM1_Mode_Config  motor.o
    0x08001d38   0x08001d38   0x0000000c   Code   RO         3550    i.TIM1_PWM_Init     motor.o
    0x08001d44   0x08001d44   0x00000020   Code   RO         3504    i.TIM1_UP_IRQHandler  timer.o
    0x08001d64   0x08001d64   0x00000014   Code   RO         3605    i.TIM3_IRQHandler   encoder.o
    0x08001d78   0x08001d78   0x00000014   Code   RO         3606    i.TIM4_IRQHandler   encoder.o
    0x08001d8c   0x08001d8c   0x00000018   Code   RO         2477    i.TIM_ARRPreloadConfig  stm32f10x_tim.o
    0x08001da4   0x08001da4   0x00000006   Code   RO         2483    i.TIM_ClearFlag     stm32f10x_tim.o
    0x08001daa   0x08001daa   0x00000006   Code   RO         2484    i.TIM_ClearITPendingBit  stm32f10x_tim.o
    0x08001db0   0x08001db0   0x00000018   Code   RO         2489    i.TIM_Cmd           stm32f10x_tim.o
    0x08001dc8   0x08001dc8   0x0000001e   Code   RO         2491    i.TIM_CtrlPWMOutputs  stm32f10x_tim.o
    0x08001de6   0x08001de6   0x00000002   PAD
    0x08001de8   0x08001de8   0x000001e8   Code   RO         2494    i.TIM_DeInit        stm32f10x_tim.o
    0x08001fd0   0x08001fd0   0x00000042   Code   RO         2498    i.TIM_EncoderInterfaceConfig  stm32f10x_tim.o
    0x08002012   0x08002012   0x00000022   Code   RO         2510    i.TIM_GetITStatus   stm32f10x_tim.o
    0x08002034   0x08002034   0x000000ac   Code   RO         2512    i.TIM_ICInit        stm32f10x_tim.o
    0x080020e0   0x080020e0   0x00000012   Code   RO         2513    i.TIM_ICStructInit  stm32f10x_tim.o
    0x080020f2   0x080020f2   0x00000012   Code   RO         2514    i.TIM_ITConfig      stm32f10x_tim.o
    0x08002104   0x08002104   0x00000098   Code   RO         2518    i.TIM_OC1Init       stm32f10x_tim.o
    0x0800219c   0x0800219c   0x00000012   Code   RO         2521    i.TIM_OC1PreloadConfig  stm32f10x_tim.o
    0x080021ae   0x080021ae   0x00000002   PAD
    0x080021b0   0x080021b0   0x0000007c   Code   RO         2533    i.TIM_OC4Init       stm32f10x_tim.o
    0x0800222c   0x0800222c   0x00000004   Code   RO         2550    i.TIM_SetCompare1   stm32f10x_tim.o
    0x08002230   0x08002230   0x00000006   Code   RO         2553    i.TIM_SetCompare4   stm32f10x_tim.o
    0x08002236   0x08002236   0x00000004   Code   RO         2554    i.TIM_SetCounter    stm32f10x_tim.o
    0x0800223a   0x0800223a   0x00000012   Code   RO         2555    i.TIM_SetIC1Prescaler  stm32f10x_tim.o
    0x0800224c   0x0800224c   0x0000001a   Code   RO         2556    i.TIM_SetIC2Prescaler  stm32f10x_tim.o
    0x08002266   0x08002266   0x00000012   Code   RO         2557    i.TIM_SetIC3Prescaler  stm32f10x_tim.o
    0x08002278   0x08002278   0x0000001a   Code   RO         2558    i.TIM_SetIC4Prescaler  stm32f10x_tim.o
    0x08002292   0x08002292   0x00000002   PAD
    0x08002294   0x08002294   0x000000a4   Code   RO         2560    i.TIM_TimeBaseInit  stm32f10x_tim.o
    0x08002338   0x08002338   0x00000012   Code   RO         2561    i.TIM_TimeBaseStructInit  stm32f10x_tim.o
    0x0800234a   0x0800234a   0x00000002   PAD
    0x0800234c   0x0800234c   0x00000058   Code   RO         3505    i.Timerx_Init       timer.o
    0x080023a4   0x080023a4   0x000000b0   Code   RO         3258    i.USART3_Config     usart.o
    0x08002454   0x08002454   0x00000070   Code   RO         3259    i.USART3_IRQHandler  usart.o
    0x080024c4   0x080024c4   0x00000018   Code   RO         3025    i.USART_Cmd         stm32f10x_usart.o
    0x080024dc   0x080024dc   0x0000001a   Code   RO         3028    i.USART_GetFlagStatus  stm32f10x_usart.o
    0x080024f6   0x080024f6   0x00000054   Code   RO         3029    i.USART_GetITStatus  stm32f10x_usart.o
    0x0800254a   0x0800254a   0x0000004a   Code   RO         3031    i.USART_ITConfig    stm32f10x_usart.o
    0x08002594   0x08002594   0x000000d8   Code   RO         3032    i.USART_Init        stm32f10x_usart.o
    0x0800266c   0x0800266c   0x0000000a   Code   RO         3039    i.USART_ReceiveData  stm32f10x_usart.o
    0x08002676   0x08002676   0x00000008   Code   RO         3042    i.USART_SendData    stm32f10x_usart.o
    0x0800267e   0x0800267e   0x0000001e   Code   RO         3261    i.USART_Send_Byte   usart.o
    0x0800269c   0x0800269c   0x00000004   Code   RO          159    i.UsageFault_Handler  stm32f10x_it.o
    0x080026a0   0x080026a0   0x00000074   Code   RO         3262    i.Usart_SendTo_Ubuntu  usart.o
    0x08002714   0x08002714   0x00000028   Code   RO         4256    i.__ARM_fpclassify  m_ws.l(fpclassify.o)
    0x0800273c   0x0800273c   0x000000aa   Code   RO         4258    i.__kernel_poly     m_ws.l(poly.o)
    0x080027e6   0x080027e6   0x00000006   Code   RO         4243    i.__mathlib_dbl_infnan  m_ws.l(dunder.o)
    0x080027ec   0x080027ec   0x00000004   Code   RO         4244    i.__mathlib_dbl_infnan2  m_ws.l(dunder.o)
    0x080027f0   0x080027f0   0x0000000c   Code   RO         4245    i.__mathlib_dbl_invalid  m_ws.l(dunder.o)
    0x080027fc   0x080027fc   0x00000010   Code   RO         4248    i.__mathlib_dbl_underflow  m_ws.l(dunder.o)
    0x0800280c   0x0800280c   0x000000a8   Code   RO         3643    i.accel_self_test   inv_mpu.o
    0x080028b4   0x080028b4   0x00000270   Code   RO         4183    i.asin              m_ws.l(asin.o)
    0x08002b24   0x08002b24   0x00000220   Code   RO         4233    i.atan              m_ws.l(atan.o)
    0x08002d44   0x08002d44   0x0000019c   Code   RO         4193    i.atan2             m_ws.l(atan2.o)
    0x08002ee0   0x08002ee0   0x00000064   Code   RO         3931    i.decode_gesture    inv_mpu_dmp_motion_driver.o
    0x08002f44   0x08002f44   0x0000004c   Code   RO         3342    i.delay_ms          delay.o
    0x08002f90   0x08002f90   0x0000003c   Code   RO         3932    i.dmp_enable_6x_lp_quat  inv_mpu_dmp_motion_driver.o
    0x08002fcc   0x08002fcc   0x0000021c   Code   RO         3933    i.dmp_enable_feature  inv_mpu_dmp_motion_driver.o
    0x080031e8   0x080031e8   0x00000058   Code   RO         3934    i.dmp_enable_gyro_cal  inv_mpu_dmp_motion_driver.o
    0x08003240   0x08003240   0x0000003c   Code   RO         3935    i.dmp_enable_lp_quat  inv_mpu_dmp_motion_driver.o
    0x0800327c   0x0800327c   0x00000018   Code   RO         3940    i.dmp_load_motion_driver_firmware  inv_mpu_dmp_motion_driver.o
    0x08003294   0x08003294   0x000001cc   Code   RO         3941    i.dmp_read_fifo     inv_mpu_dmp_motion_driver.o
    0x08003460   0x08003460   0x00000130   Code   RO         3944    i.dmp_set_accel_bias  inv_mpu_dmp_motion_driver.o
    0x08003590   0x08003590   0x00000070   Code   RO         3945    i.dmp_set_fifo_rate  inv_mpu_dmp_motion_driver.o
    0x08003600   0x08003600   0x00000130   Code   RO         3946    i.dmp_set_gyro_bias  inv_mpu_dmp_motion_driver.o
    0x08003730   0x08003730   0x00000138   Code   RO         3948    i.dmp_set_orientation  inv_mpu_dmp_motion_driver.o
    0x08003868   0x08003868   0x00000038   Code   RO         3951    i.dmp_set_shake_reject_thresh  inv_mpu_dmp_motion_driver.o
    0x080038a0   0x080038a0   0x00000026   Code   RO         3952    i.dmp_set_shake_reject_time  inv_mpu_dmp_motion_driver.o
    0x080038c6   0x080038c6   0x00000026   Code   RO         3953    i.dmp_set_shake_reject_timeout  inv_mpu_dmp_motion_driver.o
    0x080038ec   0x080038ec   0x00000046   Code   RO         3954    i.dmp_set_tap_axes  inv_mpu_dmp_motion_driver.o
    0x08003932   0x08003932   0x00000026   Code   RO         3955    i.dmp_set_tap_count  inv_mpu_dmp_motion_driver.o
    0x08003958   0x08003958   0x000001a0   Code   RO         3956    i.dmp_set_tap_thresh  inv_mpu_dmp_motion_driver.o
    0x08003af8   0x08003af8   0x00000026   Code   RO         3957    i.dmp_set_tap_time  inv_mpu_dmp_motion_driver.o
    0x08003b1e   0x08003b1e   0x00000026   Code   RO         3958    i.dmp_set_tap_time_multi  inv_mpu_dmp_motion_driver.o
    0x08003b44   0x08003b44   0x000000b4   Code   RO         3644    i.get_accel_prod_shift  inv_mpu.o
    0x08003bf8   0x08003bf8   0x00000002   Code   RO         3344    i.get_ms            delay.o
    0x08003bfa   0x08003bfa   0x00000002   PAD
    0x08003bfc   0x08003bfc   0x0000046c   Code   RO         3645    i.get_st_biases     inv_mpu.o
    0x08004068   0x08004068   0x00000110   Code   RO         3646    i.gyro_self_test    inv_mpu.o
    0x08004178   0x08004178   0x0000002c   Code   RO         3387    i.i2cInit           i2c.o
    0x080041a4   0x080041a4   0x00000078   Code   RO         3388    i.i2cRead           i2c.o
    0x0800421c   0x0800421c   0x00000064   Code   RO         3390    i.i2cWriteBuffer    i2c.o
    0x08004280   0x08004280   0x00000026   Code   RO         3391    i.i2cread           i2c.o
    0x080042a6   0x080042a6   0x00000026   Code   RO         3392    i.i2cwrite          i2c.o
    0x080042cc   0x080042cc   0x00000028   Code   RO         3959    i.inv_orientation_matrix_to_scalar  inv_mpu_dmp_motion_driver.o
    0x080042f4   0x080042f4   0x0000004e   Code   RO         3960    i.inv_row_2_scale   inv_mpu_dmp_motion_driver.o
    0x08004342   0x08004342   0x00000002   PAD
    0x08004344   0x08004344   0x000000f4   Code   RO            1    i.main              main.o
    0x08004438   0x08004438   0x00000070   Code   RO         3647    i.mpu_configure_fifo  inv_mpu.o
    0x080044a8   0x080044a8   0x0000004c   Code   RO         3648    i.mpu_get_accel_fsr  inv_mpu.o
    0x080044f4   0x080044f4   0x00000054   Code   RO         3650    i.mpu_get_accel_sens  inv_mpu.o
    0x08004548   0x08004548   0x00000010   Code   RO         3655    i.mpu_get_fifo_config  inv_mpu.o
    0x08004558   0x08004558   0x00000044   Code   RO         3656    i.mpu_get_gyro_fsr  inv_mpu.o
    0x0800459c   0x0800459c   0x00000050   Code   RO         3658    i.mpu_get_gyro_sens  inv_mpu.o
    0x080045ec   0x080045ec   0x00000050   Code   RO         3660    i.mpu_get_lpf       inv_mpu.o
    0x0800463c   0x0800463c   0x00000020   Code   RO         3662    i.mpu_get_sample_rate  inv_mpu.o
    0x0800465c   0x0800465c   0x00000190   Code   RO         3664    i.mpu_init          inv_mpu.o
    0x080047ec   0x080047ec   0x000000b8   Code   RO         3665    i.mpu_load_firmware  inv_mpu.o
    0x080048a4   0x080048a4   0x000000e0   Code   RO         3666    i.mpu_lp_accel_mode  inv_mpu.o
    0x08004984   0x08004984   0x000000c0   Code   RO         3669    i.mpu_read_fifo_stream  inv_mpu.o
    0x08004a44   0x08004a44   0x00000080   Code   RO         3670    i.mpu_read_mem      inv_mpu.o
    0x08004ac4   0x08004ac4   0x000001c8   Code   RO         3673    i.mpu_reset_fifo    inv_mpu.o
    0x08004c8c   0x08004c8c   0x0000011c   Code   RO         3674    i.mpu_run_self_test  inv_mpu.o
    0x08004da8   0x08004da8   0x00000084   Code   RO         3676    i.mpu_set_accel_fsr  inv_mpu.o
    0x08004e2c   0x08004e2c   0x0000014c   Code   RO         3677    i.mpu_set_bypass    inv_mpu.o
    0x08004f78   0x08004f78   0x00000090   Code   RO         3679    i.mpu_set_dmp_state  inv_mpu.o
    0x08005008   0x08005008   0x00000088   Code   RO         3680    i.mpu_set_gyro_fsr  inv_mpu.o
    0x08005090   0x08005090   0x0000006c   Code   RO         3681    i.mpu_set_int_latched  inv_mpu.o
    0x080050fc   0x080050fc   0x00000084   Code   RO         3683    i.mpu_set_lpf       inv_mpu.o
    0x08005180   0x08005180   0x0000009c   Code   RO         3684    i.mpu_set_sample_rate  inv_mpu.o
    0x0800521c   0x0800521c   0x000000d0   Code   RO         3685    i.mpu_set_sensors   inv_mpu.o
    0x080052ec   0x080052ec   0x00000080   Code   RO         3686    i.mpu_write_mem     inv_mpu.o
    0x0800536c   0x0800536c   0x000000bc   Code   RO         3961    i.run_self_test     inv_mpu_dmp_motion_driver.o
    0x08005428   0x08005428   0x00000090   Code   RO         3687    i.set_int_enable    inv_mpu.o
    0x080054b8   0x080054b8   0x0000004c   Code   RO         4262    i.sqrt              m_ws.l(sqrt.o)
    0x08005504   0x08005504   0x00000062   Code   RO         4144    x$fpl$d2f           fz_ws.l(d2f.o)
    0x08005566   0x08005566   0x00000002   PAD
    0x08005568   0x08005568   0x00000150   Code   RO         4207    x$fpl$dadd          fz_ws.l(daddsub_clz.o)
    0x080056b8   0x080056b8   0x00000010   Code   RO         4293    x$fpl$dcheck1       fz_ws.l(dcheck1.o)
    0x080056c8   0x080056c8   0x00000018   Code   RO         4295    x$fpl$dcmpinf       fz_ws.l(dcmpi.o)
    0x080056e0   0x080056e0   0x000002b0   Code   RO         4214    x$fpl$ddiv          fz_ws.l(ddiv.o)
    0x08005990   0x08005990   0x00000078   Code   RO         4217    x$fpl$deqf          fz_ws.l(deqf.o)
    0x08005a08   0x08005a08   0x00000154   Code   RO         4146    x$fpl$dmul          fz_ws.l(dmul.o)
    0x08005b5c   0x08005b5c   0x0000009c   Code   RO         4219    x$fpl$dnaninf       fz_ws.l(dnaninf.o)
    0x08005bf8   0x08005bf8   0x0000000c   Code   RO         4221    x$fpl$dretinf       fz_ws.l(dretinf.o)
    0x08005c04   0x08005c04   0x00000016   Code   RO         4208    x$fpl$drsb          fz_ws.l(daddsub_clz.o)
    0x08005c1a   0x08005c1a   0x00000002   PAD
    0x08005c1c   0x08005c1c   0x000001cc   Code   RO         4299    x$fpl$dsqrt         fz_ws.l(dsqrt_noumaal.o)
    0x08005de8   0x08005de8   0x000001d4   Code   RO         4209    x$fpl$dsub          fz_ws.l(daddsub_clz.o)
    0x08005fbc   0x08005fbc   0x00000056   Code   RO         4148    x$fpl$f2d           fz_ws.l(f2d.o)
    0x08006012   0x08006012   0x00000002   PAD
    0x08006014   0x08006014   0x000000c4   Code   RO         4150    x$fpl$fadd          fz_ws.l(faddsub_clz.o)
    0x080060d8   0x080060d8   0x00000018   Code   RO         4223    x$fpl$fcmpinf       fz_ws.l(fcmpi.o)
    0x080060f0   0x080060f0   0x00000184   Code   RO         4157    x$fpl$fdiv          fz_ws.l(fdiv.o)
    0x08006274   0x08006274   0x00000068   Code   RO         4160    x$fpl$feqf          fz_ws.l(feqf.o)
    0x080062dc   0x080062dc   0x00000036   Code   RO         4162    x$fpl$ffix          fz_ws.l(ffix.o)
    0x08006312   0x08006312   0x00000002   PAD
    0x08006314   0x08006314   0x0000003e   Code   RO         4166    x$fpl$ffixu         fz_ws.l(ffixu.o)
    0x08006352   0x08006352   0x00000002   PAD
    0x08006354   0x08006354   0x00000030   Code   RO         4171    x$fpl$fflt          fz_ws.l(fflt_clz.o)
    0x08006384   0x08006384   0x00000026   Code   RO         4170    x$fpl$ffltu         fz_ws.l(fflt_clz.o)
    0x080063aa   0x080063aa   0x00000002   PAD
    0x080063ac   0x080063ac   0x00000068   Code   RO         4176    x$fpl$fleqf         fz_ws.l(fleqf.o)
    0x08006414   0x08006414   0x00000102   Code   RO         4178    x$fpl$fmul          fz_ws.l(fmul.o)
    0x08006516   0x08006516   0x0000008c   Code   RO         4225    x$fpl$fnaninf       fz_ws.l(fnaninf.o)
    0x080065a2   0x080065a2   0x0000000a   Code   RO         4227    x$fpl$fretinf       fz_ws.l(fretinf.o)
    0x080065ac   0x080065ac   0x00000062   Code   RO         4180    x$fpl$frleqf        fz_ws.l(frleqf.o)
    0x0800660e   0x0800660e   0x00000014   Code   RO         4151    x$fpl$frsb          fz_ws.l(faddsub_clz.o)
    0x08006622   0x08006622   0x00000002   PAD
    0x08006624   0x08006624   0x000000ea   Code   RO         4152    x$fpl$fsub          fz_ws.l(faddsub_clz.o)
    0x0800670e   0x0800670e   0x00000064   Code   RO         4316    x$fpl$retnan        fz_ws.l(retnan.o)
    0x08006772   0x08006772   0x0000005c   Code   RO         4229    x$fpl$scalbn        fz_ws.l(scalbn.o)
    0x080067ce   0x080067ce   0x00000030   Code   RO         4369    x$fpl$trapveneer    fz_ws.l(trapv.o)
    0x080067fe   0x080067fe   0x00000000   Code   RO         4231    x$fpl$usenofp       fz_ws.l(usenofp.o)
    0x080067fe   0x080067fe   0x00000002   PAD
    0x08006800   0x08006800   0x00000050   Data   RO         3688    .constdata          inv_mpu.o
    0x08006850   0x08006850   0x00000bf6   Data   RO         3963    .constdata          inv_mpu_dmp_motion_driver.o
    0x08007446   0x08007446   0x00000002   PAD
    0x08007448   0x08007448   0x00000050   Data   RO         4184    .constdata          m_ws.l(asin.o)
    0x08007498   0x08007498   0x00000098   Data   RO         4234    .constdata          m_ws.l(atan.o)
    0x08007530   0x08007530   0x00000008   Data   RO         4260    .constdata          m_ws.l(qnan.o)
    0x08007538   0x08007538   0x00000020   Data   RO         4450    Region$$Table       anon$$obj.o


    Execution Region RW_IRAM1 (Exec base: 0x20000000, Load base: 0x08007558, Size: 0x000007b0, Max: 0x00005000, ABSOLUTE)

    Exec Addr    Load Addr    Size         Type   Attr      Idx    E Section Name        Object

    0x20000000   0x08007558   0x0000001c   Data   RW            2    .data               main.o
    0x2000001c   0x08007574   0x00000014   Data   RW          248    .data               system_stm32f10x.o
    0x20000030   0x08007588   0x00000014   Data   RW         1885    .data               stm32f10x_rcc.o
    0x20000044   0x0800759c   0x00000001   Data   RW         3267    .data               usart.o
    0x20000045   0x0800759d   0x00000003   PAD
    0x20000048   0x080075a0   0x0000000c   Data   RW         3345    .data               delay.o
    0x20000054   0x080075ac   0x0000003b   Data   RW         3472    .data               mpu6050.o
    0x2000008f   0x080075e7   0x00000001   PAD
    0x20000090   0x080075e8   0x0000002c   Data   RW         3689    .data               inv_mpu.o
    0x200000bc        -       0x00000042   Zero   RW         3266    .bss                usart.o
    0x200000fe   0x08007614   0x00000002   PAD
    0x20000100        -       0x00000010   Zero   RW         3471    .bss                mpu6050.o
    0x20000110        -       0x00000030   Zero   RW         3584    .bss                pid.o
    0x20000140        -       0x00000010   Zero   RW         3962    .bss                inv_mpu_dmp_motion_driver.o
    0x20000150        -       0x00000060   Zero   RW         4302    .bss                c_w.l(libspace.o)
    0x200001b0        -       0x00000200   Zero   RW          237    HEAP                startup_stm32f10x_md.o
    0x200003b0        -       0x00000400   Zero   RW          236    STACK               startup_stm32f10x_md.o


==============================================================================

Image component sizes


      Code (inc. data)   RO Data    RW Data    ZI Data      Debug   Object Name

       248         24          0          0          0       1471   adc.o
       146         22          0         12          0       1827   delay.o
       620         54          0          0          0       2621   encoder.o
       902         38          0          0          0       7066   i2c.o
      5788        202         80         44          0      24539   inv_mpu.o
      3402        160       3062          0         16      21281   inv_mpu_dmp_motion_driver.o
       244         20          0         28          0     260946   main.o
       172         22          0          0          0       1805   misc.o
       380         26          0          0          0       2457   motor.o
      1600        780          0         59         16       2209   mpu6050.o
       436         16          0          0         48       1639   pid.o
        64         26        236          0       1536        776   startup_stm32f10x_md.o
       486         24          0          0          0       7862   stm32f10x_adc.o
       302          0          0          0          0       3238   stm32f10x_gpio.o
        26          0          0          0          0       3346   stm32f10x_it.o
       364         50          0         20          0       5655   stm32f10x_rcc.o
      2040        244          0          0          0      15749   stm32f10x_tim.o
       442          6          0          0          0       5669   stm32f10x_usart.o
       328         28          0         20          0       1877   system_stm32f10x.o
       120         10          0          0          0       1031   timer.o
       622         62          0          1         66       4581   usart.o

    ----------------------------------------------------------------------
     18758       1814       3412        188       1684     377645   Object Totals
         0          0         32          0          0          0   (incl. Generated)
        26          0          2          4          2          0   (incl. Padding)

    ----------------------------------------------------------------------

      Code (inc. data)   RO Data    RW Data    ZI Data      Debug   Library Member Name

         8          0          0          0          0         68   __main.o
         0          0          0          0          0          0   __rtentry.o
        12          0          0          0          0          0   __rtentry2.o
         6          0          0          0          0          0   __rtentry4.o
        52          8          0          0          0          0   __scatter.o
        26          0          0          0          0          0   __scatter_copy.o
        28          0          0          0          0          0   __scatter_zi.o
        22          0          0          0          0        100   _rserrno.o
        16          0          0          0          0         68   aeabi_memset.o
        18          0          0          0          0         80   exit.o
         6          0          0          0          0        152   heapauxi.o
         0          0          0          0          0          0   indicate_semi.o
         2          0          0          0          0          0   libinit.o
         2          0          0          0          0          0   libinit2.o
         2          0          0          0          0          0   libshutdown.o
         2          0          0          0          0          0   libshutdown2.o
         8          4          0          0         96         68   libspace.o
        72          0          0          0          0         76   llsdiv.o
       238          0          0          0          0        100   lludivv7m.o
        88          0          0          0          0         76   memcmp.o
         8          4          0          0          0         68   rt_errno_addr_intlibspace.o
        68          0          0          0          0         68   rt_memclr.o
        78          0          0          0          0         80   rt_memclr_w.o
         2          0          0          0          0          0   rtexit.o
        10          0          0          0          0          0   rtexit2.o
        12          4          0          0          0         68   sys_exit.o
        74          0          0          0          0         80   sys_stackheap_outer.o
         2          0          0          0          0         68   use_no_semi.o
        98          4          0          0          0         92   d2f.o
       826         16          0          0          0        348   daddsub_clz.o
        16          4          0          0          0         68   dcheck1.o
        24          0          0          0          0         68   dcmpi.o
       688        140          0          0          0        208   ddiv.o
       120          4          0          0          0         92   deqf.o
       340         12          0          0          0        104   dmul.o
       156          4          0          0          0         92   dnaninf.o
        12          0          0          0          0         68   dretinf.o
       460         56          0          0          0        120   dsqrt_noumaal.o
        86          4          0          0          0         84   f2d.o
       450          8          0          0          0        236   faddsub_clz.o
        24          0          0          0          0         68   fcmpi.o
       388         76          0          0          0         96   fdiv.o
       104          4          0          0          0         84   feqf.o
        54          4          0          0          0         84   ffix.o
        62          4          0          0          0         84   ffixu.o
        86          0          0          0          0        136   fflt_clz.o
       104          4          0          0          0         84   fleqf.o
       258          4          0          0          0         84   fmul.o
       140          4          0          0          0         84   fnaninf.o
        10          0          0          0          0         68   fretinf.o
        98          0          0          0          0         68   frleqf.o
       100          0          0          0          0         68   retnan.o
        92          0          0          0          0         68   scalbn.o
        48          0          0          0          0         68   trapv.o
         0          0          0          0          0          0   usenofp.o
       624         52         80          0          0        168   asin.o
       544         70        152          0          0        124   atan.o
       412         38          0          0          0        144   atan2.o
        38          6          0          0          0        272   dunder.o
        40          0          0          0          0         68   fpclassify.o
       170          0          0          0          0         96   poly.o
         0          0          8          0          0          0   qnan.o
        76          0          0          0          0         84   sqrt.o

    ----------------------------------------------------------------------
      7630        538        240          0         96       4900   Library Totals
        20          0          0          0          0          0   (incl. Padding)

    ----------------------------------------------------------------------

      Code (inc. data)   RO Data    RW Data    ZI Data      Debug   Library Name

       862         20          0          0         96       1220   c_w.l
      4844        352          0          0          0       2724   fz_ws.l
      1904        166        240          0          0        956   m_ws.l

    ----------------------------------------------------------------------
      7630        538        240          0         96       4900   Library Totals

    ----------------------------------------------------------------------

==============================================================================


      Code (inc. data)   RO Data    RW Data    ZI Data      Debug   

     26388       2352       3652        188       1780     371673   Grand Totals
     26388       2352       3652        188       1780     371673   ELF Image Totals
     26388       2352       3652        188          0          0   ROM Totals

==============================================================================

    Total RO  Size (Code + RO Data)                30040 (  29.34kB)
    Total RW  Size (RW Data + ZI Data)              1968 (   1.92kB)
    Total ROM Size (Code + RO Data + RW Data)      30228 (  29.52kB)

==============================================================================

